============================= test session starts =============================
platform win32 -- Python 3.14.2, pytest-9.0.2, pluggy-1.6.0 -- C:\Users\ma235\AppData\Local\Python\pythoncore-3.14-64\python.exe
cachedir: .pytest_cache
rootdir: C:\Users\ma235\OneDrive\デスクトップ\OnepaperSlide
configfile: pytest.ini
plugins: anyio-4.12.0
collecting ... collected 1 item

tests/test_integration.py::TestIntegration::test_full_pipeline_success FAILED [100%]

================================== FAILURES ===================================
_________________ TestIntegration.test_full_pipeline_success __________________
tests\test_integration.py:41: in test_full_pipeline_success
    assert isinstance(pptx_stream, BytesIO)
E   assert False
E    +  where False = isinstance(b'PK\x03\x04\x14\x00\x00\x00\x08\x00\x89+-\\\xc6\xaf\xc4g\xb9\x01\x00\x00\xba\x0c\x00\x00\x13\x00\x00\x00[Content_Types].xml\xcd\x97\xcbn\xdb0\x10E\xf7\xfd\nA\x1b-\x02\x8bN\x9a&ia9\x8b\xb6Y\xf5\x11 \xc9\x070\xe4XfB\x0e\t\xce\xd8\x95\xff\xbe\x90\xfc\x80\x91\x97\x9c&F\xb9\x11@p\xe6\x9e\xa3\x91 P\xa3\xf3\xc6\xd9l\x0e\x91\x8c\xc7\xaa8,\x87E\x06\xa8\xbc6XW\xc5\xcd\xf5\xc5\xe0\xac\xc8\x88%ji=BU,\x80\x8a\xf3\xf1\x87\xd1\xf5"\x00e\x8d\xb3HU>e\x0e_\x84 5\x05\'\xa9\xf4\x01\xb0qv\xe2\xa3\x93L\xa5\x8f\xb5\x08R\xdd\xcb\x1a\xc4\xd1px"\x94G\x06\xe4\x01\xb7\x19\xf9x\xf4\r&rf9\xfb\xde0`\'\x92\xdf\x1a\xcc\xb3\xaf\xcb\xba\x16U\xe52\x04k\x94d\xe3Q\xccQ?\x80\x0c\xfcdb\x14h\xaff\x0e\x90\xcb\x10\x81\x00\xb9+w\xb6\x0c\xd1 C\xbc\x02f\x835\xe5\xe2I\xe8]\x80\xfa\x01\xd5\xb8\xd6\xba\xdbx\xba\'\x82\xa5\xd7\x99\xaeFQF\xb0]\rMM\xa0\x83\xc6\xd9g\x08\xed\xce\xf3\x80U\xdf\xef9\xc4h4d\x972\xf2/\xe9\xa0\xca\x85\xf6\xea2\xfa@B\x86P\xbe\x9c\xd2?Ph\x854\xe8A\x88>@d\x03\x1b\xe7\x17\xd9\xcaGx=|=\xa3\xb6{Gb\x08,\xda\xa7\xdea\xdf|\xbb\x8f\xde\x9fU\xf0.\x06\xeb\xbe}Hl\xb2\x9d4\xd8\'C\xd6h\xf8!\x17~\xc6\xb4\xbd8|o\xb3\xad\xec\x7fv\x1a\xa6(\x95\xe2\xa4\x8e\x12t\xfa\x98\xa0\xd3q\x82N\x9f\x12t:I\xd0\xe94A\xa7\xb3\x04\x9d>\xffo\xa7\x9f\x92\x18"m/\xf6\xf3\xcd\\f\xef\xe4\xb4\xb2\xd9\x8fG\x9f\x01\xcb[\x0bW\xbc\xb0\xf0\xee\x87\x90\xad\xe8\x83>\x8b)8X^\xdf>\x86.\xa6\x8f87\xf0g/G\xafM\xf0\xda@t\xbf\x1e\xe3\xbfPK\x03\x04\x14\x00\x00\x00\x08\x00\x89+-\\\xf1\r7\xec\x00\x01\x00\x00\xe1\x02\x00\x00\x0b\x00\x00\x00_rels/.rels\xad\xd2\xc1J\x031\x10\x06\xe0\xbbO\x11r\xd9S7m\x15\x11\xe9n/"\xf4&R\x1f`L\xa6\xbb\xa9IfH\xa6\xb2}{Q\x90Z\xd9\x96\x1ez\xce\xcf\x9fo2Y,\x87\x18\xd4\'\xe6\xe2)5\xd5\xac\x9eV\n\x93%\xe7S\xd7To\xeb\xe7\xc9C\xa5\x8a@r\x10(aS\xed\xb1T\xcb\xf6f\xf1\x8a\x01\xc4S*\xbd\xe7\xa2\x86\x18Rit/\xc2\x8f\xc6\x14\xdbc\x84R\x13c\x1ab\xd8P\x8e \xa5\xa6\xdc\x19\x06\xfb\x01\x1d\x9a\xf9tzo\xf2\xdf\x0e\xdd\x1eu\xaa\x95kt^\xb9\x99V\xeb=\xe3%\xdd\xb4\xd9x\x8bOdw\x11\x93\x8c\\\xf1/\xa1\xd5\x1ar\x87\xd2hf1\x9c\xb1`\x92\x9ft=\xc4\xa0\xcd8h~9\xe8\xf4\xb0&\xa2\x80\x03\x01#\xfd.\xbe\'\xf0\xe1\xa0qd_2q9\x9c\xd5[\xc6\xee\x14\xe8\xf6\xba K\x19\'\x9c\x891\x8b\xc72\xc2\xfaN\x9c{\xa1\xbbk\xae\x0c\x07\xc1\xe4\xd0\x9d\'\x01\xf3\xaf\xc8\x1c\xfd\xcc\xf6\x0bPK\x03\x04\x14\x00\x00\x00\x08\x00\x89+-\\\x8b\x14\xfc\xe3{\x01\x00\x00\xdb\x02\x00\x00\x11\x00\x00\x00docProps/core.xml\x8d\x92KO\xeb0\x10\x85\xf7\xf7WD\xddd\x958n\x81\x0bQj$@\xac@B\xa2W\x17\xb13\xf6\x90\x1a\xe2\x87<\xd3&\xf9\xf7(i\x1b\x9e\x0bv\x1e\x9d3\x9f\x8e\x8f]\x9dw\xb6I\xb6\x10\xd1x\xb7Ly^\xa4\t8\xe5\xb5q\xf52\xfd\xb7\xba\xceN\xd3\x04I:-\x1b\xef`\x99\xf6\x80\xe9\xb9\xf8S\xa9P*\x1f\xe1.\xfa\x00\x91\x0c`\xd2\xd9\xc6a\xa9\xc2r\xb6&\n%c\xa8\xd6`%\xe6>\x80\xebl\xf3\xec\xa3\x95\x84\xb9\x8f5\x0bR\xbd\xca\x1a\xd8\xbc(N\x98\x05\x92Z\x92d\x030\x0b\x13q\xb6Gj5!\xc3&6#@+\x06\rXp\x84\x8c\xe7\x9c\xbd{\t\xa2\xc5\x1f\x17F\xe5\x83\xd3\x1a\xea\x03\xfch=\x88\x93\xbbC3\x19\xdb\xb6\xcd\xdb\xc5h\x9d\x17\x05g\x0f\xb77\xf7\xe3U3\xe3\x86\xaa\x14\xccD\xa5UI\x86\x1a`\xe3\x117O/\xa0h7\xa8\x08\x92|db(\xf1\x15\xfa\xd6G\x8d;I\x03\xaah\x02\x19\xefD\r\x0e\xa2$\xd0\xc9\x06\x8d\xab\x93\xd0\xd3\xda\xbb,\x04\xea*\xf6\xc5;\x90\x1a\x89t\xeb\xb5y6\xa0/zqO\xb0\x85\xe4R:\xd7W\xec\xbb<lD\xd8\x9a\xe1\xdd\x05\x1f\x1d\xd3X\xed[\xdc%\x05\x9dth\xca]W\x07\xe5\xff\xe2\xf2ju=\x13\xf3\x82/\xb2\x82g\xf3\xbf\xab\xe2\xac\xe4G%?y\x1c\xd2}\xda\x7f\x07\xda}\x80\xdf\x13\x8f\xcb\xe3\xd3\x0f\xc4\x03`\xcc\xaf$A\xedc\xcf\xc4\x98\xff\xf3\x7f\x14oPK\x03\x04\x14\x00\x00\x00\x08\x00\x89+-\\\x9e\xd0\x8ey\xf2\x01\x00\x00m\x04\x00\x00\x10\x00\x00\x00docProps/app.xml\x9dTM\x8f\xd30\x10\xbd#\xf1\x1f,\x9f\xe0\xd0:\x85\n\xa1\xca\xf1\nZ\xadz\xa04R\xb3\xcbyH\xa6\x8d\xb5\x8e\xc7\xb2M\xb7\xe5\xd7\xa3\xc4\xdb\xb4\x85\n\tn\xef\xcd<\xcd\xa7\xc7\xf2\xee\xd0\x1a\xb6G\x1f4\xd9\x9cO\xc6\x19gh+\xaa\xb5\xdd\xe5\xfc\xa1\xbc\x1f}\xe4,D\xb05\x18\xb2\x98\xf3#\x06~\xa7^\xbf\x92\x85\'\x87>j\x0c\xec\xd0\x1a\x1br\xde\xc4\xe8fB\x84\xaa\xc1\x16\xc2\x98\x1c\xdaCk\xb6\xe4[\x88aL~\'h\xbb\xd5\x15.\xa8\xfa\xd1\xa2\x8d\xe2]\x96}\x10x\x88hk\xacGn\x08\xc8S\xc4\xd9>\xfeo\xd0\x9a\xaa\xae\xbe\xf0X\x1e\x1d\x06\xaedI\x11L\xa9[T\x13)\xceD~#_\x07\x95I\x91\x80\xfc\xe4\x9c\xd1\x15DMV\xadt\xe5)\xd06\xb2\x15T\xdaF\n\r+\xe8\x19}A\xdaF).\xb5\xb2\xf0\x18\xd0\xc6\x9e\xdd\xf7\xd5\xa9\xb5\x1d\x85\xca#Z\xb6i\xe8\x99\xbd\x99\xce\xde\xbf\x95\xe2\x86P\x16\xe0a\xe7\xc15})\x17Ln\x8c\xae\xb1\xb7\xbe \xf9\x95b2$ \x97\xba\xae\xd1\x9euW\\\xaeVs\xa3]\xef8A\xb9\xa9\xc0\xe0\xdc\x93S[0\x01\xa58\x1b\xe4\x12\xa1[}\x01\xda\x07%\xf7q\xb6\xc7*\x92gA\xff\xc4\x9cO9\xfb\x0e\x01\xbb\xa1\xe6|\x0f^\x83\x8d<\xc9\x12\xe9\xb1q!zU6\xd8\xa2\x14\x03\xef\xe1\xa5\xec\x12\xebi\xb7\x97\x04\xfe*L\xb1\xfa\xeeX\xa9\xa3\xc1\xf0\x0f)\xb2\xdb)\xc4\xd0\xa6\x92\xe2z\x00)\xc5z[\x80\x8f7\xe61\xb9\x9cG_C\x9aF*g\xdd?Lv{\x10\xf8\x92\xef\xb7\x0c+\xb0\xb0\xc3\xce1\xa09\xb5\x0e\xecQI1\xa0/\xda>\x85\x07W\xd2\x02"\x9e\xb6xm\x94\x9b\x06<\xd6\x0b\xaa\x86-\x0f\x06\xb9<:\xf4F\xdb\xa7\xcf\x10\xb0k\xfa\x9a\x0f4\xcc\x1b\xb0;\xacO!\xfett\x07\xf3\x98~\x0f5\x99\x8e\xb3,\xcb\xfa\xc38\xd9\xba\xf7~:k\xf5\x0bPK\x03\x04\x14\x00\x00\x00\x08\x00\x89+-\\\x15\xf3B\xc7E\x02\x00\x00\xb6\x0c\x00\x00\x14\x00\x00\x00ppt/presentation.xml\xed\xd7\xcdn\xa30\x10\x00\xe0\xfb>\x85\xe5K\x0e\xab\x96\x9f\xf0W\x14\xa7\xd2vU\xa9RV\x8a\x9a\xf4\x01\\\x18\x08\xaa\x19#\xdb\xc9\x92<\xfd\xca\x84\x04\x9aj\xa5>\x007l\xcf\x0c\x93\xcf\xc8\x81\xc5c[\x0br\x00\xa5+\x89l\xe6\xdd\xbb3\x02\x98\xc9\xbc\xc2\x92\xcd\xde\xb6\xcfw\xc9\x8ch\xc31\xe7B"\xb0\xd9\x11\xf4\xecq\xf9c\xd1\xa4\x8d\x02\rh\xb8\xa9$\x92\xb6\x16\xa8S\xce\xe8\xce\x98&u\x1c\x9d\xed\xa0\xe6\xfa^6\x80m-\n\xa9jn\xf4\xbdT\xa5\x93+\xfe\xb7\xc2\xb2\x16\x8e\xef\xba\x91S\xf3\ni\x9f\xaf\xbe\x93/\x8b\xa2\xca\xe0\xb7\xcc\xf65\xa09\x17Q \xba>\xf4\xaej\xf4\xa5Z\xf3\x9dj\xe3_\xf1\xb9%\xcd\x0f\xb0\xd9\xbfk0\xcf\x12\x8df\xd4\xa3\x84\xef\x8d|\x92\xb5M\xd2\xeb*3{\x05\x9aQ\x97.\x17M\xaaE\xfe\x87k\x03\xea%_is3C\xaa\x9cQ\xdf\x0b\xe2 \x99GAB\x89J\xed\x8cz\xc9=\xea,\x17\xce\x7f\xd2?_\x9f\x8b\x84\xd1(;\x1e\xb2\xc7\xb1\x9b\x13\xc9ZF\xbd\xd0\xf3]\xd7u)\xc9\x8e\x8czn\xf4`\x87\x94\x98c\x03\x8c\xeaL\x01`\xd0\xcem\x8d&Ei@\xf7\x89Q\x12&\xd7\xbc\x07/\x08\xec\xa0\x8b\xca\xa1\xe0{a\xb6\xd0\x9a\x8d9\nX.\xb8\x9d[\xafU\x7f\xf5\xbaVDp,\x19\x05\xbc{\xdbt\xfd\x8dC\xc4Ax\xcdZ\x91\x9a\xab\x95\xa5#\\\x94\xc8\xa8\xa0$\x87b\xcb\xdf7\'F\x830\xf6\xed\xdd\x95\x11]\x08\xf0\x15\xfeR\x1f\xdd\x16\xd8\x8d\xc6~\xe8R\xb2\xe3XVX\xae\xf7\x98\x19\xbb>\xeaB\x9f\x18\xf5\x12[\xe7\x03\x142j-\xbau-E\x95?WBt\x03\xfbl\xc0\x93P\xe4\xc0\x05\xa3\xa6=o\xc8MTw\xd7\xce\xad\xe0\x190\xfa\xb3\xc6;al$O\x81\xdf,\x00?/d\xfaf!\xd3\x03\xc7\xab\xe5p\xae\x1e=\x8d?\xd0\\\x10&\x1f\x7f\xf0\x99\x0f>\xe7\xc7r\xf29\xa3\xf4>\xc1\xe0\xe3\xcdc/\x9a\x80.*=P8\x02J\xfc\xa4\xeb~\x02\n\x07\xa0h\x00\xf2\xfd$\xea\xfe\x05&\xa0h\x00\x8aG@q0\x9f\xce\xe8\xabJ\x0f\x94\x0c@Vg:\xa4\xaf*=\xd0\xc3\x08(\n\xe3\xe9\x90\xe6\x17\x95\xee]\xf6\xeb+\xa6\xf3\xf9kc\xf9\x0fPK\x03\x04\x14\x00\x00\x00\x08\x00\x89+-\\R\x9cP\xc9\x1d\x01\x00\x00q\x04\x00\x00\x1f\x00\x00\x00ppt/_rels/presentation.xml.rels\xad\xd4\xbdN\xc30\x10\x07\xf0\x9d\xa7\xb0\xbcd"N\n\x14\x84\x9atAH\x1d\x90\x10\r\x0f\xe0&\x97\xc4\xc2_\xf2\x1d%}{$\xa8\xda$*\x11CF\xff}:\xfft\xb2\xbdZwF\xb3=\x04T\xcefQ\x1a\'\x11\x03[\xbaJ\xd9&\x8b\xde\x8b\xe7\xeb\x87\x88!I[I\xed,d\xd1\x010Z\xe7W\xab7\xd0\x92\x94\xb3\xd8*\x8f\xac3\xdab\xc6["\xff(\x04\x96-\x18\x89\xb1\xf3`;\xa3k\x17\x8c$\x8c]h\x84\x97\xe5\x87l@,\x92d)B\xbf\x07\xcf\x07=\xd9\xa6\xcax\xd8T)g\xc5\xc1\xc3\x7fz\xbb\xbaV%<\xb9\xf2\xd3\x80\xa5\x0bG\x08\xd4\xaa\x82\x17\x89\x04\x81\xb3B\x86\x06(\xe3\xbdpP\x91\xc6\x9d\xd1\\\\f-\xe6d\xf9\xa0,A\xd8\x02\x91\xb2\r\x9ei\xa3\x8dqa\x1a\xef\x94\xfdKx3\xaf\x10\xf058?\xb0\x1d\xa3\xa91\xdd\xce\x89\xd8+\xf8\x1a!N\xd1\x14\xe2nN\x04\xb5`\xe0\x0c\xf8Y\xfe\x86\x93\xf7e9\xabA\xee4l\xe9\xa0\xa17\x8a^8\x05\xb9\x9f\xfd=\x8d^\xd21=MC\x0c~\x8a\xfc\x1bPK\x03\x04\x14\x00\x00\x00\x08\x00\x89+-\\\\\x9cG\x14F\x01\x00\x00\x89\x02\x00\x00\x11\x00\x00\x00ppt/presProps.xml\xb5\xd2Ok\x830\x18\x06\xf0\xfb`\xdfAr\x8fI\xd4\xda*j\xd1\xea`\xb0\xc3\x0e\xdb\x07\x08\x1am\xc0\xfc!I[\xc7\xd8w\x1f\xb3v\xac\xdb\xa5\x97\x9d\x92\xcb\xf3\xf0{_\xdel;\x89\xd1;2c\xb9\x929 >\x06\x1e\x93\xad\xea\xb8\x1cr\xf0\xfa\xf2\x007\xc0\xb3\x8e\xca\x8e\x8eJ\xb2\x1c\xbc1\x0b\xb6\xc5\xfd]\xa6Sm\x98e\xd2Q\xc7\x95|6\xde$FiS\x9a\x83\xbds:E\xc8\xb6{&\xa8\xf5\x95fr\x12c\xaf\x8c\xa0\xce\xfa\xca\x0c\xa83\xf4\xc4\xe5 F\x14`\x1c#A\xb9\x04K\xde\xdc\x92W}\xcf[V\xab\xf6 \x98t\xe7\x12\xc3\xc6Yb\xf7\\\xdbK\x9b\xbe\xa5\xed\xe7\x1cW\xa4"\xd3)\x9b\xdc\x93u\xcb\xcf;\x18\x9e\x83\xf7f\x1d\xef\x9a$*a\x8c\xc3\x1d\x8cH\x14\xc0*i*\x18\xd7$\\cLp\x19\xac?\xbe\xd2$J;n[j\xbaGA\x07\xd6t\xdc\xd5\xd4\xd1\x0b\x8eD\x7fx\x82\xb7FY\xd5;\xbfUb\x99\x13iubF+>\x8fJ\xf0\xb2\xaf#\x1ds\x80\x01*24\xe3\xae\x8duHJ\x1c\x07%\\\'\x9b\x12Fa\x90\xc0\xb2\xaakXU\xe5f\x15\xc7\x01^\x11\xfcmd==\x8cn6\xd6\x9a\xff\x17\xef\xfc\xce\xdbD\xbf\xaf\xa7\xf8\x04PK\x03\x04\x14\x00\x00\x00\x08\x00\x89+-\\g3&\x8d\xa3\x01\x00\x00\x82\x03\x00\x00\x11\x00\x00\x00ppt/viewProps.xml\x8dSMo\xdb0\x0c\xbd\x0f\xd8\x7f\x10xo\xfc\x81\xd6\xcb\x8c(\xbd\x14\xdd\xa5\xc0\n$\xdb]\x95\x18[\x83,\t\xa2\x928\xfd\xf5\x83e;m\xda\x1cz\xd3{$\x1f\x1fIhu\xdfw\x86\x1d0\x90v\x96C\xb1\xc8\x81\xa1\x95Ni\xdbp\xf8\xb3}\xbcY\x02\xa3(\xac\x12\xc6Y\xe4pB\x82\xfb\xf5\xf7o+_\x1f4\x1e\x9f\x03\xeb;c\xa9\x16\x1c\xda\x18}\x9de$[\xec\x04-\x9cG\xdbwf\xe7B\'"-\\h2\x15\xc4Q\xdb\xa63Y\x99\xe7U\xd6\tma\xaa\x0f_\xa9w\xbb\x9d\x96\xf8\xe0\xe4\xbeC\x1bG\x91\x80FD\xed,\xb5\xda\xd3\xac\xe6\xbf\xa2\xe6\x03\x12\xda\x98\xaa/-\x19A\xf1\xaf\xc6#\x072j\xdb\xee\xbb\x17+\xb4\x19\x18X\xaf|m\x07\x91\x04\x9f\xc3\x80\x03Rt\x01\xd5\x13\xee"\xa3W\x0e\xc5]U\xe6\x90\xbd\x8fm\x9dO\xa1\x9f\xb7U\x95B\xd9g\x1d2Z\xe1\x1b\x94\x1b\xa3F\xc4\xc8\n\xbfu\xbf\x82V\x1cr\x98\xe0\xef\x97\x7f(#q(\x92+9\xe5\x1eD\xd8Hap\xe6i\x00\xeb\x95\xa8\xa9g\xc3\x89\xcb[`\x8aC\x91\'\x1b\xa2\xa6\xd3\x15:;\xd7\xf9\xda\x05\xddh\xcbz\x0e7\xc5]Q\x02;\r\xaf\xa2\x9c\xf2\xa6\xbeCf\xb3\xd7\n\x9f(\x9e\xdf\xcc\x05\x8d6rh]x\x05\xe6\x1dq(\x8bq\x01s\x8aO\xe4r9\xf7}\x13\x19\xc4\xcf;\x18=]n\xc8\xba\x88\xb4\xc5>\x1dkZ\xda\xbbu~\x18<\xcf\xaf\x0e~I_\x1f<OC\xcf\t\xe7\x1e\xe9\x86\x9f,4A\xab\x8d\x17R\xdb\x86\xc9\x9e\xc3\x8f\xaa\x1cz\xc8\xd3\xfc\x1cU\xc6\xef\xb3\xfe\x0fPK\x03\x04\x14\x00\x00\x00\x08\x00\x89+-\\\x93\nmu!\x06\x00\x00\xe7\x1d\x00\x00\x14\x00\x00\x00ppt/theme/theme1.xml\xedYMo\xdb6\x18\xbe\x0f\xd8\x7f xo\xe5\xcf4\t\xaa\x14\xb1\x13\xaf[\x936H\xdc\x0e=\xbe\x96h\x89\rE\n$\x9d\xc4\xb7\xa1=\x0e\x180\xac\x1bv\x19\xb0\xdb\x0e\xc3\xb6\x02-\xb0K\xf7k\xb2u\xd8:\xa0\x7fa %\xcb\x92M\'i\x92n\x05Z\x1fl\x92z\xde\xaf\x87|_\x92\xf2\xf5\x1bG\tC\x07D**\xb8\x8f\xebWk\x18\x11\x1e\x88\x90\xf2\xc8\xc7w\xfb\xbd+\xcb\x18)\r<\x04&8\xf1\xf1\x98(|c\xed\xc3\x0f\xae\xc3\xaa\x8eIB\xd0Q\xc2\xb8Z\x05\x1f\xc7Z\xa7\xab\x9e\xa7\x82\x98$\xa0\xae\x8a\x94\xf0\xa3\x84\r\x85L@\xab\xabBF^(\xe1\x90\xf2(a^\xa3V[\xf2\x12\xa0\x1c#\x0e\t\xf1\xf1\x9d\xe1\x90\x06\x04\xf5\x8dJ\xbc6Q\xbe\xc9HB\xb8Vf `r\xcf\xa8&\x15\t\x8b\r\xf7\xeb\xe6G\x8dU\x97It\x00\xcc\xc7\x87\x94\x87\xe2\xb0O\x8e4F\x0c\x94\xee2\xe9\xe3\x9a\xfd`o\xed\xbaW\x081\xbd@\xb6$\xd7\xb3\x9f\\.\x17\x08\xf7\x1bVNF\x83B\xb0\xdek\xad\\\xdb(\xf4[\x00\xd3\xf3\xb8\xcd\xcd\xcd\xeef\xbd\xd0g\x01\x10\x04\x84\xe7\xbe\x94\xb1\xad\xder\xbd3\xd1Y\x02e\xcdy\xdd\xddZ\xbb\xd6\xaa\xe2K\xfa\x9bs\xf8\x95N\xa7\xd3^\xa9\xe0-(k\xb6\xe6\xf0\xcb\xb5\xa5\xd6z\xa3\x82\xb7\xa0\xac\xd9\x9e\xf7\xbf\xb3\xde\xed.U\xf0\x16\x945\x97\xe6\xf0\xbdk+K\xad*\xde\x82bF\xf9\xfe\x1c\xda\xccg13\x05d(\xd8M\'|\xb9V\xab-O\x16\xc0\x14\xe5\x95VW&\xcf\xf5\xa2\xb5\x96\xc0\x03!{\x82k;\xb9\xa0)Gz\x9c\x92!\x04\xc4\xc7]`t \xa91\x00\xab\x04JO\xb2\xa1@\xcd\r\x19[H\x05\x92\xa6\xda\xc7\x9f\xa4\xc0q\t\xf2\xea\xf9O\xaf\x9e?E\xaf\x9e?9~\xf8\xec\xf8\xe1\xaf\xc7\x8f\x1e\x1d?\xfc\xc5!x\x13xT\x16|\xf9\xc3\x97\xff|\xf7\x19\xfa\xfb\xe9\xf7/\x1f\x7f\xed\xc6\xab2\xfe\x8f\x9f?\xff\xfd\xb7\xaf\xdc@]\x06\xbe\xf8\xe6\xc9\x9f\xcf\x9e\xbc\xf8\xf6\x8b\xbf~|\xec\x80\xafK\x18\x94\xe1}\x9a\x10\x85n\x93C\xb4+\x12\xe0.\x03d _O\xa2\x1f\x03-K\xac\xf3H\x01\x07#\xe3@o\xea\xb8\x82\xbe=\x06\x06\x0e\\\x87T\x19\xbc\')\x0f]\xc0\x8fF\x0f*\x0e\xef\xc5r\xa4\xa9\x03x+N*\xc0m!XGHgL\xb7\x8c\xad2\x0b#\x1e\xb9\x8d\xcbQ\x19\xb7\x0bp\xe0\xb2\xdd\x9d\x99\xdf\xcdQ\x1a\x93\x84\xbaTvcRqs\x87\x01\xd7\x10\x11N42\xcf\xc4>!\x0e\xb1\xfb\x94Vx\xdd\xa6\x81\x14J\x0c5\xbaOQ\x07\xa8\x93\x92>\x1dh\xb7\xd0M\x9a\x00\x83\xb1\xcb\xc1~\x0c\x15n\xb6\xef\xa1\x8e`.\xf5\x1b\xe4\xa0\x8a\x04\x1e\x01s\xa9$\xacB\xe3G0\xd2\x908=\x86\x84\x95\x91[\xa0c\x97\x93{c\x19T\x08WZ\x02\x8f\x08\x13h3$J\xb9d\xee\xc8q\xc5\xdd[\xc0\xa8{\xda\xb7\xd98\xa9"\xa5\xa6\xfb.\xe4\x16\x08QFn\x88\xfdn\x0cI\xea\xf4\x99\xf2\xb8\x8c\xfdX\xed\x0b\xc1\x00\xed\x08\xedtBT3\xc4\xf4\x05\xa3\xc0\x17N\xf7=J\xf4\xeb\xe5\xf6]\x1a\xc5\xee\x05b\x9e\x8c\xa4+%\x88\xa8\xe6\xe3\x98\r\x81X\xe5\xdeL\xb9N(\x7f_\xbb\xcf\\\xbb\xd7%u&\xcfl\xc5^\x84\x9b\xad\xd3]!C\xfa\xf6\x97\xe9\r\x18\xf1\x1d\xc2\xe3\xf7U\xfa}\x95~\'\xab\xf4\xa2|\xbe\xfc\xda<-\xc7^\xf9\xd0m\xd5$\x0bO\xe0C\xca\xd8\x9e\x1e3\xb2\xa5l!W\x82\xd1\xb0G\x19\xb3\x1d+T\x1c\xf8\xd3\xb8\xcb\xacc\xde\x0c.\x92`\xdbH\n\xfd)\xd5\xf1^\x0c)\xf1q\xddZ\x88T\xae:R(\x15\xca\xc75\xbcP\xb7\xbd\xabR\xae\xb3\xb1\xf6\xe4\x82\t\xab\n\xf4\xb6\x08\xb3\xe1f\xf9\xe2Y\xa8\xb1\xbdH\x95\r5\x8d\x82\xb3\x1ak^\xbb\x98\xb1z\x06<\xa3\xb5z\xdbm\xad}\xa25\xaf\xc4&\xa3\x1c\x81y\xadP_jd\xa6\x91\n\x80\x91\xd0\xf0\x9e)\x98L\xcb\x1b\x9c\xa2<\xea,\x90\x18B\xe2\x18.\xc5Wo\xbe\x116\xdb\xaf\xe5\xc4\xe5\x90\\\x9b#\xd9\x9b\xcf&\xc6\xab=t\xe8\xe3\x95v\xa3\x8dQ\x00\xa9\x8f\x87\x0c4FA\x92\x86>V\xa6\xd2\x00\x8b\xb8\x8f\x03\x9d\x05xz.\xceD\xbc\xe2^U\xf5Z{Q\xc0\x15\x13\xa9Tz\x03T\x9cI\xd9G\x93\xd7*|\xea\x7f\xa3\xdd2<\\N\x00\xdey\xbdh.\xd7\xffG/\xbc\xd9\xa9%\xc3!\t\xf4\x82\x91i7\x7f&F\x9a\xc8\xbd8<D\x036\x92\xbb\x10\xfa\xb8\x95\xad\xae\x90*\xed\xe3\xc6\xa4#}l\xd8\xb6\xbdj\xe2\xe6\xb91\xfb\xfa&\xcf\x19`i\x0c\xf9j7\xafi&\x11fp\xdb.|\xb0\xbd\x92{\xde\x02\xdf\xcf\x19J\xf3\x12Ci\xbf\xbb\xa1\x98\x95K8i\x86\xf6\xf6\x04\t\x91\x80\xcc\x1a\xf5\xb1\x90:\x16\x91\x844\xa6AO\n\xae\xad-)4b\xa0\x8dK\x88\x99\x97\xd1\xc6Wr0\xad[\x99\x8e\xac\xc8E\xb1\xde\xa5\x11\x924\xf2\xb1\x8e%!;:\x8f\xf3\x14e\xf5\xbc*\xe6\x99\x91+\xca\xebL\xe1\xaeJ\xb3\xdf\x019 \xaco\xb2w\xc9\xc4\x8fQ<\xa9&9\x11\x167;i\xd5~N\xc6 \xea\xbd\xc5\x07\x97\xd6\xb96\x9e\xa9\xa1L\xfe\xac\xc6JE\xbf\xb4\x15\xac\\\xcc\x85\xb3l\xc0%sY\xc5\x9a3\xd7h\xb7\xcf\xba\xd5\xa6\xa0cd\xbe|\x1cP\x19\xb0\xe9\xf1\xb4/vI\xa0Q\xb1\xcf#\xed\xe3+\xa6\xaa\x99UX\x0c\x0e|\\\xcf\x063kF\xd5\x7fu\n*\xec\xbe\xc1\xb3c\x89\xec\xe6\x02\xb2O6w~\xb2\xdb\x0e\xae\xdb\'S\xed\xcd\xa7\xa8W\xba\x87\xd8\xde\xdc\x9fRb\xf0\x80\x04z\x83\x0ca\xc4\xb2\x11\x95n\x90a\xd6\xd8\x916\xe0\x81\x08\xc7y\x93\xa9\xac$dDLJ:\xe3\xbbd\x88hx4\x99\xd6\x19F\xf3\x7f}\x8a\xcd|73`b/\x04\x9b\xa7\x0b\xe6\xf8\xe9&R\x087N\x17.$&w\xbcB\xd8\xde\xe2\\\n\xd8\xd4r\x86\xcff\xb9(\x91\x05S\x8c_\x84\xb2\xc6y)\xab]\x84\xb23L\xd49(\xd3G\'S\x963ev\xdd\xb9\x85G\x8e\xb4\x84\xee\xe4o\xac-\xa53Ev\xc9\xae\xfd\x0bPK\x03\x04\x14\x00\x00\x00\x08\x00\x89+-\\\xd8\xfd\x8d\x8f\xa5\x00\x00\x00\xb6\x00\x00\x00\x13\x00\x00\x00ppt/tableStyles.xml\x05\xc1\xdd\x0e\x82 \x18\x00\xd0\xfb\xb6\xde\x81}\xf7\x08)\x96\xb9\xb0\x99\xdaUw\xd5\x03\x90\xe2\xcf\x06\x1fMX\xd9Z\xef\xde9\x87\xe3b\ry\xe9\xd9O\x0e%l"\x0eDc\xeb\xba\t\x07\t\xf7\xdb\x99f@|P\xd8)\xe3PK\xf8h\x0f\xc7b\xbd:\xa8<<\xcc5|\x8c\xbe\xf8@\x16k\xd0\xe7J\xc2\x18\xc23g\xcc\xb7\xa3\xb6\xcaG\xee\xa9q\xb1\xa6w\xb3U\xc1Gn\x1eX7\xab\xf7\x84\x835,\xe6|\xcb\xac\x9a\x10H\xa7{\t\xdf\xb4\x8a\xe3T\x88\x92\xee\x9afKE"bz\xe2"\xa3Yz\xaa\xab\xfd\xb9\xdeTI\xf9\x03V\xfc\x01PK\x03\x04\x14\x00\x00\x00\x08\x00\x89+-\\\xa6-\xa25\xeb\x06\x00\x00\xd2.\x00\x00!\x00\x00\x00ppt/slideMasters/slideMaster1.xml\xedZ]\x8e\xe36\x12~\xdfS\x10\xdc\x87~\x08<\x92(\xea\xcfhu\xd0v\x8f\'\x03t&F\xbas\x00Z\xa2l\xa5)RK\xd1\x8e{\x82\x00s\x87\xdc`o\xb1\xbbo{\x949\xc9\x82\x94d\xc9n\xf7\x1f\xe2\t\xc6Y\xbf\xd8T\xf1S\x91\xac\xaf\xaaH\x96}\xfe\xed\xba``Ee\x95\x0b\x1e\x9f9o\xec3@y"\xd2\x9c\xcf\xe3\xb3\x9fn\'\x83\xf0\x0cT\x8a\xf0\x940\xc1i|vO\xab\xb3o/\xfev^\x0e+\x96~O*E%X\x17\x8cWC\x12\xc3\x85R\xe5\xd0\xb2\xaadA\x0bR\xbd\x11%\xe5\xeb\x82eB\x16DUo\x84\x9c[\xa9$\xbf\xe4|^0\x0b\xd9\xb6o\x15$\xe7\xb0y_\xbe\xe4}\x91eyB\xafD\xb2,(W\xb5\x12I\x19Q\xb9\xe0\xd5"/\xabV[\xf9\x12m\xa5\xa4\x15\xe5\xca\xbc\xbd5\xa5\x8b\xf3r\x98\xdc\xb0T\x7f\xcf\xe6\xf5\xe7\x8f4\x03y\xba\x8e\xa1c\xdb\x0e\xbc8\'C\xa3\x99\x8e\x99\x04+\xc2b8\x9b;\xd0\xba8\xb7\x1ap\xd3\xd2/W\xe5\xad\xa4T\xb7\xf8\xea\x9d,o\xca\xa94#|XM%\xc8\xd3\x18:\x10pR\xd0\x18j\x05\xa6\xa3\x81\x99G\xbe2\rk\xe7\xf5y\xdb$\xc3u&\x0b\xfd-\xb2\x0c\xacchCp\xaf?--\xa3k\x05\x92Z\x98t\xd2d\xf1\xc3\x1el\xb2x\xbb\x07m\xb5\x03X\xbdA\xf5\xaa\xea\xc9=\\\x0ej\x97s\x9b+F\xc1\x94\x91\x84.\x04K\xa9\x04\xc6D\x06\xdb\xce\xbd*\xafErW\x01.\xde\xc9R\x9b\xa2^\xea\x06Q\xaf_\x7f\x97\x0b\xa0\xeeK\x1aC\xa5\xd56\xb8\xba\xd34\xba\x89\xed\xb5\n\xf6\x02d\xd7\xcbE\x01\xf6\xddp\xdb>!B\x91o7\xebv\x1c\xec\xda\xf6\xf6\xea\xc9\xb0\x94\x95zGE\x01t#\x86\x92&\xca8\x02Y]W\xaa\x86\xb6\x103\xa5z"\xe5P\xadG"\xbd\xd7\xc8\x99H\xef\xa7R\x07\x9c\x8a\xe1B\xc8\x8f\x10\xb0\xf7\xbc\x8aa\xe4`lC\xa0\xcc\x83\x99)\x04\xb2\xdf3\xdb\xeaQl,\x98a\x89\xf0d!d\x0c\x13%\xcd\\\xb8\x90\xc5\xe5R\x89,ofT\x0f\xa9\xbbX\xa5n\xd4=\xa3f\xd9\xa5\xfe0b9\x95\x80\x11>\x8f!\xe5\x83\x9fn \xa8\n5f\x94\xf0\x8d[\xa8\x8b1\xcb\x93;\xa0\x04\xa0i\xae@\x13\xf7\x86\x06Pi\x95z e\x863*)O\xa7D\x92\x1fw47&2\xb6imb\xcc\xf4\xb4;\xb9\x1bw\xd2\\\xf5\xbd\t\x1d\xc2\x9b\xb4\x81`\x13\xda\x7f\xc4\xa9\x1c\xdf\xb6u\xfbq\xaf\xc2\x1e\xf2"\xdf\xfd\xfa\xbd\xea\xd5\x8eTj\xa6W\xe6]\xeb\x00\x8e\xa5\xadg\xfc\xaa\xdar\xac\xdayv\x87t^9\xe4\rM\x04O\x01\xa3+\xca^\xa0\x1e\xbdR\xfd\xed"\x97/\xd7\xee\xbeR\xfbD,\xa5Z\xbcX=~\xad\xfa<\xdb\xab\xfd\xd0!\x8d\xdb\x90\xbe"j{\x83p\x0f\x11\xd2\xa9\x82\xa0\xfa\x18\xc3\x05aY\x13\xda\xe8\x8f\x84\xb6\xefz\xbe\xeb\xed\x846r\\w\x13\xda\xae\xef9\xc8;\xb2\xfd\xc2\xea\x07\xb3i\xaf\x98\xa3}\x87\xb09\x8f!3\x93Mi\xa6I\xd7\xe6t\xb4=\x0c%\x82\xe5\xe9$gl\xcf1H\xad\xeb\xd3\x91\xca\xb9\xaa%\x81\xd7m\xa5\x1bp\xfd\xd4\xe9\xb1\xda\x91L\xb3\x99H\xdd\xeeM\xd0xw\xc6R\xe3D\xbfz\xa3\xf1\xe5\x95\x1dz\x83\xb7\xe1\xa5?\x08C\xec\rFW\xf8\xed`<\xc2\xe3\xf1\xa5\xedE\x931\xfe\r\xb6>A\x14UyA\'\xf9|)\xe9\x0f\xcb\x9a\x8a\x97\x04\x85c\xa1\xc0r\xdc. 2}2<tHxmHL\x84\xd0I\xb0\x1f\x14\xf8\x10A\x91)YG\xc5?\x96D**\x9b\xc0p_\x1d\x18\xae\x83\xf0\xd3\x91\x11F\xde_:2\xda\xc3\xd6\xd7\x17\x1b\x87\xf5I\xbf\xf5\xc9\x1b\x96\xa7\x14|X\x16\xb3\x1d\xcf\xf4\x0e\xe1\x99\x15K?,\x8b}\xce\x89_\xed\x9c\xbe\xe7\xb9\xff\xdfi[~\xedi{\xecL&\xfe\xd5e4\xb0\xedp2\x08G8\x1cD\xe8\xd2\x1f\x8c|\x0f\xa1(\xc4A8\x9al\xd2v\xa5=\x8f/\x8b\x17g\xeb\xcf\x9f\xfe\xf5\xf7\xcf\x9f\xfe}\x80lm\xf5o\xeet\xad\xae+\xd5\xb4\xc0R\xe61\xfcu4\x8a|4\x0eG\x83\x91\x83\'\x03|\x15\x05\x83\xcb\x89\xef\r&\x9e\x8b\xf1x\x14^\x8e\xdd\xb7\xbf\xe9b\x82\x83\x87\x89\xa4\xa6\xce\xf0>m+\x14\x0e~P\xa3(\xf2D\x8aJd\xeaM"\x8a\xa6\xd8a\x95\xe2\x17*K\x91\x9bz\x87c7E\x13C\x11Bv\x14\x05\x81\xe7DM\x9c\xd0\xb5^s7[\xab\xabc$L~OJ0\x9b;1d\xca\x81@\xad\x9d\x18\xa6w\x0e\x04\xb39\xd22\xa4eH\xcb\x10\x04$I(WN\x0c\x9bF+A\xadd\x83q[\x89\xdbJp+\xc1\xad\xc4k%^+\xf1[\x89\x0f\xc1\x82\xe5\xfc.\x86\xe6\x0b\x82L\xb0\xefjA\xdb\xaasL\xc5\xd2kr/\x96\xea}\xda0\xd1\x93\xd4u\x07\x07\x078t}\x1cA \x87Z"\xdf\xa7M\xc5\xe11\xacg\xf7\xb0\xe8\x19\xac\xd3\xc3\xba\xcf`Q\x0f\x8b\x9f\xc1\xba=\xac\xf7\x0c\x16\xf7\xb0\xfe3X\xaf\x87\r\x9e\xc1\xfa=l\xf8\x0c6\xe8a\xa3g\xb0a\x9f\x0b\xfb\x19\xf0\x16q\xed\xd6\xf1\x90x\xb56\xa9\xa52m]\x85xb\x9f\x06)\xcdn\xc9\xec\xe6cw\xa2\x97\xaaN\xaa\x94\\\xf3\x91\xbc3\xf57]C\xe4\xcd\xa3\r\xc1\x82\xf0y\xce\xe7\xd3%O\x94\xee\xafw\xb6d\xa4\xebz\xa65M\x9a4\xb9I\x91\x9b\xde\xd9\xf2\x83\xe0\xf5\xe5\xb8\x97\x851\xd6C\xdfQ\xc9_\x91\x91\x1b\xd5}\x94\x99\xa8I\x8e\x19Ih\x0c\xbf)~\x1e0\xd5\xecqd\xa7\x83\x92\xa6\xb0W\xedt$U\xa3{o\xf6\xde\xb6ji\xf6\xb3\x07&.\x88\xbc\x8e\xa1\x8bQ\xa4\x17\x96\xf3\x94r\x15\xc3A+h\xef\x10_\xda\xfe\xc8\xeemS=\x0e&\x82\xab\xde\xa2/eNXm\x8c\xd9r\xbc \x12$\x0b"c\xf8\xf9\xd3?\xe1.U\xf5\x01\xe2KP\xc5\x1f\xa3\x8a?F\x15\x7f\x9a*\xd3D\x1d\x1d\x01F\x91\xd7\xa7\x03\x85^\xe0\x1d\x13\x1d\xbf?\xa0\x03\x85G@\x07\xea\xe8p;:\xda:r\x8f\x0f\x14\x9a\xd3\xe7\x11\x87\x07\xc2G\xc0\x87\xdb\xf1\x81{|45\xda#\xe6cO|\xd8G\xc0\x07\xee\xf8\xf0:>\x90\xed\x05\xf8\x98\xf9\xf8\xef\x7f\x8e\x93\x0e\xaf\xa3\xc3\xef\xd1\xe19\xd8\xff\xcb\xa5\xabc\xe0\xc3\xef\xf8\x08z|D\x81c6\xbf\x13\x1f\x7f2\x1fA\xc7G\xb8{\xd8=\xf1\xf1\xe7\xf3\x11v|D=>\xc2\xd0?\xf2\xed\xfcH\xf9\xd0$\xd4\xffp\xe9\xae\x86\xe5P\xa8\x05\x95\x9b\x8bbJ\xb3i\xcdZ\xb3\xba\x87u\xb7\x0e\xb2}\xab\xfc"\x0c\xf6K\xa2\xe1\xd1\xde\xf0Z#\x9c\xec\xb3\xff\xcae\n\xe9\'\xfb<~\x05r\x03}\x0b:\x19\xe8\xb1;\x89\x13\xa2\xd0\xcc\xfed\xa0Gn\tf\x8f=\x19\xe8\xf1c{\x80\xeb\x12\xe2\xc9@\x8f\x9c\xa3\x91m\x9f\x92\xf4S\x07[\xdf\x0bNI\x9al\x9d4\xfb\x87K\xf3cm\xfb\x1bP\xfd\x13Q\xfd\xdf\xc1\x8b\xff\x01PK\x03\x04\x14\x00\x00\x00\x08\x00\x89+-\\\x19\xcb\xf1\xf9\r\x01\x00\x00\xc6\x07\x00\x00,\x00\x00\x00ppt/slideMasters/_rels/slideMaster1.xml.rels\xc5\xd5\xbdj\xc30\x14\x05\xe0\xbdO!\xb4h\x8ad;\x89\xe3\x94\xc8YB!\xd0\xa9\xb8\x0f \xeck[T?FR\x8a\xfd\xf6\x85\x16J\x0cAt(h\xd1p\x11\xe7~\xd3=\xa7\xf3\xac\x15\xfa\x04\xe7\xa55\x9c\xe44#\x08Lk;i\x06N\xde\x9b\x97ME\x90\x0f\xc2tBY\x03\x9c,\xe0\xc9\xb9~:\xbd\x81\x12AZ\xe3G9y4ke<\xc7c\x08\xd33c\xbe\x1dA\x0bO\xed\x04f\xd6\xaa\xb7N\x8b\xe0\xa9u\x03\x9bD\xfb!\x06`E\x96\x95\xcc\xddg\xe0z\x95\x89\xae\x1d\xc7\xee\xda\xe5\x185\xcb\x04\x7f\xc9\xb6}/[\xb8\xd8\xf6\xa6\xc1\x84\x07+\x98W\xb2\x83W\xb1\xd8[\xc0\xa8\x11n\x80\xc01\xa5\xf7\xf3\xd5\xa7\x9c\xceZa\xf6XV\xa4\x94\x151\xd96\xa5l\x1b\x93\xedR\xcav1\xd9>\xa5l\x1f\x93\x95)eeLvH);\xc4dUJY\x15\x93\x1dS\xca\x8e1Y\x9e%=\xb5Y\xd4\x96\xb6\x06\xf2\xa8\xed_\x8b \x8c\xa0a\xa5\xfa\x9e\xfc\xbc\xbf\x0e\xb6\xaa\xdf\xfa\x0bPK\x03\x04\x14\x00\x00\x00\x08\x00\x89+-\\K\x89PW\xc0\x03\x00\x00\xad\x0c\x00\x00"\x00\x00\x00ppt/slideLayouts/slideLayout11.xml\xb5W\xcdn\xdb8\x10\xbe\xefS\x10\xda\x83O\x8a~,\xc9\xb2\x11\xa5\xb0\xe4\xa8X M\x8c\xb5\xbbwV\xa4l\xa2\x14\xc9%iW\xde\xa2@_k\xf7q\xfa$\x0bRV\x9c8\xde\xc0\xc1\xba\x17\x89\xa2f>\xce|\xdf\x8c5\xbe~\xd76\x14l\xb1T\x84\xb3l\x10\\\xf9\x03\x80Y\xc5\x11a\xabl\xf0qY\xba\xe9\x00(\r\x19\x82\x943\x9c\rvX\r\xde\xdd\xfcr-&\x8a\xa2;\xb8\xe3\x1b\r\xda\x8625\x81\x99\xb3\xd6ZL<OUk\xdc@u\xc5\x05fmCk.\x1b\xa8\xd5\x15\x97+\x0fI\xf8\x85\xb0UC\xbd\xd0\xf7\x13\xaf\x81\x849{\x7fy\x8e?\xafkR\xe1\x19\xaf6\rf\xba\x03\x91\x98BM8Sk"T\x8f&\xceA\x13\x12+\xcc\xb4\xf5~\x1e\x92\xde\t\x9c9[,\xf5\x92h\x8a\xa7\x0c-[\x07X{\xb9\xc5\x99\x1387\xd7bR-(\x02\x0c68s\xfe\xc0R\x93\nR`\xed\x01d\x08,q\xab\xad\x99\x12K\x89\xb1Y\xb1\xed{)\x16b.\xad\xf7\xfdv.\x01A\x06m\x8f\xe2x\xfb\x17{3\xfb\xc8\xb6v\xe1\x1d\xb9\xaf\xfa%\x9c\xb4\xb5l\xcc\x9d\xd75h3\xc7w\xc0\xce\\=\xb3\x87[\r\xaan\xb3:\xecV\xeb\x87\x13\xb6\xd5\xfa\xf6\x84\xb5\xd7\x1f\xe0=9\xd4d\xd5\x05\xf72\x9d\xd09MJ\xf0\x98^\x1f\xb8\x12w\xbc\xfa\xac\x00\xe3\xef\xa50<ty>Zt\xc9\x9b\xbbX\xef5\xd1\x06\xca\x01\\\x12\xcct\'\xd1\xde\xab3\xb5\x8bC\x8c\'\tJ\x92p\x1c\xf9]\xea\xe1(J\x86\xe9s\xaeB?\x1e\xd9\xf7\x86\x838\x8d\x838\x8c\x8f\x99\xe8\xa0\xc5D\xb79G;\xe3\xfd\x89\xa3\xdd\\\x9af\xd2\x99\x83\xa1I\xbe\x83\xa5J/\xf4\x8eb\xfb \xcc\xc5\x06%\xe7\x12P\xc8V\x99\x83\x99\xfbq\xe1\x00\xd5\xe8\x82b\xc8\x1e\xf5\xd07\x05%\xd5g\xa09\xc0\x88h\xf0\x01*\x8d%\xb0\x14\x00e MH\xda\x06f!1Cs(\xe1\xefG\xc8]\xe8\xc2\xc6\xdd\xc7kSx]\xc7\xe1K\x1d\rCs\n+\xbc\xe6\x14a\t\xc2KHj\x88;R\x14\x10\xd4\x1e\x9c\xcfW6\x8aG\xe1+\xc2&~0N\x7f\xa6\xb0\xc20\xbf\xa5\x8f\n\xfeO\xa1M\xdcVg\xf5L\xe8N\xcc\xe3#\x837\x1e\xb9\xc0\x15g\x08P\xbc\xc5\xf4\x0c\xf8\xf0\x8d\xf0\xcb5\x91\xe7\xa3\x0f\xdf\x88^\xf2\x8d\xd4\xeb\xb3\xe1\xa3\xb7\xc2\x93\xfa$\xfa\xa5[,\xea[l\x065~\xd6Y\xc3Kt\x16\xd2\x0eP\x7fe\xce\x1a\xd2\xba\xef)\xff\xf5\xa6\xf2N\xd5\xfe\x7fT{M\x91\xcd\xe2k\x9c\x17\xd3\x99\x9f\xc6\xeem:M\xdc4\x8db7\x9fE\xb7n\x91GE1\xf5\xe3qYD\xdf\xfa\xaf*\x82\x1ak\xd2\xe0\x92\xac6\x12?l\xccG\xf2<U\x02/\x1cy\xc1\xf0\xa0HM\xd1\xe55\x89{MJ\xceM\x17>U%\xba\x84*\xb5\x96\x9d,\x7fn\xa0\xd4X\xf6\xca\x04\x97S\xe6\xb2\x8c$=#\x0bJ\x10\x06\xf7\x9b\xe6\xd3\x11/\xf1%xQ\x14\xddo\x9a\x93\xd4\x84?\xa1h\x8b\xa0,\x93\xd9t\xec\xfa~Z\xbai\x1e\xa5\xee8\x9c&n\x9e\xc4a8N\xa3Q\x9a\x97\x8fE\xabL\xe6l\xd3\x9c]\xab?\xbe\xff\xfd\xeb\x8f\xef\xff\\\xa0V\xbd\xa7\x13$n\xf5\x9d\xd2\xfb\x15\xd8H\x929_\xf3|\x9c\x84E\x9a\xbby\x10\x95n4\x1b\x8f\xdci\x99\xc4n\x19\x0f\xa3\xa8\xc8\xd3i1\xbc\xfdf&\xd1 \x9aT\x12\xdbq\xf77\xd4\x0f\xcaA\xf4bTnH%\xb9\xe2\xb5\xbe\xaax\xb3\x9f\xb9=\xc1\xbf`)8\xb1cw\xe0\xef\x07\xe5-4?\xdeI\x10\x86\xe1p4\xeee\xc2\xad\xc9\xf9\x10\xad\x11~a\xf2\x17\x93\x8a\xca\x0fP<lm\x914\xf6;W\xd8-A\xd8j_#\x07\x13\x93{\xff?\xe3\xe6_PK\x03\x04\x14\x00\x00\x00\x08\x00\x89+-\\\x80e\xe1\x88\xbb\x00\x00\x006\x01\x00\x00-\x00\x00\x00ppt/slideLayouts/_rels/slideLayout11.xml.rels\x8d\xcf\xb1j\xc30\x14\x05\xd0\xbd_!\xb4h\xaadg(\xa5X\xceR\n\x19\xb2\x04\xf7\x03\x84\xf4l\x8bH\xef\t=%8\x7f\x9f5\x86\x0e]/\x97s\xb9\xc3q\xcbI\xdc\xa1r$\xb4\xaa\xd7\x9d\x12\x80\x9eB\xc4\xc5\xaa\xdf\xe9\xe7\xfdS\tn\x0e\x83K\x84`\xd5\x03X\x1d\xc7\xb7\xe1\x02\xc9\xb5H\xc8k,,\xb6\x9c\x90\xad\\[+_\xc6\xb0_!;\xd6T\x00\xb7\x9cf\xaa\xd95\xd6T\x17S\x9c\xbf\xba\x05\xcc\xa1\xeb>L}5\xe4\xb83\xc5)XYO\xa1\x97bz\x14\xf8\x8fM\xf3\x1c=|\x93\xbfe\xc0\xf6\xc7\x84\xe1\x14\x03\x9c\x1d7\xa8RL\xae.\xd0\xac\xd4\xfa5\xdf\x95z\xbd\xe5$\xcd8\x98\xdd\xdd\xf1\tPK\x03\x04\x14\x00\x00\x00\x08\x00\x89+-\\\x00\xfd\xec\r\'\x04\x00\x00\x05\x11\x00\x00!\x00\x00\x00ppt/slideLayouts/slideLayout1.xml\xcd\x98\xdd\x8e\x9b8\x14\xc7\xef\xf7),\xf6"W\x0c_\x06\x9c\xa8L\x15\xc8P\xad4\x9d\x89\x9a\xe9\x03x\xc0$\xa8\xc6fm\'M\xb6\xaa\xd4\xd7\xda}\x9c>\xc9\xca\x06Bf:\xaafW\xa9\x94\x9b`\x9b\xe3\xc3\xef\x9c\xff\xc1\xc6y\xf3v\xdfP\xb0#B\xd6\x9c%\x13\xef\xca\x9d\x00\xc2\n^\xd6l\x9dL>>\xe46\x9a\x00\xa90+1\xe5\x8c$\x93\x03\x91\x93\xb7\xd7\xbf\xbdig\x92\x96\xb7\xf8\xc0\xb7\n\xec\x1b\xca\xe4\x0c\'\xd6F\xa9v\xe68\xb2\xd8\x90\x06\xcb+\xde\x12\xb6oh\xc5E\x83\x95\xbc\xe2b\xed\x94\x02\x7f\xae\xd9\xba\xa1\x8e\xef\xba\x91\xd3\xe0\x9aY\xfd|\xf1\x9a\xf9\xbc\xaa\xea\x82,x\xb1m\x08S\x9d\x13A(V5grS\xb7r\xf0\xd6\xbe\xc6[+\x88$L\x99\xd9O\x91\xd4\xa1%\x89\xa5jE\x89\x05\x8c\x99\xd8\x91\xc4\xf2\xac\xeb7\xed\xacX\xd1\x120\xdc\x90\xc4z\xd0\x16`E\xeb\x92\x98[\xb2}\x10\x84\xe8\x16\xdb\xbd\x13\xed\xaa]\n3\xe3n\xb7\x14\xa0.\xb5\x87~\xa6\xe5\xf47z3\xd3e;\xd3p\x9eM_\x0fM<\xdbW\xa2\xd1W^U`\x9fX\xae\x05\x0e\xfa\xd7\xd1cd\xaf@\xd1\r\x16\xe3h\xb1\xb9\x7f\xc1\xb6\xd8\xdc\xbc`\xed\x0c\x0fpN\x1e\xaa\xa3\xea\xe0~\x0c\xc7\xb7\x9e$\xc2;F5\xf0\xca\xf6\x96\x17\x9f$`\xfc\x9dhu\xf8]xG\x8b.f}m7}\xd6\x0b%\x8c\xb7\xde\xb4\xbbo\x1a#\xcf\x8b\xc9\x88P\x88\xdc.J\xdf\x0b\\\xe8\x87O\xf3\x12\xc7\xb1\x0f\xdd>^\x0f\xc6\xae\xdbY\x9cF\xdd\xb9ngj\x9f\xf2\xf2\xa0g?\xf2\xf2`T\xc13*\xd5J\x1d(1\x9dV\xff\x18\x0c\xb1\x14\x80b\xb6N,\xc2\xec\x8f+\x0b\xc8Fe\x94`v\xcc\xb6\xba\xceh]|\x02\x8a\x03R\xd6\n\xbc\xc7R\x11\x01L}\x01\xa9]j\x08eP\x8cK\xc2\xca%\x16\xf8\xc33\xcf\x1dlkH\x07B\x03\xfds\x95\x82A\xa5\xd5\xf6\xb1{\xa6\x7f\x0e\xa1\xe4\xf6\xb1\x13\n\xd4\xe5~\x9c\xf2z\xc1\xbc \xf6\xa2^\xb1\x00\xa1\xc8w\x9fUr\x04]\x17\x1d\x15\x8bC_[\xff\x1f\xc5L{G\xbdv)@\x83\xc5\xad)\xfb\x9a\x95\x84)\xd3\xc4t\xcdL\xe5Y\xc6\xc1\xf6\x8e\xb3N\xe5\x92T\x1f\xfa\x04qZ\x97yM\xa9\xe9\xe8E\x85dT\x80\x1d\xa6\x89\xa5\xf6ze\xc03U3\xd5\x8d\xc4\xa1{D=\x1aw\xbd\xd1\x8f3\xfaw\x8e|=\xaa?\xa2\xc20\xd6\x99\xb9@^\x7f\xe4\rF\xde\xa9\x07\xe1e\xf2\x06#/\x1cy\x8fexy\xc0p\x04\x0eO\x80\x91\x8f\xd0e\x02\x87#p4\x02\xfb>\x8a\xdc\xcb\x04\x8eF\xe0\xf8\x048\x86\xc1\x85\xbes\xf1\x08\x8cF`M{\xa1/\x1d\x1a\x81\xa7\'\xc0Q\x18_\xe8K\xa7)\xbb\xf6\xc9\xeeq\x86\xed^\x0e\xbb\xef\xaf\xdf\xf1\xe1\xb0\xe3/\xb0"`IqA6\x9c\x96D\x80\xe0\x1c;\x7f\xa9, \xffJ\xac\r\xa6\xd5\xb0\xfb\xbb?\xdf\xfe\x9d\xff\xf0UU\xd1\xd2D\xf1%L\xb3\xf9\xc2E\xa1}\x83\xe6\x91\x8d\x10\x0c\xedt\x01o\xec,\x85Y6w\xc3i\x9e\xc1\xaf\xc3\xd7z\x89\x15QuC\xf2z\xbd\x15\xe4~\xab\xac\xd7\xaa\xe59~\xecx\xc1\xa8HE\xcb\xf3k\x12\x0e\x9a\xe4\x9c\xebr8U\x05\x9eC\x95J\x89N\x96?\xb7X("\x06e\xbc\xf3)s\xde\x8cD\xc7\xefR}\x80\x02w\xdb\xe6\xf1Y^\xc2\xb3|\xa7\xd2\xf2n\xdb\xbc\x98\x1a\xff\x17\x14m\xe6\xe5y\xb4\x98Om\xd7E\xb9\x8dR\x88\xec\xa9?\x8f\xec4\n}\x7f\x8a`\x8c\xd2\xfcX\xb4RG\xce\xb6\xcd\xabk\xf5\xfb\xb7\xbf\x7f\xff\xfe\xed\x9f3\xd4\xaasz\\%{u+U\xdf\x02[Q\'\xd6\x974\x9dF~\x86R;\xf5`n\xc3\xc54\xb6\xe7y\x14\xday\x18@\x98\xa5h\x9e\x057_\xf5\xb1\xd7\x83\xb3B\x10s\x8c\xfe\xa3\x1c\x0e\xe0\x1e\xfc\xe1\x08\xde\xd4\x85\xe0\x92W\xea\xaa\xe0M\x7f\x96wZ\xfe\x99\x88\x96\xd7\xe68\xef\xb9\xfd\x01\xdc,\xdf\x81\x17!7\x0eCd\x16-\xc7\xb0\rWC\xab\x85_\xe9\xf8\xdbYA\xc5{\xdc\xde\xefL\x914f\xc1\xcd\xccP[\xb3u_#\xa3\x89\x8e}\xf8\xff\xe2\xfa_PK\x03\x04\x14\x00\x00\x00\x08\x00\x89+-\\\x80e\xe1\x88\xbb\x00\x00\x006\x01\x00\x00,\x00\x00\x00ppt/slideLayouts/_rels/slideLayout1.xml.rels\x8d\xcf\xb1j\xc30\x14\x05\xd0\xbd_!\xb4h\xaadg(\xa5X\xceR\n\x19\xb2\x04\xf7\x03\x84\xf4l\x8bH\xef\t=%8\x7f\x9f5\x86\x0e]/\x97s\xb9\xc3q\xcbI\xdc\xa1r$\xb4\xaa\xd7\x9d\x12\x80\x9eB\xc4\xc5\xaa\xdf\xe9\xe7\xfdS\tn\x0e\x83K\x84`\xd5\x03X\x1d\xc7\xb7\xe1\x02\xc9\xb5H\xc8k,,\xb6\x9c\x90\xad\\[+_\xc6\xb0_!;\xd6T\x00\xb7\x9cf\xaa\xd95\xd6T\x17S\x9c\xbf\xba\x05\xcc\xa1\xeb>L}5\xe4\xb83\xc5)XYO\xa1\x97bz\x14\xf8\x8fM\xf3\x1c=|\x93\xbfe\xc0\xf6\xc7\x84\xe1\x14\x03\x9c\x1d7\xa8RL\xae.\xd0\xac\xd4\xfa5\xdf\x95z\xbd\xe5$\xcd8\x98\xdd\xdd\xf1\tPK\x03\x04\x14\x00\x00\x00\x08\x00\x89+-\\\x01W\xe8\x8bq\x03\x00\x00\x96\x0b\x00\x00!\x00\x00\x00ppt/slideLayouts/slideLayout2.xml\xb5V\xddn\xa38\x18\xbd\xdf\xa7\xb0\xd8\x8b\\Q~\x02)\x89JG\x81\x94\xd1J\x9d6\xdat\x1e\xc0\xc5&x\xc7\xd8^\xdbd\xc8\x8eF\x9a\xd7\xda}\x9cy\x92\x95\x1dH\xdaNWJ5\xec\r\x18\xf3\xf9\xf8;\xe7;\xe0\xef\xea]\xd7P\xb0\xc3R\x11\xce\xd2Ip\xe1O\x00f%G\x84m\xd3\xc9\xc7\x87\xc2M&@i\xc8\x10\xa4\x9c\xe1t\xb2\xc7j\xf2\xee\xfa\x97+\xb1P\x14\xdd\xc2=o5\xe8\x1a\xca\xd4\x02\xa6N\xad\xb5Xx\x9e*k\xdc@u\xc1\x05f]C+.\x1b\xa8\xd5\x05\x97[\x0fI\xf8\x99\xb0mC\xbd\xd0\xf7g^\x03\ts\xfa\xf5\xf2\x9c\xf5\xbc\xaaH\x89W\xbcl\x1b\xcc\xf4\x01Db\n5\xe1L\xd5D\xa8\x01M\x9c\x83&$V\x98i\xbb\xfayJz/p\xea\xf0\xc7?\x1c`\x83\xe4\x0e\xa7N\xe0\\_\x89E\xb9\xa1\x080\xd8\xe0\xd4y \x9ab\x00\x19\x029g\x1a3m\x03\x94x\x90\x18\x9b\x11\xdb\xbd\x97b#\xd6\xd2\xae\xbb\xdb\xad% \xc8\xe0\xf4\xeb\x1d\xaf\x7f\xd1\x87\xd9G\xb6\xb3\x03\xef\xc5\xf2\xed0\x84\x8b\xae\x92\x8d\xb9\xf3\xaa\x02]\xea\xf8\x0e\xd8\x9b\xabg\xe6p\xa7Ay\x98,O\xb3e}\xffJlY\xdf\xbc\x12\xed\r\x1bxO65\xac\x0e\xc9\xfdH\'t\x9e\xc9\x11\x1cY\r\xf9*q\xcb\xcbO\n0\xfe^\nC\xff@\xef\x18q\xe0l\xee\xa2\xee\x95\xd7\x06\xaa\x8f;\xbc\xb4\x83S2\xbdX\xba\xcb8\xda\x9bM\x1e9\xda\xdbI\xb8\xa0Jo\xf4\x9eb\xfb \xcc\xc5\xa6!\xd7\x12P\xc8\xb6\xa9\x83\x99\xfbq\xe3\x00\xd5\xe8\x9cb\xc8\x8e\x82\xe8\xeb\x9c\x92\xf2\x13\xd0\x1c`D4\xf8\x00\x95\xc6\x12\xd8d\x802\x90F\x1dm5\xb2\x90\x98\xa15\x94\xf0\xf7\x17\xc8\x07\x15\x85Mz\xc8\xd0\x1b$\xfco!\xa7\x83\x90\xbd\x9b\xc0\x9a\xc2\x12\xd7\x9c",A\xf8s\xb2\x12\xd4\x9dBFPT\x18\xca;z\x94\xee\'\x156\xb6\xb5\x02\xabg\n\x1fT|\xb9e\xf0\xc6-7\xb8\xe4\x0c\x01\x8aw\x98\x9e\x01\x1f\xbe\x11\xfe\xa1&\xf2|\xf4\xe9\x1b\xd1\x0b\xdeJ]\x9f\r\x1f\xbd\x15\x9eT\xaf\xa2\x8f\xed\xedh\xf0\xf6\nj\xfc\xcc\xd8\xd31\xfe\x17H;@\xfd\x95:5\xa4\x95\xd3\x9b\xdd\x1f\xcf\xed\x15E\x96\xc5\x978\xcb\x97+?\x89\xdd\x9bd9s\x93$\x8a\xddl\x15\xdd\xb8y\x16\xe5\xf9\xd2\x8f\xe7E\x1e}\x1d\x8e\x0f\x045\xd6\xa4\xc1\x05\xd9\xb6\x12\xdf\xb7\xe6x8\xaf*\x81\x17^z\xc1\xf4T\x91\x8a\xa2\xf1k\x12\x0f5)87_\xe1\xd3\xaaDcT\xa5\xd2\xf2P\x96?[(5\x96CeF\xfc\x0f\x8d\xab\xc8lPdC\t\xc2\xe0\xaem\x1e_\xe8\x12\x8f\xa1\x8b\xa2\xe8\xaem^\x95&\xfc\x1fL\x9b\x07E1[-\xe7\xae\xef\'\x85\x9bdQ\xe2\xce\xc3\xe5\xcc\xcdfq\x18\xce\x93\xe82\xc9\x8a\xa3i\x95a\xce\xda\xe6l\xaf~\xff\xf6\xf7\xaf\xdf\xbf\xfd3\x82W\xbd\xa7\xbd\x13\xee\xf4\xad\xd2\xfd\x08\xb4\x92\xa4\xce\x97,\x9b\xcf\xc2<\xc9\xdc,\x88\n7Z\xcd/\xdde1\x8b\xdd"\x9eFQ\x9e%\xcb|z\xf3\xd5\xf4`A\xb4(%\xb6}\xddoh\xe8\x08\x83\xe8\x87\x9e\xb0!\xa5\xe4\x8aW\xfa\xa2\xe4M\xdf\\z\x82\x7f\xc6Rpb\xfb\xcb\xc0\xef;\xc2\x1d4G\xc3,\x88\xa6A\x14\xc6I_&\xdc\x19\xce\xa7lM\xe17\x86\xbfX\x94T~\x80\xe2~gM\xd2\xd8s.\xb7S\x82\xb0m\xef\x91S\x88\xe1>4\xd4\xd7\xff\x02PK\x03\x04\x14\x00\x00\x00\x08\x00\x89+-\\\x80e\xe1\x88\xbb\x00\x00\x006\x01\x00\x00,\x00\x00\x00ppt/slideLayouts/_rels/slideLayout2.xml.rels\x8d\xcf\xb1j\xc30\x14\x05\xd0\xbd_!\xb4h\xaadg(\xa5X\xceR\n\x19\xb2\x04\xf7\x03\x84\xf4l\x8bH\xef\t=%8\x7f\x9f5\x86\x0e]/\x97s\xb9\xc3q\xcbI\xdc\xa1r$\xb4\xaa\xd7\x9d\x12\x80\x9eB\xc4\xc5\xaa\xdf\xe9\xe7\xfdS\tn\x0e\x83K\x84`\xd5\x03X\x1d\xc7\xb7\xe1\x02\xc9\xb5H\xc8k,,\xb6\x9c\x90\xad\\[+_\xc6\xb0_!;\xd6T\x00\xb7\x9cf\xaa\xd95\xd6T\x17S\x9c\xbf\xba\x05\xcc\xa1\xeb>L}5\xe4\xb83\xc5)XYO\xa1\x97bz\x14\xf8\x8fM\xf3\x1c=|\x93\xbfe\xc0\xf6\xc7\x84\xe1\x14\x03\x9c\x1d7\xa8RL\xae.\xd0\xac\xd4\xfa5\xdf\x95z\xbd\xe5$\xcd8\x98\xdd\xdd\xf1\tPK\x03\x04\x14\x00\x00\x00\x08\x00\x89+-\\\x8b`\xedZb\x04\x00\x00X\x11\x00\x00!\x00\x00\x00ppt/slideLayouts/slideLayout3.xml\xcd\x98\xddn\xdb6\x14\x80\xef\xf7\x14\x84v\xe1+E\x7f\xd4\x9f\x11\xa5\xb0\xe4\xb8\x1b\x90&F\x9d>\x00#Q\xb6P\x8a\xd4H\xda\xb5W\x14\xe8km\x8f\xd3\'\x19HI\x96\xe3\xa6\x81\xd7yAn$\x8a:\xe7\xf0;?\xd2\x11u\xf9f[\x13\xb0\xc1\\T\x8c&#\xe7\xc2\x1e\x01LsVTt\x99\x8c>\xdc\xcf\xcch\x04\x84D\xb4@\x84Q\x9c\x8cvX\x8c\xde\\\xfdr\xd9\x8c\x05)n\xd0\x8e\xad%\xd8\xd6\x84\x8a1J\x8c\x95\x94\xcd\xd8\xb2D\xbe\xc25\x12\x17\xac\xc1t[\x93\x92\xf1\x1aIq\xc1\xf8\xd2*8\xfaT\xd1eM,\xd7\xb6\x03\xabF\x155:}~\x8a>+\xcb*\xc7S\x96\xafkLek\x84c\x82d\xc5\xa8XU\x8d\xe8\xad5\xa7Xk8\x16\x98J\xad\xfd\x18I\xee\x1a\x9c\x18\x02\xe7\xbfaT\x18@\x0b\xf2\rN\x0c\xc7\xb8\xbal\xc6\xf9\x82\x14\x80\xa2\x1a\'\xc6\x02\xe7J\x1d(A\xcc\xf5]\xd1\xdcs\x8c\xd5\x88n\xde\xf2f\xd1\xcc\xb9V\xba\xdd\xcc9\xa8\ne\xa4S6\xac\xeeF\'\xa6/\xe9F\x0f\xac#\xf5e?D\xe3m\xc9kufe\t\xb6\x89a\x1b`\xa7\x8e\x96\x9a\xc3[\t\xf2v2\x1ff\xf3\xd5\xdd\x13\xb2\xf9\xea\xfa\ti\xab_\xc0:XTy\xd5\xc2}\xef\x8e\xdb\xbbs_I\x82\x81\xb3\xf7\xaa\xe7\x15\xcd\r\xcb?\n@\xd9[\xde(\xf7[\xf7\xf6\x12\xad\xcf\xea\xdc\xac\xba\xd0Ke\xaa\x93ko\xea\xc1\x00\xf3d$B\xd7\xf5\x1cO\xbb\x08\xa1\x1d\xc4\xf6QP\xc20t\xa1\xdd9\xebx\x81k\x87\xfe\xb1\xcb\xad\xe9f,\xb7)+vJ\xfb\x81\x15\xbb9\x07\x88\xe6+\xc6\x13C\xb66\x89\x90\x0b\xb9#X\x8f7\xc4i\x94\x08Y\xd2\xc4 \x86\x9a+p\xf9~\xce\x81\xf831\xa0\xad\xd6|\xd0\x89\xcfQ\x93\x18\x88\x90n\xd9N\xb3\x1d\x1fXl\xd4A\xbb\xc8\xe7\x1c\x10D\x97\x89\x81\xa9\xf9aa\x00Q\xcb\x8c`D\xf7i\x94W\x19\xa9\xf2\x8f@2\x80\x8bJ\x82wHH\xcc\x81\x0e!\x10\xca\xa2\xb2.\xf5\x1a\xda$\xa6\xc5\x1cq\xf4\xfe\xc8rK\xd4\xe8(\xf4\xde\xeb\x80<\x9f~o\x9f~\x15\xe69A9^1R`\x0e\xdcsT\x82\x8a\xbe\x01\xaab;\x88\xffTA\xb8\xb1\x1d\x84\x8e\xf7\\A\xf8\xb6\xedD\xe1\xbf.\x88\x87\x1f\x17D\x8d\xf8\x8d~\xba*Z`*\xd5P\x1bX\xdf2\x8a\xad\xa32qU\x99\xe8(1R\x15\xb3\x8a\x10}\xa1\xde_8#\x1cl\x10I\x0c\xb9U\xaf 4\x96\x15\x95\xedL\xe8+\xbd\x16z/\xdc^\rv\xac~\xa5\xc7U\xa7\x87\xee@\n\xfd\xd0\xb5O\xc4u\xa2\x17\xc4u\x07\\o\xc0\x8d\x1d\x08O\xc6\r^\x10\xd7\x1bp\xe1\x80\xebx\xa1\xa68\x8d\x17\xbe /\x1cx\xfd\x03\xde\xc8\x8d\xa2W\xc9\xeb\x0f\xbc\xc1\xc0\xeb\xbaQ`\xbfJ\xde`\xe0\r\x0fxC\xe8\xb9\xaf\x927\x1cx\xa3\x81W\xc1\xc2W\xc9\x1b\r\xbc\xf1\x01o\xe0\x87\xaf\xf3y\x8b\x7f\xd8\xf3\x15=\xd9\x90}s\xff\x8f\xdf\x00\xaa\xd1\xe9O\x00\xf1\xe8\x1b\xe0g\xfa<\xec\xfb\xfc\x14I\xfc\xa8\xcf{\xe7\xe8\xf3\x854t\x1eV\x88\x94}\xbf\xb7\x9fo\xf8\xd6Sm\xf9Q/\xb6\xf6q-I\xa1\xbd\xf8\xec\xa7\xd9djG\xbey\x1dM\x023\x8a\xa0o\xa6Sxmf)\xcc\xb2\x89\xed\xc7\xb3\x0c~\xe9w\x00\x05\x92XV5\x9eU\xcb5\xc7wki\x9c\x9a\x0e\xc7rC\xcb\xf1\x86\xa8\x97\xa48\xff\xb7\x97\xdf\xe7d\xc6\x98\xca\xf7aV\xe09\xb2RJ\xde\xa6\xe5\x8f5\xe2\x12\xf3>3\xce\xf92s\xde\x88\x04}D\x16\xa4*0\xb8]\xd7\x0fGq\xf1\xcf\x11\x17A\x8a\xdbu\xfddh\xdc\xff\xa1h3g6\x0b\xa6\x93\xd8\xb4\xedhfF)\x8c\xcc\xd8\x9d\x04f\x1a\xf8\xae\x1bG0\x8c\xd2\xd9\xbeh\x85\xf2\x9c\xae\xeb\x93k\xf5\xdb\xd7\xbf~\xfd\xf6\xf5\xef3\xd4\xaau\xb8\xfb\xc5[y#d7\x02k^%\xc6\xe74\x8d\x037\x8bR3u\xe0\xcc\x84\xd384\'\xb3\xc07g\xbe\x07a\x96F\x93\xcc\xbb\xfe\xa2v\xd1\x0e\x1c\xe7\x1c\xeb\xad\xf9\xefE\xbf\xa9w\xe0w\xdb\xfa\xba\xca9\x13\xac\x94\x179\xab\xbb\xff\x03V\xc3>a\xde\xb0J\xff"p\xecnS\xaf\xdf\xd7q`\x070\xf2\xba}\x9fF\xeb\xcf\x1aV\xe5}\xa1\xdco\xc69\xe1\xefPs\xb7\xd15R\xeb\x17j\xa6\xa7\x9a\x8a.\xbb\x12\x19D\x94\xeb\xfd/\x91\xab\x7f\x00PK\x03\x04\x14\x00\x00\x00\x08\x00\x89+-\\\x80e\xe1\x88\xbb\x00\x00\x006\x01\x00\x00,\x00\x00\x00ppt/slideLayouts/_rels/slideLayout3.xml.rels\x8d\xcf\xb1j\xc30\x14\x05\xd0\xbd_!\xb4h\xaadg(\xa5X\xceR\n\x19\xb2\x04\xf7\x03\x84\xf4l\x8bH\xef\t=%8\x7f\x9f5\x86\x0e]/\x97s\xb9\xc3q\xcbI\xdc\xa1r$\xb4\xaa\xd7\x9d\x12\x80\x9eB\xc4\xc5\xaa\xdf\xe9\xe7\xfdS\tn\x0e\x83K\x84`\xd5\x03X\x1d\xc7\xb7\xe1\x02\xc9\xb5H\xc8k,,\xb6\x9c\x90\xad\\[+_\xc6\xb0_!;\xd6T\x00\xb7\x9cf\xaa\xd95\xd6T\x17S\x9c\xbf\xba\x05\xcc\xa1\xeb>L}5\xe4\xb83\xc5)XYO\xa1\x97bz\x14\xf8\x8fM\xf3\x1c=|\x93\xbfe\xc0\xf6\xc7\x84\xe1\x14\x03\x9c\x1d7\xa8RL\xae.\xd0\xac\xd4\xfa5\xdf\x95z\xbd\xe5$\xcd8\x98\xdd\xdd\xf1\tPK\x03\x04\x14\x00\x00\x00\x08\x00\x89+-\\O\xca\x82\x1c\x11\x04\x00\x00h\x12\x00\x00!\x00\x00\x00ppt/slideLayouts/slideLayout4.xml\xedX\xddn\xdb6\x14\xbe\xdfS\x10\xda\x85\xaf\x14\xfd\x98\x92e#Ja\xc9Q1 M\x829}\x00V\xa2l\xad\x14\xa9\x91\xb4b\xaf(\xd0\xd7\xda\x1e\xa7O2\x90\x12\xe38qg\x1b\xf5\xeer#\xd1\xd4\xc7\x8f\xe7|\xe7\xf0H>\x97\xef\xd65\x01-\xe6\xa2b4\x1ex\x17\xee\x00`\x9a\xb3\xa2\xa2\x8bx\xf0\xf1!\xb3\xa3\x01\x10\x12\xd1\x02\x11Fq<\xd8`1xw\xf5\xcbe3\x11\xa4\xb8A\x1b\xb6\x92`]\x13*&(\xb6\x96R6\x13\xc7\x11\xf9\x12\xd7H\\\xb0\x06\xd3uMJ\xc6k$\xc5\x05\xe3\x0b\xa7\xe0\xe8\xb1\xa2\x8b\x9a8\xbe\xeb\x86N\x8d*j\xf5\xeb\xf91\xebYYV9\x9e\xb1|Uc*;\x12\x8e\t\x92\x15\xa3bY5\xc2\xb05\xc7\xb05\x1c\x0bL\xa5^\xbdk\x92\xdc48\xb6\xe4#\xbb\xfb\xf4\x87\x054\x8e\xb78\xb6<\xeb\xea\xb2\x99\xe4sR\x00\x8aj\x1c[\x0f\x8f\x0c\xa4\x8cJL\xa5~$\x9a\x07\x8e\xb1\x1a\xd1\xf6=o\xe6\xcd=\xd7+n\xdb{\x0e\xaaB1\xf4+-\xa7\x7f\xd0\xc3\xf4O\xda\xea\x81\xf3b\xf9\xc2\x0c\xd1d]\xf2Z\xddYY\x82ul\xb9\x16\xd8\xa8\xab\xa3\xe6\xf0Z\x82\xbc\x9b\xcc\xb7\xb3\xf9\xf2n\x0f6_^\xefA;f\x03\xe7\xd9\xa6\xca\xab\xce\xb8\xd7\xee\xf8\xc6\x9d\x87J\x12\x0c\xbc\'\xaf\x8c\xbd\xa2\xb9a\xf9g\x01({\xcf\x1b\xe5~\xe7\xde\x13\xa2\xf3Y\xdd\x9b\xa5\x91]Q\xf5\xb8\xee\xa1\x1el\x8d\xe9\xc5\x92\xeb\x84\x15\x1b\xb5\xc9\'Vl\xf4$\x9a\x10!\xe7rC\xb0\xfe\xd1\xa8\x8b6\x83\xdfs@\x10]\xc4\x16\xa6\xf6\xc7\xb9\x05D-S\x82\x11}\x12D^\xa5\xa4\xca?\x03\xc9\x00.*\t> !1\x07\xda\x18 \x14\xa5RGj\x8d4%\xa6\xc5=\xe2\xe8\xf7\x17\xcc\x9d\x8a\x8d6\xdaX\xe8\x18\t\x7f,\xe4\xd0\x08\xd9g\x13\xb8\'(\xc7KF\n\xcc\x81\xffs\xb2\x8a\xbfbk\x89Hi\x81\xaaXo\xc1?\xd0vO\x96\xc1`\xe4\xbb]\xfax\xa1\xeb\xaa\xf1N\xc2Aw\x18\x85n\x9fH0\xf0\x83q8|\x99N\x1d\xf5\x81\xa8\xe9qK\xbc\xde\x8c\x02\x97J^e\xbf\x1fu\x9b:;\x00\xd2\x12\x7f\x0f\x16>\xc7\x1a\x00i\xc9p\x0f\xd6}\x8e5\x00\xd2\x12\xf8\x1a\xeb\xed\xd8`\x00\xa4%\xc1!\xac\x01\x90\x96\x84\x87\xb0\x06@Z2:\x845\x00\xd2\x92\xe8\x10\xd6\x00HK\xc6\x87\xb0\x1d\xc0\xd9\r\x8c>M\x8dJ\xf7\x96<\x1d\x9b\x9f<]*\x83\xf4\xe1\x12;\xa7\xab;A/\xb7\xf4N\xdcr\x8esF\x0b@p\x8b\xc9\x11\xf4\xfe\x89\xf4\x0f\xcb\x8a\x1f\xcf><\x91=c+.\x97G\xd3\xc3S\xe9\xabr/\xfb\xb9\xeb\x1a\xfc\xaf\xba6<k]\xf3O\xafk!\x8c\xde\n\xdb[a{+lo\x85\xed\xd4\xc2\x16\x98\xc26C\x12\xefT5x\x8e\x8f\xe0BZ\xaf\xbe\xdb\xdc\xf3}\x14\x97\xa4\xd0^|\t\x92t:s\xa3\xc0\xbe\x8e\xa6\xa1\x1dE0\xb0\x93\x19\xbc\xb6\xd3\x04\xa6\xe9\xd4\r\xc6Y\n\xbf\x9a?D\x05\x92XV5\xce\xaa\xc5\x8a\xe3\xbb\x95\xfa\xcfs\\T<\xc7\x1f9\xdep\x1b\x91\x92\x14\xe7\x8fIhb\x921\xa6N\xe1\xf3\xa8\x04\xe7\x88J)y\x17\x96?W\x88K\xccMd\xbc\xf3E\xe6\xbc\x8a\x8c\x8c"sR\x15\x18\xdc\xae\xeaO/t\t\xcf\xa1\x8b \xc5\xed\xaa\xde+\x8d\xff?$m\xeaeY8\x9b\x8em\xd7\x8d2;J`d\x8f\xfdih\'a\xe0\xfb\xe3\x08\x8e\xa2${JZ\xa1<\xa7\xab\xfa\xe8\\\xfd\xfe\xed\xef_\xbf\x7f\xfb\xe7\x0c\xb9\xea<o\x08\xe0\xb5\xbc\x11\xb2\x1f\x81\x15\xafb\xebK\x92\x8cC?\x8d\x12;\xf1`f\xc3\xd9xdO\xb30\xb0\xb3`\x08a\x9aD\xd3tx\xfdU5\x16<8\xc99\xd6\x9d\x8a\xdf\n\xd3\xe3\xf0\xe0\xab.G]\xe5\x9c\tV\xca\x8b\x9c\xd5}\xbb\xc4i\xd8#\xe6\r\xabt\xc7\xc4s\xfb\x1eG\x8b\xd4\xaba\x14\xf9>\x84c8\xea\xc3\x84\xd7\xca\xe7\xad\xb5*\xf0s\xe5\x7f3\xc9\t\xff\x80\x9a\xbbV\'I\xad\xdfs\xa9\x9ej*\xba\xe8sd\x0bQ\xbe\x9b\x16\xd1\xd5\xbfPK\x03\x04\x14\x00\x00\x00\x08\x00\x89+-\\\x80e\xe1\x88\xbb\x00\x00\x006\x01\x00\x00,\x00\x00\x00ppt/slideLayouts/_rels/slideLayout4.xml.rels\x8d\xcf\xb1j\xc30\x14\x05\xd0\xbd_!\xb4h\xaadg(\xa5X\xceR\n\x19\xb2\x04\xf7\x03\x84\xf4l\x8bH\xef\t=%8\x7f\x9f5\x86\x0e]/\x97s\xb9\xc3q\xcbI\xdc\xa1r$\xb4\xaa\xd7\x9d\x12\x80\x9eB\xc4\xc5\xaa\xdf\xe9\xe7\xfdS\tn\x0e\x83K\x84`\xd5\x03X\x1d\xc7\xb7\xe1\x02\xc9\xb5H\xc8k,,\xb6\x9c\x90\xad\\[+_\xc6\xb0_!;\xd6T\x00\xb7\x9cf\xaa\xd95\xd6T\x17S\x9c\xbf\xba\x05\xcc\xa1\xeb>L}5\xe4\xb83\xc5)XYO\xa1\x97bz\x14\xf8\x8fM\xf3\x1c=|\x93\xbfe\xc0\xf6\xc7\x84\xe1\x14\x03\x9c\x1d7\xa8RL\xae.\xd0\xac\xd4\xfa5\xdf\x95z\xbd\xe5$\xcd8\x98\xdd\xdd\xf1\tPK\x03\x04\x14\x00\x00\x00\x08\x00\x89+-\\\xe9\xa4\xc4\x8f\xdf\x04\x00\x006\x1c\x00\x00!\x00\x00\x00ppt/slideLayouts/slideLayout5.xml\xed\x99\xddn\xe28\x14\xc7\xef\xf7)\xac\xecE\xaf\xd2\xc4\x89\x938h\xd2\x11\xa4e\xb4R\xa7\xad\x06\xe6\x01\xdc\xc4\x81\xec8v\xd61\x14v4\xd2\xbc\xd6\xee\xe3\xcc\x93\xac\x1c\x08\x01\n,]Xi\xa5\xe5\x86\xb8\xc9\xc9\xcf>\x1f\xfes\x8a\xdf\xbd\x9f\x15\x0cL\xa9\xacr\xc1\xa3+xm_\x01\xca\x13\x91\xe6|\x14]}\x1e\xf6M|\x05*ExJ\x98\xe04\xba\x9a\xd3\xea\xea\xfd\xcdO\xef\xcaN\xc5\xd2{2\x17\x13\x05f\x05\xe3U\x87D\xc6X\xa9\xb2cYU2\xa6\x05\xa9\xaeEI\xf9\xac`\x99\x90\x05Q\xd5\xb5\x90#+\x95\xe4%\xe7\xa3\x82Y\x8em\xfbVArn,\xdf\x97\xc7\xbc/\xb2,O\xe8\xadH&\x05\xe5j\x01\x91\x94\x11\x95\x0b^\x8d\xf3\xb2jh\xe51\xb4R\xd2\x8arU\xbf\xbd\xb9$5/id\xa8\x171\x9c\r_\xc4\xe3\xf3\xaf\x06\xa8\x8d\xe5\x94F\x064n\xde\x95\x9dd\xc0R\xc0IA##\x16EId^\t^?\xa9\xca\xa1\xa4T\x8f\xf8\xf4\x83,\x07\xe5\x93\xac_x\x98>I\x90\xa7\x1a\xb0|\xd1\xb0\x96\x0f\x96f\xf5\x9f|Z\x0f\xac\xad\xd7G\xcd\x90tf\x99,\xf4Ud\x19\x98E\x86m\x80\xb9\xfe\xb4\xf4=:S Y\xdcL\xda\xbb\xc9\xf8q\x87m2\xbe\xdbam5\x13Xk\x93j\xaf\x16\x8b{\xed\x8e\xd3\xb83\xcc\x15\xa3\x00\xae\xbcj\xd6[\x95\xf7"\xf9R\x01.>\xc8R\xbb\xbfpoe\xb1\xf0Y_\xcbq\x13z\x8dZ\xda-\x1e\xd6\x83v1\xcb`\xa9YO\xa4s=\xc9\xb3H\xe7\xf5M\xd2a\x95\x1a\xa89\xa3\xf5x\xca\xe0r\x19)\xcd>-B\xbbv\xdb\xda4/\xf5Gm-\x9f$`\x84\x8f"\x83r\xf3\xf3\xc0\x00U\xa1bF\t_\x85O\xdd\xc4,O\xbe\x00%\x00Ms\x05>\x92JQ\t\xea\xa5\x83J\x135]\xd5s\xd4H\xca\xd3\'"\xc9\xa7-\xf2bEe\xedb\xe3\x8f\xd5\x04|\x7f\xd8\xddU\xd8u\xce\x9f\x18I\xe8X\xb0\x94J\xe0\x9c#\x03:\x9e\x06\xc8\xd3Yk\xbe\'\x11;J\x12y\x81c/j\rz\xae\x07\xa1\xbbY\x9d\xc8F6\xc4xQu\xbe\x1b\x06\xbe\xb3]z\x0b\xf2\xeb\x0c\x03\xc2\x93\xb1\x90\x91\xf1l\xecK6(\x88\xbc\xaf\x8b:\xe7)\xe5J\x0fk\xc0\xe4Apj\xb5\xb5\x00\xaa\xdf#\xc3Az\xa5\xcf\x8d\x9b\x1b%\xc3\xa6\xcci\x81\x8dWGQ\xed\xd7T\xa7\xa5\xba-5\x84\x08\x1dK\x85\xf85\xd5m\xa9\xa8\xa5B7\x80\xfe\xd1X\xff5\x16\xb5Xo\r\x8b\x1d\x8cO\xc1z-\xd6o\xb1\x8e\x83}\xfb\x14\xac\xdfb\x835l\x80\\\xe7\x14l\xd0bq\x8b\xd5Lt\n\x16\xb7\xd8p\r\xeb{\xc1I)\x0b\xf7*\x9a\x9e\x84M\xd9J\xbaNT8\xbd\x8dk\x81\xab6\x14\xee\x9f\xa8\x18jT,\x16\\Q\xbe)d\xeeiB\xa6\xe34&,[\xca\x98s\x8a\x8c90@8\xf0\x0e\xc8\x98\x1bz\xd0\xc1\xf8X\x1d\xfb\xfbo\xaaV\x9d\xf6\xe9\xd2.\xcd\xd9\xa76\xbb\x94d\x9f\x86\xec\xaa\xb5}\xc2p\xd0vk\xb7\x1f\xb4\xdd\xda\xc2\x07m\xb7\xf6\xe5A\xdb\xad\xcdv\xd0\xf6\xbf\xb1\x83\xb6\xa7\x84o\x9cr@\x13\xc1S\xc0\xe8\x94\xb2#\xf0\xce\x1b\xf1\xc3q.\x8f\xa7\xbbo\xa4\xf7\xc5D\xaa\xf1\xd1x\xf4V|\x9e\xed\xa4\x9f\xbb;\xf3\xf6vg\xe8|\xdd\x99.\xe0\xdf&D**\x97\x1a\xe7\xbe]\xe3|\xe4\xd9\x8ew\xb0W\x83A\xe0]z\xb5K\xafv\xe9\xd5\xfe\xd7\xbd\x9a\x7f\xa8W\xf3N\xef\xd56\xa5\x0c\x9d$e\xfb\xfa\xb5V\xca.\xfd\xda\xa5_\xbb\xf4k\x97~m\xa1mA\xa3m\xb7D\xd1\ra\xf3\xcf\xd1\xaf\xa5\xca\xd8\xfew\x14\xda\xa7\xfe\xbei\xad\xc2\x9b\xb1\xb4\xf6\xe2\xab\xd7\x8b\xbb\xb76\xf6\xcc;\xdc\xf5M\x8c\x91g\xf6n\xd1\x9d\x19\xf7P\x1cwm/\xec\xc7\xe8[\xf3\xfbvJ\x14UyA\xfb\xf9h"\xe9\xe3D\x19\xc7f\x05ZN`A\xb7\xcdH\xc6\xd2\xf3\xe7\x0479\xe9\x0b\xa1w\xe1zV\x82sd%SrW\x13\r\xe1\xf92s\xde\x88\x84MD\x06,O)x\x98\x14\xcf[q\xc1\xe7\x88K\xc5\xd2\x87I\xb134\xce\xbfP\xb41\xec\xf7\xfd\xdbnh\xda6\xee\x9b\xb8\x87\xb0\x19:]\xdf\xec\xf9\x9e\xe3\x84\x18\x05\xb8\xd7_\x15m\xa5=\xe7\x93\xe2\xe8Z\xfd\xf1\xfd\x8f\x9f\x7f|\xff\xf3\x0c\xb5j\xad\x9f\xed\xd0\x99\xba\xaf\xd4r\x04&2\x8f\x8c\xaf\xbd^\xe8;1\xee\x99=\x88\xfa&\xba\r\x03\xb3\xdb\xf7=\xb3\xef\xb9\x08\xc5=\xdc\x8d\xdd\xbbo\xfa\x8c\x08\xa2N"i}\xf0\xf4K\xda\x1cYA\xf4\xea\xd0\xaa\xc8\x13)*\x91\xa9\xebD\x14\xcb\xd3/\xab\x14/T\x96"\xaf\x0f\xc0\xa0\xbd<\xb2\x9a\x12\x16\x19ahC\x0f\x07n\xadYV\xbd\xb4\xe6Z/V\xe7}\xa0\xdd/;\t\x93\x1fI\xf98\xadk\xa4\xa8\xbf\xe6\xe2\xfaV\x99\xf3\xd1\xb2DZ\x13\xedzs\xe0w\xf3\x17PK\x03\x04\x14\x00\x00\x00\x08\x00\x89+-\\\x80e\xe1\x88\xbb\x00\x00\x006\x01\x00\x00,\x00\x00\x00ppt/slideLayouts/_rels/slideLayout5.xml.rels\x8d\xcf\xb1j\xc30\x14\x05\xd0\xbd_!\xb4h\xaadg(\xa5X\xceR\n\x19\xb2\x04\xf7\x03\x84\xf4l\x8bH\xef\t=%8\x7f\x9f5\x86\x0e]/\x97s\xb9\xc3q\xcbI\xdc\xa1r$\xb4\xaa\xd7\x9d\x12\x80\x9eB\xc4\xc5\xaa\xdf\xe9\xe7\xfdS\tn\x0e\x83K\x84`\xd5\x03X\x1d\xc7\xb7\xe1\x02\xc9\xb5H\xc8k,,\xb6\x9c\x90\xad\\[+_\xc6\xb0_!;\xd6T\x00\xb7\x9cf\xaa\xd95\xd6T\x17S\x9c\xbf\xba\x05\xcc\xa1\xeb>L}5\xe4\xb83\xc5)XYO\xa1\x97bz\x14\xf8\x8fM\xf3\x1c=|\x93\xbfe\xc0\xf6\xc7\x84\xe1\x14\x03\x9c\x1d7\xa8RL\xae.\xd0\xac\xd4\xfa5\xdf\x95z\xbd\xe5$\xcd8\x98\xdd\xdd\xf1\tPK\x03\x04\x14\x00\x00\x00\x08\x00\x89+-\\-\xb4&\xf5\x19\x03\x00\x00\xb8\x08\x00\x00!\x00\x00\x00ppt/slideLayouts/slideLayout6.xml\xb5V\xdbn\xdb8\x10}\xdf\xaf \xb8\x0f~Rt\xb1l\xcbF\x94\xc2\x92\xa3b\x8141\xea\xf4\x03X\x91\xb2\x89\xf2\xb6$\xe5\xca-\n\xf4\xb7v?\xa7_R\x90\x96\xec4\xcd\x02y\xf0\xbeH\xd4pf8\xe7\x9c\x91F\xd7o:\xce\xc0\x9ehC\xa5\xc8G\xf1U4\x02D\xd4\x12S\xb1\xcdG\x1f\x1e\xab \x1b\x01c\x91\xc0\x88IA\xf2\xd1\x81\x98\xd1\x9b\x9b?\xae\xd5\xc20|\x87\x0e\xb2\xb5\xa0\xe3L\x98\x05\xca\xe1\xceZ\xb5\x08CS\xef\x08G\xe6J*":\xce\x1a\xa99\xb2\xe6J\xeam\x885\xfaL\xc5\x96\xb30\x89\xa2i\xc8\x11\x15\xb0\x8f\xd7\xaf\x89\x97MCk\xb2\x92u\xcb\x89\xb0\xc7$\x9a0d\xa9\x14fG\x95\x19\xb2\xa9\xd7dS\x9a\x18"\xac\x8f\xfe\xb5${P$\x87\x96ZF\x1e\x04;@\xe0]\xf5\x9e\xe40\x867\xd7jQo\x18\x06\x02q\x92\xc3G\xe7\x05\xbc\x9b\xdb1\xeaQ\x13\xe2Vb\xffV\xab\x8dZk\x1fp\xbf_k@\xb1K\xd0\x07\xc2\xb0\xdf\xe8\xdd\xfc\xa3\xd8\xfbE\xf8,|;,\xd1\xa2k4ww\xd94\xa0\xcba\x04\xc1\xc1]Cg#\x9d\x05\xf5\xd1X\x9f\xad\xf5\xee\xe1\x05\xdfzw\xfb\x82w8\x1c\x10>9\xd4\xa1:\x16\xf7;\x9c\x04\xfe\xc2C|B5\xd4k\xd4\x9d\xac?\x19 \xe4[\xad\x1c\xfc#\xbc\x93\xc7\x11\xb3\xbb\xab\xddS\xe2{\xbf\xe3\xa6_\x9c\x8b\xe9\xc9\xb2]!\xf1\xc1\x1d\xf2Q\xe2\x837\xa2\x053vc\x0f\x8c\xf8\x07\xe5.\xbe\x0c\xbd\xd6\x80!\xb1\xcd!\x11\xc1\x87\r\x04\x86\xdb\x92\x11$N\x84\xd8\x9b\x92\xd1\xfa\x13\xb0\x12\x10L-x\x87\x8c%\x1a\xf8b\x80q)\x1d;\xd6s\xe4S\x12\x81\xd7H\xa3\xf7\xcf2\x1fYT\xbe\xe8\xa1\xc2p\xa0\xf0\xbf\x89\x1c\x0fD\xae\x90%`\xcdPMv\x92a\xa2Ar\tN\xb1\x85\xc0|\xc9\xe1\x0e\xb1\x06\x02\x8a\xbb\x1c\xc6\xd1\xe58n\x18\xf6(\xbeN\x8ar\xb9\x8a\xb2Ip\x9b-\xa7A\x96\xa5\x93\xa0X\xa5\xb7AY\xa4e\xb9\x8c&\xf3\xaaL\xbf\ro\x18F\x96X\xcaIE\xb7\xad&\x0f\xad\x85\xaf\x95*\x0e\x93Y\x18\x8f\xcf\x8a4\x0c_^\x93t\xd0\xa4\x92\xd2\xf5\xc2SU\xc6\x97P\xa5\xb1\xfa(\xcb\xdf-\xd2\x96\xe8A\x99\xf8r\xca\\\x96\x91\xc9\xc0\xc8\x86QL\xc0}\xcb?>\xe3%\xbd\x04/\x86\xe1\xfb\x96\xbfHM\xf2?4m\x19W\xd5t\xb5\x9c\x07Q\x94UAV\xa4Y0O\x96\xd3\xa0\x98N\x92d\x9e\xa5\xb3\xac\xa8NMk\x1cr\xd1\xf2W\xf7\xea\x8f\xef\xff\xfc\xf9\xe3\xfb\xbf\x17\xe8\xd5\xf0\xe9|!\x9d\xbd3\xb6_\x81V\xd3\x1c~-\x8a\xf94)\xb3"(\xe2\xb4\n\xd2\xd5|\x16,\xab\xe9$\xa8&\xe34-\x8blY\x8eo\xbf\xb99\x15\xa7\x8bZ\x13?\xfa\xfe\xc2\xc3\xd0\x8c\xd3\xdf\xc6&\xa7\xb5\x96F6\xf6\xaa\x96\xbc\x9f\xbf\xa1\x92\x9f\x89V\x92\xfa\x11\x1cG\xfd\xd0\xdc#\x96\xc3Y2\x8b\x92\xd9\xec\xd4\xc0\xa4s\x90\xcf\xc5:\xdd7\x0e\xbeZ\xd4L\xbfC\xeaa\xef{\x84\xfb\x8fm\xe9M\x8a\x8am\xdf"g\x17\x07}\xf8\xe5\xb8\xf9\tPK\x03\x04\x14\x00\x00\x00\x08\x00\x89+-\\\x80e\xe1\x88\xbb\x00\x00\x006\x01\x00\x00,\x00\x00\x00ppt/slideLayouts/_rels/slideLayout6.xml.rels\x8d\xcf\xb1j\xc30\x14\x05\xd0\xbd_!\xb4h\xaadg(\xa5X\xceR\n\x19\xb2\x04\xf7\x03\x84\xf4l\x8bH\xef\t=%8\x7f\x9f5\x86\x0e]/\x97s\xb9\xc3q\xcbI\xdc\xa1r$\xb4\xaa\xd7\x9d\x12\x80\x9eB\xc4\xc5\xaa\xdf\xe9\xe7\xfdS\tn\x0e\x83K\x84`\xd5\x03X\x1d\xc7\xb7\xe1\x02\xc9\xb5H\xc8k,,\xb6\x9c\x90\xad\\[+_\xc6\xb0_!;\xd6T\x00\xb7\x9cf\xaa\xd95\xd6T\x17S\x9c\xbf\xba\x05\xcc\xa1\xeb>L}5\xe4\xb83\xc5)XYO\xa1\x97bz\x14\xf8\x8fM\xf3\x1c=|\x93\xbfe\xc0\xf6\xc7\x84\xe1\x14\x03\x9c\x1d7\xa8RL\xae.\xd0\xac\xd4\xfa5\xdf\x95z\xbd\xe5$\xcd8\x98\xdd\xdd\xf1\tPK\x03\x04\x14\x00\x00\x00\x08\x00\x89+-\\\xeb\x17\x9fw\xed\x02\x00\x00g\x07\x00\x00!\x00\x00\x00ppt/slideLayouts/slideLayout7.xml\xb5U\xdbn\xdb8\x10}\xdf\xaf \xb8\x0f~Rt\xb1\xecHF\x94\xc2\x92\xa3b\x8141\xea\xf6\x03\x18qd\x0b\xe5mI\xca\x95\x1b\x14\xe8o\xed~N\xbf\xa4\xa0,\xe5\xd6,\x90\x07\xef\x8b4\x1a\xcd\x0c\xe7\x9c3\x18^\xbc\xeb8C{\xd0\xa6\x91"\x9b\x84g\xc1\x04\x81\xa8$m\xc46\x9b|\xfeTz\xc9\x04\x19K\x04%L\n\xc8&\x070\x93w\x97\x7f\\\xa8\x85a\xf4\x9a\x1cdkQ\xc7\x990\x0b\x92\xe1\x9d\xb5j\xe1\xfb\xa6\xda\x01\'\xe6L*\x10\x1dg\xb5\xd4\x9cXs&\xf5\xd6\xa7\x9a|m\xc4\x963?\n\x82\xb9\xcfI#\xf0\x90\xaf\xdf\x92/\xeb\xba\xa9`%\xab\x96\x83\xb0\xc7"\x1a\x18\xb1\x8d\x14f\xd7(3VSo\xa9\xa64\x18\x10\xb6\xcf~\xde\x92=(\xc8\xf0\x1d#\xe2\x0bF}\x98\xdeC\x86C|y\xa1\x16\xd5\x86Q$\x08\x87\x0c\xe7}\x84s\x1a\xf5I\x038K\xec\xdfk\xb5Qk\xdd\xc7\xde\xec\xd7\x1a5\xd4\xe5\x0e9\xd8\x1f~\x0ca\xfd\xa7\xd8\xf7\x86\xff"};\x9ad\xd1\xd5\x9a\xbb\xb7\xack\xd4e8\xc0\xe8\xe0\x9e\xbe\xf3AgQutV\x8f\xdejw\xfbJl\xb5\xbbz%\xda\x1f\x0f\xf0\x9f\x1c\xeaP\x1d\x9b\xfb\x1dN4\xc2Y\x11\x0bh\xcdH\x05;\xc9(h\x14>\x00\x1c[7\xeaZV_\x0c\x12\xf2\xbdV\x8e\x89#\xd2\x87\x88#|\xf7V\xbb\x81zj12\xdf2\xbc#\xac\xc6\xa8\xa1]\x86\xc3c\xa3cpo<\xf69\xf0h\xbb\\\xd2\x83;\xf4N\xd2C\xef$\x0bf\xec\xc6\x1e\x18\xf4\x1f\xca=jF{\x14\xf7\xb3\xbcX\xae\x82d\xe6]%\xcb\xb9\x97$\xf1\xcc\xcbW\xf1\x95W\xe4qQ,\x83YZ\x16\xf1\xf7q\x1e(\xb1`\x1b\x0ee\xb3m5\xdc\xb6\x16\xbbZz\xad\x11#b\x9ba\x10\xde\xe7\rF\x86\xdb\x82\x01\x11\x0f\x94\xdb\xcb\xd0\x8f\xce\xfdp\xeah\xb6=\xd95\xa3\xbdp\x82\xae\x89&\x1f_\x948\n\xa2z\x90#"\x7fT\xe3\xbf5\x99\x8e\x9a\x94RZ\xd0\xcfT\x89N\xa1Jm\xf5Q\x96\xbf[\xa2-\xe8Q\x99\xf0t\xca\x9c\x96\x91xdd\xc3\x1a\n\xe8\xa6\xe5w/x\x99\x9e\x82\x17\xc3\xe8M\xcb_\xa5&\xfa\x1f\x86\xb6\x08\xcbr\xbeZ\xa6^\x10$\xa5\x97\xe4q\xe2\xa5\xd1r\xee\xe5\xf3Y\x14\xa5I|\x9e\xe4\xe5\xc3\xd0\x1a\x87\\\xb4\xfc\xcd\xb3\xfa\xf3\xc7?\x7f\xfe\xfc\xf1\xef\tf\xd5\x7f\xba\x16\xa1\xb3\xd7\xc6\x0e\x16ju\x93\xe1\xfb<O\xe7Q\x91\xe4^\x1e\xc6\xa5\x17\xaf\xd2soY\xceg^9\x9b\xc6q\x91\'\xcbbz\xf5\xdd\xad\xd70^T\x1a\xfaE\xfd\x17\x1dW|\x18\xff\xb6\xe4ySiidm\xcf*\xc9\x87\xdb\xc2W\xf2+h%\x9b\xfe\xc2\x08\x83a\xc5\xef\ts\xf2\x84Q\x9a\xa6I\x98\x0c2A\xe70?v\xeb\x84\xdf8\xfcjQ1\xfd\x81\xa8\xdb}?$\x9c\x18\x0b\xba\xe8]\xaa\x11\xdbaF\x1eC\x1c\xf6\xf1\x86\xbc\xfc\x05PK\x03\x04\x14\x00\x00\x00\x08\x00\x89+-\\\x80e\xe1\x88\xbb\x00\x00\x006\x01\x00\x00,\x00\x00\x00ppt/slideLayouts/_rels/slideLayout7.xml.rels\x8d\xcf\xb1j\xc30\x14\x05\xd0\xbd_!\xb4h\xaadg(\xa5X\xceR\n\x19\xb2\x04\xf7\x03\x84\xf4l\x8bH\xef\t=%8\x7f\x9f5\x86\x0e]/\x97s\xb9\xc3q\xcbI\xdc\xa1r$\xb4\xaa\xd7\x9d\x12\x80\x9eB\xc4\xc5\xaa\xdf\xe9\xe7\xfdS\tn\x0e\x83K\x84`\xd5\x03X\x1d\xc7\xb7\xe1\x02\xc9\xb5H\xc8k,,\xb6\x9c\x90\xad\\[+_\xc6\xb0_!;\xd6T\x00\xb7\x9cf\xaa\xd95\xd6T\x17S\x9c\xbf\xba\x05\xcc\xa1\xeb>L}5\xe4\xb83\xc5)XYO\xa1\x97bz\x14\xf8\x8fM\xf3\x1c=|\x93\xbfe\xc0\xf6\xc7\x84\xe1\x14\x03\x9c\x1d7\xa8RL\xae.\xd0\xac\xd4\xfa5\xdf\x95z\xbd\xe5$\xcd8\x98\xdd\xdd\xf1\tPK\x03\x04\x14\x00\x00\x00\x08\x00\x89+-\\\xcd\xca\x8a\xd5\xb8\x04\x00\x00\xc2\x12\x00\x00!\x00\x00\x00ppt/slideLayouts/slideLayout8.xml\xcdX\xd1r\x9b8\x14}\xdf\xaf\xd0\xb0\x0fy" \x10\x18{J:6\x89;;\x93&\x9e:\xfd\x00\x05\x84\xcdVH\xac\x90\xa9\xddNg\xfa[\xbb\x9f\xd3/\xd9\x91@\x8eK\\\xc7I\xbc3\xfbb+pt\xa4s\x8ft\xe4\xe8\xcd\xdbuIACD]p\x16\x9f\xc1s\xf7\x0c\x10\x96\xf2\xac`\x8b\xf8\xec\xe3\xdd\xd4\x8e\xce@-1\xcb0\xe5\x8c\xc4g\x1bR\x9f\xbd\xbd\xf8\xedM5\xaaiv\x8d7|%\xc1\xba\xa4\xac\x1e\xe1\xd8ZJY\x8d\x1c\xa7N\x97\xa4\xc4\xf59\xaf\x08[\x974\xe7\xa2\xc4\xb2>\xe7b\xe1d\x02\x7f.\xd8\xa2\xa4\x8e\xe7\xba\xa1S\xe2\x82Y]\x7fqL\x7f\x9e\xe7EJ.y\xba*\t\x93-\x89 \x14\xcb\x82\xb3zYT\xb5a\xab\x8ea\xab\x04\xa9\t\x93\xba\xf7\xcfS\x92\x9b\x8a\xc4\x16\xbf\xff\xf3nm\x01\r\x13\r\x89-h]\xbc\xa9F\xe9\x9cf\x80\xe1\x92\xc4V\xc2\x99$L\x82\xcf\x85\\\x82\x04W\x8aIc\xea\xeaN\x10\xa2Z\xacy\'\xaay5\x13\xba\xebM3\x13\xa0\xc8\x14UGa9\xdd\x8b\x0e\xa6\xffd\x8dn8\xbd\xee\x0b\xd3\xc4\xa3u.J\xf5\xcd\xf3\x1c\xacc\xcb\xb5\xc0F}:\xea\x19YK\x90\xb6\x0f\xd3\x87\xa7\xe9\xf2v\x0f6]^\xedA;f\x00ggP\xa5\xaa\x9d\xdcc9\x9e\x91sWHJ\x00\xdc\xaa2\xf3\xad\xabk\x9e~\xaa\x01\xe3\xefD\xa5\xe4\xb7\xf2\xb6\x88V\xb3\xfa\xae\x96]\xf9\xa5\xa2\xeap\xedK\xddx\x98\xcc\xdeJ\xa0`\xe0\xb9\xadDo\xe0\xbbA\xaf&\xbe\xebF>\xf4[\xad\x10\x86^\x87\xd8U\xdc2W#\xb9\x9e\xf0l\xa3z\xdf\xf3l3\x13\x00\xb3t\xc9El\xdd\xb7\x9c\xb4\x96s\xb9\xa1D\xb7\x1b\n+\x05\xa1\x0b\x16[\xd4R\xcf2\x92\x7f\x98\tP\x7f\x89-\xcfUs\xba7\xc2\xb7\xf8\xb6\xbd\xc3S\xa9\x0f\xadK\xcc\x04\xa0\x98-b\x8b0\xfb\xe3\xdc\x02u)\x13J0\xdbz\'/\x12Z\xa4\x9f\x80\xe4\x80d\x85\x04\xefq-\x89\x00\xban\xa0V\x8c\x8a]\xea14%a\xd9\x0c\x0b\xfc\xa1\xc7\xdc\xce\xa8\xd2\xda\x8df]\x86\xc3\x9e\xfbVo\x17\xcc(N\xc9\x92\xd3\x8c\x08\xe0\xbdn\x05\x14\xd9\xfa\x01r\xbc\xf9~0\x08\x94\xa1\xbfr?\x80\x10\x0e\xd4{\xe5~\x10\x05>\x84\xfe\xb1\xee\xff\xca\xf2\x9e\xd3\xbeZ}=\x8fu\xd3{\x8c\xf5\xa2]\xac\x01\xd0\x86\xfa{\xb0h\x17k\x00\xb4\xa1h\x0f\xd6\xdd\xc5\x1a\x00mh\xf0\x14\xd6\x00hC\xc3\xa7\xb0\x06@\x1b:x\nk\x00\xb4\xa1\xd1SX\x03\xa0\r\x1d>\x85\x1d\xfer\x0f\xa9\xcdH\x1b\xba\xdd,\xaf\xdcSj\x05\xe9-U\xff\xb4\xa7\xda}\xd3\x1f\x12>s\xc89I9\xcb\x00%\r\xa1G\xd0{\xcf\xa4\xbf[\x16\xe2xv\xff\x99\xecS\xbe\x12ry4=z.}\x91\xefe?u\x9a\xa1\xed\t\xa6\xac\xde\x8d2\xff\x14\x87\x99\xca\x10K/\xe0%\xa6\xb9\xd5\x06\x9c\xf7\x9a\xd3\r"?\x80\xee\xa1\xe3\r\x85C\xe8\x86\xaf\x0e8Pbq\xad\x7f\x1f\x14,#L\xaa\xa6\xee\xb5\xba\xe1\x8c8\xbd\xfd\t\xd1\x81\xfc\xeb\xa8\x8c\x8a\xa3\xf8\xbc\x03\x19\xd9\xf1\r!BG\xf3\xb9\x07r\xb4\xe3\x83\xfe\x00\x86\xc7\x12\x0e\x0fd\xad\xe1\x8b\xbc(z\x11_/\x8f;>\xcf\x8bB\xf7E|\xbd\xcc6|\x03\xa4\x8f\xad\xe7\xf3\xf5r\xbd\xe3Sd\xe8E|\xbd\xec7|a0x\x99\x1f\xff\x8f\xf3\xe1yI\x14\x98$\xba\xc4\x92\xfc\x94D\xe8\x14I\x94\xc9G9\x04\xdd\xc3A\xe4<\x19\x17\xce\xb6\xae9\xcd\xb4\x8a\xaf\xc1$\x19_\xbaQ`_E\xe3\xd0\x8e"\x14\xd8\x93Kte\'\x13\x94$c7\x18N\x13\xf4\xcd\xfc\xab\x95aIdQ\x92i\xb1X\tr\xbb\x92\xd6\xb1v@\xc7\x1b8\xd0\x7f\xa8zN\xb3\xd3\x9f\x0e\xa1\xf1d\xca\xb9\xf2{\xd7\x95\xe0\x14\xae\xe4R\xb4\xb6\xfc\xb5\xc2B\x12a\x9c\x81\xa7s\xe6\xb4\x15\x19\x98\x8a\xcci\x91\x11p\xb3*\xef{u\tOQ\x97\x9af7\xabroi\xbc\xff`\xd1&p:\r/\xc7C\xdbu\xa3\xa9\x1dMPd\x0f\xbdqhO\xc2\xc0\xf3\x86\x11\x1aD\x93\xe9v\xd1\xd6J9[\x95G\xaf\xd5\x1f\xdf\xff\xfe\xfd\xc7\xf7\x7fN\xb0V\x9d\xdd+\x06\xb2\x96\xd7\xb5\xecZ`%\x8a\xd8\xfa:\x99\x0cC/\x89&\xf6\x04\xa2\xa9\x8d.\x87\x03{<\r\x03{\x1a\xf8\x08%\x93h\x9c\xf8W\xdf\xd4U\x05D\xa3T\x10}\x07\xf2GfnO zt\x7fR\x16\xa9\xe05\xcf\xe5y\xca\xcb\xee"\xc6\xa9\xf8g"*^\xe8\xbb\x18\xe8v\xb7\'\rV\xbf\x81#\xe4\x0e\xbc0\x08M\xb6\x90\xb5\xd2\xfc0[e\xfc\\\xe9\xafF)\x15\xefqu\xdb\xe8ER\xeaDM\xf4\xa3\xaa`\x8bn\x8d<@\x94vs\xf9t\xf1/PK\x03\x04\x14\x00\x00\x00\x08\x00\x89+-\\\x80e\xe1\x88\xbb\x00\x00\x006\x01\x00\x00,\x00\x00\x00ppt/slideLayouts/_rels/slideLayout8.xml.rels\x8d\xcf\xb1j\xc30\x14\x05\xd0\xbd_!\xb4h\xaadg(\xa5X\xceR\n\x19\xb2\x04\xf7\x03\x84\xf4l\x8bH\xef\t=%8\x7f\x9f5\x86\x0e]/\x97s\xb9\xc3q\xcbI\xdc\xa1r$\xb4\xaa\xd7\x9d\x12\x80\x9eB\xc4\xc5\xaa\xdf\xe9\xe7\xfdS\tn\x0e\x83K\x84`\xd5\x03X\x1d\xc7\xb7\xe1\x02\xc9\xb5H\xc8k,,\xb6\x9c\x90\xad\\[+_\xc6\xb0_!;\xd6T\x00\xb7\x9cf\xaa\xd95\xd6T\x17S\x9c\xbf\xba\x05\xcc\xa1\xeb>L}5\xe4\xb83\xc5)XYO\xa1\x97bz\x14\xf8\x8fM\xf3\x1c=|\x93\xbfe\xc0\xf6\xc7\x84\xe1\x14\x03\x9c\x1d7\xa8RL\xae.\xd0\xac\xd4\xfa5\xdf\x95z\xbd\xe5$\xcd8\x98\xdd\xdd\xf1\tPK\x03\x04\x14\x00\x00\x00\x08\x00\x89+-\\Z\xd3\xb4\x92v\x04\x00\x001\x12\x00\x00!\x00\x00\x00ppt/slideLayouts/slideLayout9.xml\xbd\x98\xddn\xa38\x14\xc7\xef\xf7),\xf6"W\x94/\x03&*\x1d%\xa4\x19\xad\xd4i\xa3i\xe7\x01\\p\x124\xc6\xf6\x1a\'Mf4\xd2\xbc\xd6\xee\xe3\xcc\x93\xac\xec@H\xd3\x8f\x8dZvo\x82C\x8e\x7f\xf8\x7f\xce\xe1\x0f\xf1\xf9\x87ME\xc1\x9a\xc8\xba\xe4,\x1dxg\xee\x00\x10\x96\xf3\xa2d\x8bt\xf0\xe5nj\xa3\x01\xa8\x15f\x05\xa6\x9c\x91t\xb0%\xf5\xe0\xc3\xc5o\xe7bX\xd3\xe2\no\xf9J\x81MEY=\xc4\xa9\xb5TJ\x0c\x1d\xa7\xce\x97\xa4\xc2\xf5\x19\x17\x84m*:\xe7\xb2\xc2\xaa>\xe3r\xe1\x14\x12?\x94lQQ\xc7w\xdd\xc8\xa9p\xc9\xacf\xbe<e>\x9f\xcf\xcb\x9cLx\xbe\xaa\x08S;\x88$\x14\xab\x92\xb3zY\x8a\xba\xa5\x89ShB\x92\x9a0ef?^\x92\xda\n\x92Z\xa2\xcc\xef6\x160arMR\xcb\xb3.\xce\xc50\xbf\xa5\x05`\xb8"\xa95+s\xb5\x92\x04<\x94j\t2,4\xc9\xc4\xd4\xe2N\x12\xa2Gl\xfdQ\x8a[1\x93f\xea\xf5z&AYhT\x83\xb0\x9c\xe6\x87&\xcc|ek3p\x8e\xa6/\xda!\x1en\xe6\xb2\xd2G>\x9f\x83Mj\xb9\x16\xd8\xeaOG\x9f#\x1b\x05\xf2\xdd\xc9\xbc;\x9b/o\x9e\x89\xcd\x97\x97\xcfD;\xed\x05\x9c\x83\x8bjU\xbb\xc5=\x95\xe3\xb7r\xeeJE\t\xf0\xf6\xaa\xda\xf5\xd6\xe2\x8a\xe7_k\xc0\xf8G)\xb4\xfc\x9d\xbc}\xc4N\xb3>\x8ae\x93~\xa5QM\xdc\xeeG3\xe8\x16\xf3l&\xbc8\xf1}\x84\x8cF\x88\\7r\x8f\xb2\x12B\x14A\xb7Q\x1bFQ\x1c\xa0c\xc9;\xb4\x18\xaa\xcd\x98\x17[=\xf9\x9e\x17\xdb\x99\x04\x98\xe5K.S\xeb~\x87\xa4\xb5\xbaU[J\xccxM=\xa1C\xe8\x82\xa5\x16\xb5\xf4\xb9\x82\xcc?\xcf$\xa8\xbf\xa5\x96\xef\xeaK\xde\xb7\xca\xf7\xf1\xbb\xf1\x01G\xe8\x0f#L\xce$\xa0\x98-R\x8b0\xfb\xcb\xad\x05\xeaJe\x94`\xb6/\x9e\xba\xc8h\x99\x7f\x05\x8a\x03R\x94\n|\xc2\xb5"\x12\x98\xc4\x81Z\x135]\x99k\x18$a\xc5\x0cK\xfc\xf9\x88\xbc[\x910\xda[\xcd&\r\xaf\x17=\xb0\x8en\x83\x19\xc59YrZ\x10\t\xfc>Z@\x94\xb9\x05\xcaB\x97\xf5]\x8d\x10y~\x1c\x87\xaf\xf4\x01\xf4<\xdd,\xa76\xc2\x8b\xd5\xaf\xb0\xbc2\xb7R\xc9\n\xc2\x94\x1e\x9aY\xabk\xce\x88s\xd4\x13\x81\xbf\xbf\xe2\xbe\x1b\xcc\xd0\xefP0\x8cu\xd4I<\xbfS\xd0@\x1a^\xd0\xf1\x12\x0f\xc2\x93y\xf0\x90\x17t<\xd8\xf1\xbc \xf6\xa2\x93\x81\xee!\x10v\xc0\xf0\x00\x88|\x84\xde\x06\x0c;`\xd4\x01}\x1fE\xee\xdb\x80Q\x07\x8c\x0f\x8014\x95{\x030\xee\x80\xa8\x03j\x1a|\x1b\x10u\xc0\xe4\x00\x18\x85\xf1\x1b\x8b\x92\xbc\xe8I\xfdz\x07\xdc?0\xf4\xfdxh\x1cA\x1f\xc6\xa1oS\xcb\xc8[b:o<\xc4\x7f\x97\x87\x84A\x14\x07\xbbg\xc5\x0b&\x82\\\x88"\xff\xff\xf5\x10\x0f\xf6\xeb!\x9e\xdf\xaf\x87xn\xcf\x1e\x92\xf4l!I\xcf\x0e\x92\xf4l I\xcf\xfe\x91\xf4l\x1f\xc9i\xee\xa1\xe9tM\xf7\xaf.\xef|\xc3\xd1\xf7\x9fy\xc1\xa9\x1f\xbd\xe1\xbc\xc5\x89\xc2\xd6\x89&X=~\x85\x81}8Q\xa1\x9e\xf8\x90\xe7\xbenD\xce\xbf\xda\x85\xb3\xcf\xeb\x9c\x16F\xc5\xf7p\x9c\x8d&.\n\xedK4\x8al\x84`h\x8f\'\xf0\xd2\xce\xc60\xcbFn\x98L3\xf8\xa3\xfdgS`ETY\x91i\xb9XIr\xb3R\xd6\xa9\xe5\xf0\x1c?v\xbc\xa0\xcb\xfa\x9c\x16\xfd?\x1d\xa2\xb6&S\xceu\xbd\x0f\xab\x12\xf6Q\x95\xb9\x92\xbb\xb2\xfc\xb9\xc2R\x11\xd9V\xc6\xeb\xaf2\xfdf$n3rK\xcb\x82\x80\xebUu\x7f\x94\x97\xa8\x8f\xbc\xd4\xb4\xb8^U\xcf\xa6\xc6\xff\x0f\x9a6\xf3\xa6\xd3h2Jl\xd7ES\x1b\x8d!\xb2\x13\x7f\x14\xd9\xe3(\xf4\xfd\x04\xc1\x18\x8d\xa7\xfb\xa6\xad\xb5r\xb6\xaaN\xee\xd5_?\xff\xfa\xfd\xd7\xcf\xbf{\xe8U\xe7\xf0\x1f=\xd9\xa8\xabZ5#\xb0\x92ej}\x1f\x8f\x93\xc8\xcf\xd0\xd8\x1e{pj\xc3I\x12\xdb\xa3i\x14\xda\xd30\x800\x1b\xa3Q\x16\\\xfe\xd0;\x03\x1e\x1c\xe6\x92\x98-\x87?\x8av\xb3\xc2\x83O\xb6+\xaa2\x97\xbc\xe6su\x96\xf3\xaa\xd9\xf7p\x04\x7f R\xf0\xd2l}xn\xb3Y\xb1\xc64\xb5\x02\x84\x12?\x88\x92 i\xcaD6Zs\xb7Z]\xf8[\xad_\x0cs*?aq\xb36MR\x19G\xcd\xcc)Q\xb2E\xd3#]\x88\xd6\xde\xee\xf5\\\xfc\x03PK\x03\x04\x14\x00\x00\x00\x08\x00\x89+-\\\x80e\xe1\x88\xbb\x00\x00\x006\x01\x00\x00,\x00\x00\x00ppt/slideLayouts/_rels/slideLayout9.xml.rels\x8d\xcf\xb1j\xc30\x14\x05\xd0\xbd_!\xb4h\xaadg(\xa5X\xceR\n\x19\xb2\x04\xf7\x03\x84\xf4l\x8bH\xef\t=%8\x7f\x9f5\x86\x0e]/\x97s\xb9\xc3q\xcbI\xdc\xa1r$\xb4\xaa\xd7\x9d\x12\x80\x9eB\xc4\xc5\xaa\xdf\xe9\xe7\xfdS\tn\x0e\x83K\x84`\xd5\x03X\x1d\xc7\xb7\xe1\x02\xc9\xb5H\xc8k,,\xb6\x9c\x90\xad\\[+_\xc6\xb0_!;\xd6T\x00\xb7\x9cf\xaa\xd95\xd6T\x17S\x9c\xbf\xba\x05\xcc\xa1\xeb>L}5\xe4\xb83\xc5)XYO\xa1\x97bz\x14\xf8\x8fM\xf3\x1c=|\x93\xbfe\xc0\xf6\xc7\x84\xe1\x14\x03\x9c\x1d7\xa8RL\xae.\xd0\xac\xd4\xfa5\xdf\x95z\xbd\xe5$\xcd8\x98\xdd\xdd\xf1\tPK\x03\x04\x14\x00\x00\x00\x08\x00\x89+-\\7\xc65\xf8\x8e\x03\x00\x00\xcd\x0b\x00\x00"\x00\x00\x00ppt/slideLayouts/slideLayout10.xml\xb5V\xcdn\xdb8\x10\xbe\xefS\x10\xea\xc1\'E?\x96\x1d\xd9\x88RXrT,\x90&A\xed\xee\x9d\x15G6Q\x8a\xe4\x92\xb4+oQ\xa0\xaf\xb5\xfb8}\x92\x05i\xc9N\xd2\x14p\xb0\xde\x8bHQ\xc3\x8f3\xdf7#\xce\xd5\xdb\xb6ah\x0bJS\xc1\xb3At\x11\x0e\x10\xf0J\x10\xcaW\xd9\xe0\xe3\xb2\xf4\xd3\x01\xd2\x06s\x82\x99\xe0\x90\rv\xa0\x07o\xaf\x7f\xbb\x92S\xcd\xc8-\xde\x89\x8dAm\xc3\xb8\x9e\xe2\xcc[\x1b#\xa7A\xa0\xab54X_\x08\t\xbcmX-T\x83\x8d\xbe\x10j\x15\x10\x85\xbfP\xbejX\x10\x87\xe18h0\xe5^\xb7_\x9d\xb2_\xd45\xad`.\xaaM\x03\xdc\xecA\x140l\xa8\xe0zM\xa5\xee\xd1\xe4)hR\x81\x06n\xdc\xee\xa7.\x99\x9d\x84\xcc\xdb\x822\xcb\xd6C\xceNm!\xf3"\xef\xfaJN\xab\x05#\x88\xe3\x062oI\r\x03\x849A\x7f\x802\xb4\xc2\x0c-\xa15\xceL\xcb\xa5\x02\xb03\xbe}\xa7\xe4B>(\xb7\xfbn\xfb\xa0\x10%\x16\xadC\xf1\x82\xeeCg\xe6^\xf9\xd6M\x82g\xdbW\xfd\x14O\xdbZ5v\x14u\x8d\xda\xcc\x0b=\xb4\xb3\xcf\xc0\xaeAkP\xb5_\xac\x8e\xab\xd5\xfa\xfe\x05\xdbj}\xf3\x82u\xd0\x1f\x10<:\xd4F\xb5w\xee\xe7pb\xef\t)\xd1!\xaa\xde_-oE\xf5Y#.\xde)i\xc3\xdf\x87w\xb0\xd8\xc7lG\xb9\xee$0\x16\xaa\xb3\xdb\x7ft\x93\xa33\x1dY\xa6\xcd\x05\xd9\xd9C>\t\xb2s\x8bx\xca\xb4Y\x98\x1d\x03\xf7"\xed\xc3\xb9\xa1\x1e\x14b\x98\xaf2\x0f\xb8\xffq\xe1!\xdd\x98\x82\x01\xe6\x07B\xccu\xc1h\xf5\x19\x19\x81\x80P\x83\xdecm@!\xe7\x0c\xd2\x16\xd2\xb2c\x1cG\x0e\x128y\xc0\n\x7fx\x86\xbcgQ:\xa7{\x0f\x83\x9e\xc2_\x139\xec\x89|\x92S\xe8\x81\xe1\n\xd6\x82\x11P(>\x07\xb9\x96*\x0f\tE\x81\x9b}\xb6{\x88\x92\xf6\xb8\xf95\x8c\xdb\xbf\x88\xc9<\xc0\xd6i\xef\x17\xfcKK\xd0\x96\x1d\x88\xfe\x8fzXV\x9c\x1c\xfa\x89\x1e{\xce\x9f\x1f\x19\xbd\xf2\xc8\x05T\x82\x13\xc4`\x0b\xec\x04\xf8\xf8\x95\xf0\xcb5U\xa7\xa3\x0f_\x89^\x8a\x8d2\xeb\x93\xe1\x93\xd7\xc2\xd3\xfaE\xf4sWB\xd2W\xc2\x1c\x1bxR\x00\xc3s\x14\x001\x1e\xd2\x7fe\xde\x1a\xb3\xbaO\xfd\xf0|\x7f\x9b\x9a\x11\x17\xc5\xd7Q^\xcc\xe6a:\xf2o\xd2\xd9\xd8O\xd3d\xe4\xe7\xf3\xe4\xc6/\xf2\xa4(f\xe1hR\x16\xc9\xb7\xfe\xd6!\xd8\x80\xa1\r\x94t\xb5Qp\xbf\xb1\x97\xc9i\xaaDA|\x19D\xc3\xa3"5#\xe7\xd7d\xd4kR\na\xab\xf0\xb1*\xc99T\xa9\x8d\xda\xcb\xf2\xe7\x06+\x03\xaaW&:\x9f2\xe7ed\xdc3\xb2`\x94\x00\xba\xdb4\x9f\x9e\xf12:\x07/\x9a\x91\xbbM\xf3"5\xf1\xff\x90\xb4ET\x96\xe3\xf9l\xe2\x87aZ\xfai\x9e\xa4\xfe$\x9e\x8d\xfd|<\x8a\xe3I\x9a\\\xa6yyHZm#\xe7\x9b\xe6\xe4\\\xfd\xf1\xfd\xef7?\xbe\xffs\x86\\\r\x1ewZ\xd0\x9a[m\xba\x19\xda(\x9ay_\xf3|2\x8e\x8b4\xf7\xf3()\xfdd>\xb9\xf4g\xe5x\xe4\x97\xa3a\x92\x14y:+\x867\xdfl\xc7\x16%\xd3J\x81k\x07\x7f\'}#\x19%?\xb5\x92\r\xad\x94\xd0\xa26\x17\x95h\xba\x9e4\x90\xe2\x0b()\xa8kK\xa3\xb0k$\xb7\xd8^\r\x93(\x9c\xc4\x97\x93\xb1+\x8f\xc0\xf9\xd6\x8f\xce[+\xfc\xc2\xc6/\xa7\x15S\xef\xb1\xbc\xdf\xba$i\xdc=W\xb8%I\xf9\xaa\xcb\x91\xa3\x89\x8d\xbd\xef\xc3\xaf\xff\x05PK\x03\x04\x14\x00\x00\x00\x08\x00\x89+-\\\x80e\xe1\x88\xbb\x00\x00\x006\x01\x00\x00-\x00\x00\x00ppt/slideLayouts/_rels/slideLayout10.xml.rels\x8d\xcf\xb1j\xc30\x14\x05\xd0\xbd_!\xb4h\xaadg(\xa5X\xceR\n\x19\xb2\x04\xf7\x03\x84\xf4l\x8bH\xef\t=%8\x7f\x9f5\x86\x0e]/\x97s\xb9\xc3q\xcbI\xdc\xa1r$\xb4\xaa\xd7\x9d\x12\x80\x9eB\xc4\xc5\xaa\xdf\xe9\xe7\xfdS\tn\x0e\x83K\x84`\xd5\x03X\x1d\xc7\xb7\xe1\x02\xc9\xb5H\xc8k,,\xb6\x9c\x90\xad\\[+_\xc6\xb0_!;\xd6T\x00\xb7\x9cf\xaa\xd95\xd6T\x17S\x9c\xbf\xba\x05\xcc\xa1\xeb>L}5\xe4\xb83\xc5)XYO\xa1\x97bz\x14\xf8\x8fM\xf3\x1c=|\x93\xbfe\xc0\xf6\xc7\x84\xe1\x14\x03\x9c\x1d7\xa8RL\xae.\xd0\xac\xd4\xfa5\xdf\x95z\xbd\xe5$\xcd8\x98\xdd\xdd\xf1\tPK\x03\x04\x14\x00\x00\x00\x08\x00\x89+-\\\xe8\xe4I\xd19\x03\x00\x00\xb3$\x00\x00(\x00\x00\x00ppt/printerSettings/printerSettings1.bin\xedYOo\xda0\x14\xcfv\x83o\xb0[\x96;1\xb4\xactS\x9a\xaa\x83\xa2!A\x1b\x15\xa8\xb4S\xe5&n\xe66\xd8\x91\xf3X\xc7>\xd2\xbe\xdf\xeeS\x02\x01\x13\x08\x84\x1e\xd6$\xea\x05\x05\xc7~\xf9\xfd\xb1_\xec\x97\xf7\x8a\xa2\xbcS\x14\xe5\xcf\x07E1\xce\x7fM<\xf5\'\x11\x01\xe5\xecLk\xe8uM%\xcc\xe6\x0ee\xee\x996\x1euk\xa7\xda\xb9Y5>v\xae\xdb\xa3\xef\xd6\xa5\xea{4\x00\xd5\x1a\x7f\xed\xf7\xda\xaaVC\xe8\xc2\xf7=\x82Pg\xd4Q\xad~o8R\x1bz\x1d\xa1\xcb+M\xd5~\x00\xf8_\x10z~~\xd6q\xd8K\xb7\xf9$\xec\x18 Kp\x9f\x08\x98\xf5i\x00\xb5\x86^\xd7\x1dp4\xb3j\xcc\xa3\xaf\xc11\xab\x86Cm0\xab\x15\xe3\x89\xccL\x9bO\x16\xc1|A\x19\xe8\x16vI\x97\x8b\t\x06\xdd\x1a|\xe3\x82\xfe\xe6\x0c\xb0wC\x02\x03\x85\xfd\xab\x95x\xf8\xf6\xf1@\xed\'\x02\xba-\x08\x06.\xe21\x15#\x00A\x99+u\x7f\xe4\xf7\xf3\xbe\x06Z\xdc\xdb\x13\x92\x02\x99\\\x08\x81g\xab\xa08\xfc\x1b^\xad@U^J+\x1c)\x08\xf6\xcc\xd6\x91\x81\xa2\x8b\xf4h\x0bD\x01` ]\x0f\xbbr\x0c\xca\x80\xb8D\x98u\x03\xc5\x97\x11@\xb4\x94\r\xc5\xb0\x97m\xfb!_\x0bJ\x18`\xa0\x9c\x95\xc7\x87-\xa4d\x05\x1b\xeb\n\xe6\xc5\x8a\xa1\x8d=\xca\xdc\xf2\xd8\x90 \xb4\\\x08\x8d\x1c\xae\x83["\x80\xda%\xcbG[H\xe5;\x1b\xc5\x80K\xb7\x14R\x88\xe5mI\x04\xd3\xfb\xd1\xfc9>\xf6\x89\xb8\xa3\xec\x81\xdf\xc5\x9am\xf3\xc2\x1aXV\xc7\n\xfb\xb6\xb9C\xae\xf0\x84\xac\xa4Z\xeas\x88kYm;\xd07\xd98\xd9\xb9\xbd,$D}\x02@\xc4\x1a\x88\xc3\xbdJ5KrK\xb2K\xf6p\x89t$0\x0b\xbc\xe8\xf56\x8c\xb0D\xd0\x0b-~\x06J\x12\xbc\xf1P\xcd\x87\x19#\xca]\\p\xf5S8Hx\x18\xaey9\x90{g\x82\xbdp\x1e\xa7\x01\x10\'l\xbc!6\x14\xd1\x8b\x97\x11LD\xdd\xa1\xf2\xee[\xf3]\xc1qS~\x13\xc5\xcd\x9fZ\'k\xcd\x92I\xb9\x9d\x07>\x11%\x9f\x08I\x86\x9b3!\xb2\xac\xd68\xdd\xe6iJs\xab\xb5}\x06|n\xe6y\x06\xf8D\xf4\xd8\x03\xd7\xadA\xa1\xb3\xf1a\xc4\x8a\x90\xa2W\xf8\xc7\x0c\x972Ggb\xf8\x96\xa4St*U\x96\xceF\xf1-M\xeb\xbe\xef\x947U\xa7\x91\xcb\xd9Q2\xe5I\x17V\xefv^\xd6\xdf\xa8\xa4\xd4\xeb\xfaQ=k\xed\x04f\xbe\xe4\xeb\x86A\t\xd1\xe6U\x07)\xf6\xee:E*\xd64\xa8Y\x91\xa6\x03\x8dw`I\xa41P\x03E\xdfD\xcc\xea{EQ\xfeVK\xf0\xc5\xa6\xc3\xed\xe9\x84\xb0\x05\xe3\xb0\x9e\xebs\xee\xcdU(te.\x0b1i\xb1\x86C\xa9\x1d\xd5&\x90\xef<\xac\xaf\xdaW,\x9c\x86\xbfC\x02@\x99\x1b\xe8\xd6\xa0\xcd}Z\xf4\xe2\xf5NJ9\xfd\x84\xb3\x89y\xd6\xe6\x9e\x87\x81\x94\xcd\x8b$\xafp(\x88)Ay\xf3\xa0KE\x00a\xca.\x95\x03\x1b\xac\x8a\xb1 \xfa\xb8\x84^$I\xc9\n\x1e5\x9a\xad\xe6\xe9\xf1I\xb3\x95[O\xa2\xf3)f%3e\x83U\xf2\xa4\x95\xbaZ\xb2\x98\'\x9f\xa4^\xcfI\xf8\xef;_Y\xe4\xbd\x9b\xdf\x7fPK\x03\x04\x14\x00\x00\x00\x08\x00\x89+-\\p\x08\xca\x0cv\x05\x00\x00\xb3*\x00\x00\x15\x00\x00\x00ppt/slides/slide1.xml\xedZ\xdbr\xd3F\x18\xbe\xefSh4\xd3\xc9U\xb1$\xdb\xb2\xe2AaH\x8a\xb9\xe9!\x93\xa4\x0f \xa4\x95\xa3\x19\x9d\xba\xda\x18\xbbw\xb6\x08\x01\'\xe50@\xa6\x19\x0e\x81\xb6\x94b\x86\x96\x90\x966\xa4\xc0\xc3le;o\xd1\xd9\x95O\xb1M\x0c\x91S\x07\xc67\xd6J\xfb\xff\xff\xae\xf6\xff\xf6\xfbv\xbd:y*o\x99L\x0e@\xcfply\x82?\xc1M0\xc0V\x1d\xcd\xb0\xb3\xf2\xc47\x0b\x99\xcf\xa4\t\xc6C\x8a\xad)\xa6c\x03y\xa2\x00\xbc\x89SS\x9f\x9ct\xd3\x9e\xa91y\xcb\xb4\xbd\xb4"\xb3\x8b\x08\xb9\xe9X\xccS\x17\x81\xa5x\'\x1c\x17\xd8y\xcb\xd4\x1dh)\xc8;\xe1\xc0lL\x83\xcay\xc3\xceZfL\xe081f)\x86\xcd6\xfc\xddw\xf1w!\xf0\x80\x8d\x14d8v\xbf \xf0]\x828\xban\xa8\xe0sG]\xb2\x80\x8d\xc2 \x10\x984\xa8\xb7h\xb8\x1e;u\xd2M\xab\xf3\xa6F\xae\x9e\xbb\x00\x01 %;w\x16\xba\xf3\xee,\xa4\xd5_\xe5f!ch2\xcb\xb3\x8c\xadX@f\xd9X\xa3\xa2aFo\xed\x1c-\xc4\xba\xdc\xb3\x1d&\x9e\x1b\x1a\xf6\x86\x16\x9a\xa1\x17@\x1eM;y\x86o\xb5A\x8c\x19\x94\x9fv\xf2\xa4\x07=M5cy\xf4\xaa\xa4\xf3:\xb4\xc8\xd5\xd1u&/\xb3\xc9\x04\xc7q\x1c\xcb\x14d6.\xd2b\x8c\xd4\x82<bT\x120\xc15\x0c\xd4B\xcb\x98\x84n\x07r\xa1\x87\xce\x02\xc7bHAf!P\x11K\x9e+\xb9/<\x14\x9a6M\xc8c\xdb\xc9\x18\xa6\x19\xf6.\xec\x93\x9b&\xbd\xd7\n\xa4\xf6\x9c\xa3\x15f!s\x1e*\xae\xccz\xdf.)\x10\x84\x1d2=4\x8f\n&\xa07.\xfd\x99\x85\x8cbfm\x995i{\x1a\xd0\xe7f!\xe3}\'\xb3\x82Dz|\x8e\x8c\x07\xa9\xf1\x1c\xd3\xd0H\xab\xf4\x06f\xcf\xcd\x98\x90\xc9)\xa6\xcc\n\xd3\xe2\xcct\xf3\x85\xf6\x99\x11\x10\xd8\x0c*\xb8@WT \xb3\xd8\x7f\x80K?c\xbf\x82K\x95\x86}\xd8`\xf8\x82\xe1\xd8\xd2\x1f4U\xbb\xb9]\x7f\xb2\x1a\xac\xfcR\xbbv\x11\x97\xfe\xc2\xa5\x1d\xec_\xc4\xfe\xfd\xea\xcd\x9d`\xfdB\xf5\xea\xb5\xea\x83K\xc4\x0bQ\xdfF\x04: \xcd\x81\xa0cs0"\xe2\xdd\x88\x10\x86\x8f\x08\x9e\xe3\xa4\x01\x90\x10\x92\xc2\x07\x01\t>\xd1\x80\x047\x00\x12\x89\xd3\xc9\xa4(\r\x1b\x12\xd5\x87O\x83\xd5\x8d\xa0\xbcS\xbb\xb2\x12\xac\xad\xe3\xe2\x93\xe0\xdau\\\xbc\x8e\x8b\x9b\xc1\xd5u\\*\xd7\xfe\xbc\x80\x8bo"\xa3"\xd1D\xc5\x1cP\x91bgM\xc0\xc4\xf7\xe1"\n\x1a\x84~\x04\x11"$\xc4\x82$E\xc6\xc2\xa1\xe6\xaa\xbd\x1fE\xe1\x93\x0e0y\x04&\xa1\xe5\x1c\xd0\x19C\xa3\x13\x83\xb6@\xc4\x01\xb4\xdaPT\x15\xd8\x88\xce\x19\x1ae\x0e\xe8\xc4J7L\xb3\xe5\x18\x1f\xec\xd8\xb0\xa7\xe3\xa4\xeb@E-ga\xb0s\xcb\x83\xb6\xec\xd8mg\xcb\xb0\x1d\xd8/\x80\xd9n9\xb4\x0f\xdf>|\xeb>s\t"s\xc61\xc9\\`\x14[]t\xa0\xcc\xaa\x08\x0e\x9eU\r\xa3\xc3\x003\xd9MW\x89!\xd1UJ8\x18\xa0\xa2\x18>\xa4\x08mK\xdc1g\xab\x11\x0b\xd8\xd5\xd7\xb5\xf2\x8b\xc8d$v\xe7<y\x049\x17\x85>9OH\xed\x9c\xa7\x92\xe2\x08rN3\xe5\x9e^BN\xc6h\x04\x0c\xcd\xde\x8a\x85\xd0C=\xad\xa3Fi\x16y\rIju\xbf]\xdf-m\xa3\x105\xec\xef\xd6\xfe\xd8\xc0\xfe\x06\xf6\xff!\x8b\x9c\xe2o\x9d+\x9f>\xf0\xf9\xc0_\x96\xffw\xf7\x05.\x96pq\x13\x97\xca\xc1\xcevpw%\xce\x05\x97.F\x9e(\xa9^\xd5\x16\x87\xa5\xda\x82(\x92\x9b\xb1j\x8fU\xfb\xfd\x81)u3xj\xf8\x0c\xde\x17\xa0c\xd5~\x7f\x86\xaaW\x9e\xef=X\x8bLF\x93\xdd9\x97\x86\x9f\xf38\'\xf4\xc9\xf9X\xb5\xff\'!\xab\xef\xfeX\xff\xf5\x07\xecoR\xd5^\xdb\xbb\xbf[\xdbx\xf9\xf1\xe9u\xf5\xf2\x9bz\xe5{\xec\xdf\xc2\xfeS\xb2D)\xae\xed\xdd\xbd\x17\xee\xc1#\xcf\x12\x9e\xeb\xd5\xec\xc9H\x9a\x9dJ\x8d\xb7\xdac\xd1\x1e\x82h\xf3|\xcf\x9f\xc5\xdc\xb0(|r\xbc\xdb\x1e\xben?\xfa\xa9\xba\xf5\xb2\xf6t=:)\xf5\x1e\x13\xf0G\x91\xf9\xf1\x9e{\x94\xb2\x86K\x15\xecoc\xff1u\xda\x0e\xf7\xdc\x9d\xe7\x0c\xc1\xb3+\xc1\xf2\xc3\x8fO\xcf\xeb+\x95`\xf5V\xb0\xfc0(\xdf\xc6~\x11\x97\x1ea\xdf\xc7\xa5\xdf\xab\x8f7\xeb\xfe\xab\xe8\xb3\'\xde+\xe9\xbc04M\x1fo\xc4\xc7\x9a~xMO\xf40{\xfc\x08\x98}\xbc\x17\x1f\xd6y\xdf\x9d\xcd\xe0\xf5rP\xde\xa9\xde\xbb\x13\x9d\x98Z\x87\'s\xce\x92\xad\x01\x8d\xe9 \xa8\xc4\xd0\x08\xaa\xff\xa6\\\xea8\xec\xedX\xf2\x1d\x90}\xd2\xc7\xb9C\xf3\xd4\x99\xe9\x8c\x94\xc9\xf4\xe7)\xe6\xbc\xcc\x8a\xf1\xe4 \x01:#\x9c\x912}R:f\xb6\xe3\xc8l=\xa7D|\xf2\x08\x98-\xceM\x8a\x03\xd6\xac\xc2\xb1d62\xb4]\xdc\x16\x17F\xcamI.:\xa3\xa5z\x92.\x1eE\xd2\xa5\xd6\x92\xea-I?\xa6r\xd6\'\xe9|3\xe9\xa3Y~\x7f\xca\x84\xa7z\xd5\x8d\xd2\xde\xfa\x8d\xe0r\xb9\xfa\xf7\xed\xe80\xe89_\xe0\x87u\xc0\xd0q\x0269I\x8a\x07~\xc5\x94 S\xeaCX\xd5p\xa3\xfd\x8a\xc9_\x0e\xeeoun5\xeb\x95\xe7Luu9xu#\xcd\x04[[\xb5\x9b\xcf\xde\t\x14\xf4\x12~M\x19k\x7f`\xa9\x9a\xf0K\xc5\xfd:G[\xb3\x14\x0f\x018C\x1f\xb9\x86\x9d\r\x07\xb6\xc3\x84\xc40\xb5\xa9\xff\x00PK\x03\x04\x14\x00\x00\x00\x08\x00\x89+-\\f\xbam}\xbc\x00\x00\x006\x01\x00\x00 \x00\x00\x00ppt/slides/_rels/slide1.xml.rels\x8d\xcf\xb1j\xc30\x14\x05\xd0\xbd_!\xb4h\x8a\xe4thK\xb1\x9c%\x04\x02\x9d\x8a\xfb\x01\x0f\xe9\xd9\x16\x91\xf4\x84\x9eR\xec\xbf\xef\x1aC\x86\xae\x97\xcb\xb9\xdc\xfe\xb4\xa6(~\xb1r\xa0l\xd5QwJ`v\xe4C\x9e\xad\xfa\x19/\x87\x0f%\xb8A\xf6\x10)\xa3U\x1b\xb2:\r/\xfd7Fh\x812/\xa1\xb0XS\xccl\xe5\xd2Z\xf94\x86\xdd\x82\tXS\xc1\xbc\xa68QM\xd0XS\x9dM\x01w\x83\x19\xcdk\xd7\xbd\x99\xfah\xc8ag\x8a\xab\xb7\xb2^\xfdQ\x8aq+\xf8\x1f\x9b\xa6)8<\x93\xbb\'\xcc\xed\xc9\x84\xe1\x18<~\xc1F\xf7&\xc5\x08u\xc6f\xa5\xd6\x8f\xf9\xae\xf4\xae\xd7\x14\xa5\x19z\xb3\xbb;\xfc\x01PK\x03\x04\x14\x00\x00\x00\x08\x00\x89+-\\Z\xa0\x0e\xad\xa6\x05\x00\x00\xe3\x0f\x00\x00\x17\x00\x00\x00docProps/thumbnail.jpeg\xedVkPTe\x18~\xce\xf9\xbe\xb3\x8b@;\xae"(6\xb8"\n9\xe8,`\n\x99\x1a\xec.\xb0\x88\x88\x0b(0\xcd8\xcbr`W\x0e\xbb\xeb\xd9]@\x86f\x92.V\x7f\xf2\xd2\xfdO\x88V\xd64\xd3XYh5A\x99ZS\xa3f\xa8(\xe3\x84Qa\xb7\xf1Rv\x1b\xdd\xe6;{U!-\xff\xf2\xfey\xdf}\xbf\xe7\xbd<\xef\xf7\xcew\xd6\x7f\xd2\xff5&\x96\x14\x9a\x0b\xc1q\x1c\x8aQ\x0c\xf8\xcf\xaa{\xcc\x06\xc3\xdar\xcb\xcaBs\xa9\t\x1c\x07\xa8wY\xddn\x89\xd7\x01\xcdN\xafl)*\xd0U\xd7\xd4\xea\xd4\x03\xe01\rqHF\x9c\xd5\xe6q\xe7\x97\x97\x97\x02\x00\xc3\xe2\x06\xb9|\x1c\x1c\xd3\xc7\xe6\x8d~\xfe\xaf\x12W/zl\x00\x17\x03\xc0U\xef\xb15\x03\\\x1b H6\xb7\xec\x05T\xc3\x00r[\xbdn/\xa0\xbe\x13@\x82\\]S\x0b\xa8\xf5\xccn\x0c\xd8Ff\xd7\x05\xecj\x05Si1\x00j\xd6\x8b\xc6f\xb7\xd6\x03\xea\x0e\x00\x99uQ\xfe\xc6(;\xd0\x83"\tE\xa2S\x94\x1d6\x1d\x9bE\xb9\xecjpHbT\xbb79\xbeEi\x96|\xa1z)\x00\xe2=M\x15\xcb\x01d0\xeev\xb9\xd8\x12\xb4\xbblVS\x05\x804\x80;\xe4\xf6\x160\xff\x1c\x80\xfb\xc9\xd7T\x95\x0f`.\xc0Oj\x90\x0b\xab\x02x\xfe\xdev{\xe5\x1a\x00\x89\x00_\xef\xf0\x9a+\x83\xfevg]\xd9\xca@,\xdf\xdd\xe4Zn\tb\x0e\xd9<\x86Z\x00\xa9\x00\x7f\xc6.\x9a\xd9\x1d\xa7\x00\x04\xf5\xa2\xd1\xc4\xe6\x05\x90\x14\xbb\xaf8\x98\x9f\x94xZ*L\xa1<\xedvCY \x0f\x91\xd7YK\xca\x01$\x03\xe41\xd9ea\xb5\xd2\x00\xd2-JE\xacV*@\x0e\xb8\xbd\xe5\xc1\x1e\xc8\x88S*c\xb52\x00\xaa\x11=\nG\xc5\xef\xb5W\x16\x07b\xe9B\xaf\\\x19\x8c\xa5\xb5\r\x8eBs\x10\xdf\xe1\x96\x94]\xcc\x04\xe8N\xd9g\xa9\nb\x8eXeSQ \x0f\xbd(:\xab\x829\x85\xa9\xf5V#\x9b\xed|@X\x8a\xd5\x9c\x15"\\\xa8\x83\x08\x1b\x9c\xb8\x02\x1d,(B\x01tpC\x86\x0b\rp@B\x11D8!B\x86\x83\xbb\x03Mp\x8c\x81+W0\x01;\x82hT\xa2GX4lc`\x02\x15\xce\x051.\x9aD\xf54\x87\xea\xe9bZJ\x97\xd0\\\x9a\x07\x1d]F\xef\xa3K\xa9\x91\xeai\x1e]\x1c\x8e-\x8f\xaa\xcfj\x9d\x0b\xe7Y\x0f\x1fD\x05\xb7\x1a\x05\x9b\x93}\x19\x91z\x9d\xf2Z\x87\xed\xf0\x93\xe7\xaf\x89v\xdd\xd0\xb3\x18\xea\'z\x02\xf0\xa0)\x8c\x9c\x17\xcd\xff`\xc7\xfbS#9\xfai\xcf\xfd\xc7\xe2\x0fv`\xe5\xcd\xe6+\x0c\x0b#B\xbf0,\x0c\x08\x83\x11\x84pZ\x18\x14\x06\x85\x01\xe4C\x82\xa4t\xd4\x0c\x11\x0e\xa5\x0fOT\x07\xd1\x1c\xfa \xc1\x0b+$\x0c\xc1\tW\x14\xee\x9a\x8a\r\xce\xcd\xc9\x91\x136\tqS\xd9\xe52tfF\xbc\xfa\x13\xfa\x9f\xf5\xfd\xfa\xed\xfa\x9d\xfa\x1f\xaf\x9b\xf2\xa8S"\xdb\xc8\x1e\xf2\x01\xd9K\xf6\x91\xcf\xa1#\xbd\xa4\x8f|H\x0e\x907\xc8{Qw5\xf6~\x84\xef^\xe1\x1bb\xcbNF\x9b\xb5\x08IS\xa0\x99\xae\x99\xa51jfhfkJ#\xf94I\x9a,M\xb1&]c\xd4L\x0f\xdf[t\xbdh.\x0e\xd4@\nOu\xf4Z\x01\\\x15\x9cp\xa0Ua\xe0Q&\xec\xc4\x86\xeb\xf6?\x18MSh\x165_\xb7\xb5\xb9l\x97C\x08\x95IeT\xe5C\xa7\x9a\xab\xcaSe\xa9J\x98\x1d\xeaO\x95\xae2\xaa\xf2T\xe9*\xd35[g\x1b\x83\x81\x18\x85\x8a\xe69O\xd9:\xb6\xab,\xbaE9\xf3@\xf4\x8am^\xf6\xd0\x1a\\\xee\r\xb2\xa3\xd1\xee\xd5e\xeb\xf5\x8bt\xf9n\xb7$\xea\xccN\xdb\xfcL\x9dU\x92t\xca\x91G\'\x8b\x1eQn\x11\xeb\xe7\x83}\x07\x03O\xf4%\x8b\xf2}\xe3\x12\x0fG|\xde\x15\xc0\x92_\x00r$\xe2\xab\xf5\x01\xaf{\x80\xa4\x05\x11_F20\xe5E\xa0g\xa1\xcd\'\xb7\x04\xdf|\x8e\xfb\x02\xf04\xe4d\x07~\xc5\x17\x00\xc2\x19\xbf\xff\xd2\x1c@\xbd\x15\xb8\xb2\xc5\xef\xff\xbb\xdb\xef\xbf\xb2\x03 \x83@\xaf\xe4\x1f\x82\xd7\xd4\xe6h\x00V\xac`\xaf>b@\xb9d\x08,\x1a\xc0Rnz\xd8.\xe42@\x14\x9b\x0769@\x83~\xf6V3)\x0e\xfe\x0eh\xbe\x8b\x0f!8t\x910\xba\x97A\xfd\xa7a`\xff\x1enKX\x92\xdb\xcd\xc1\xf9{\xa1\x8dA/\x07\xc2i\xc1k9\xa2\xe5\xfc\xfb1\x03\xe0\x84\x00 \xf4a\xe5xB\x05\x95:fBl\x9c\x7f?\xf6L\x04\xcf\x11\xc2S"\x08\x94\x02\xdc\x03\x1cO@\xb5\xc2\xa4\x99Y\xf9\xaa\xc9\xab\xac\xea\xd4\xf5\t\xd9\x1b\xb7l\x8f\x99U\xb0\xbbo\x8a\xe5\xe8\xf9\xb4\x9c:\xb9sBlb\xd2\xd4i\xc9\xb3\xe7\xa4g\xdc5w\xc1\xdd\x0b\x17\xe5\xe6\xddc0\x9a\n\x8b\x8a\xcd%\x15\x95U\xab\xd7T\xd7\xd4\xda\xea\xc5\x86F\xbbc\x9d\xc7\xebkim\xdb\xd0\xfe\xd0\xc3\x8f<\xba\xe9\xb1\xc7\x9f\xd8\xba\xed\xa9\xa7\x9fy\xf6\xb9\xe7_\xe8\xde\xb1\xf3\xa5\x97_\xd9\xf5\xeako\xbe\xf5\xf6\x9ew\xde\xed\xd9\xbb\xef\xa3\x8f\xf7\x7fr\xe0\xe0\xa1O?\xfb\xf2\xd8W\xfd\xc7O\x9c\x1c85t\xf6\x9b\xe1o\xbf\xfb~\xe4\xdc\x0f\x17.^\xfa\xf5\xb7\xcb\xbf\xff\xf1\xe7_\x8c\x17\xe3\x19\x92Qyi\xc1s<\xa5\x84\xaa\x19/\x8eoe\x00-\x15ff\xa9&\xe5\xafR[\xd7ON\xcd\xde\x18\x93P\xb0e\xfb\xee\xbe\t\xb3r,\xe7\xa7\xd4\xc9Gc\x13\xd3\x16\x0c\xcd\xbe\xc0\xa8)\xccn\x8dX\xe7\xffb\x16&\x16\xe1u\n\xf1\x84\x03\xaf%Z,\xc3\xd5\xab\x19\xe8\xe2\x1f\x8c\xc5\xb8\x1aW\xe3j\\\x8d\xab\xae\xff\xa6\xfc\x03\xff\x00PK\x01\x02\x14\x00\x14\x00\x00\x00\x08\x00\x89+-\\\xc6\xaf\xc4g\xb9\x01\x00\x00\xba\x0c\x00\x00\x13\x00\x00\x00\x00\x00\x00\x00\x00\x00\x00\x00\x80\x01\x00\x00\x00\x00[Content_Types].xmlPK\x01\x02\x14\x00\x14\x00\x00\x00\x08\x00\x89+-\\\xf1\r7\xec\x00\x01\x00\x00\xe1\x02\x00\x00\x0b\x00\x00\x00\x00\x00\x00\x00\x00\x00\x00\x00\x80\x01\xea\x01\x00\x00_rels/.relsPK\x01\x02\x14\x00\x14\x00\x00\x00\x08\x00\x89+-\\\x8b\x14\xfc\xe3{\x01\x00\x00\xdb\x02\x00\x00\x11\x00\x00\x00\x00\x00\x00\x00\x00\x00\x00\x00\x80\x01\x13\x03\x00\x00docProps/core.xmlPK\x01\x02\x14\x00\x14\x00\x00\x00\x08\x00\x89+-\\\x9e\xd0\x8ey\xf2\x01\x00\x00m\x04\x00\x00\x10\x00\x00\x00\x00\x00\x00\x00\x00\x00\x00\x00\x80\x01\xbd\x04\x00\x00docProps/app.xmlPK\x01\x02\x14\x00\x14\x00\x00\x00\x08\x00\x89+-\\\x15\xf3B\xc7E\x02\x00\x00\xb6\x0c\x00\x00\x14\x00\x00\x00\x00\x00\x00\x00\x00\x00\x00\x00\x80\x01\xdd\x06\x00\x00ppt/presentation.xmlPK\x01\x02\x14\x00\x14\x00\x00\x00\x08\x00\x89+-\\R\x9cP\xc9\x1d\x01\x00\x00q\x04\x00\x00\x1f\x00\x00\x00\x00\x00\x00\x00\x00\x00\x00\x00\x80\x01T\t\x00\x00ppt/_rels/presentation.xml.relsPK\x01\x02\x14\x00\x14\x00\x00\x00\x08\x00\x89+-\\\\\x9cG\x14F\x01\x00\x00\x89\x02\x00\x00\x11\x00\x00\x00\x00\x00\x00\x00\x00\x00\x00\x00\x80\x01\xae\n\x00\x00ppt/presProps.xmlPK\x01\x02\x14\x00\x14\x00\x00\x00\x08\x00\x89+-\\g3&\x8d\xa3\x01\x00\x00\x82\x03\x00\x00\x11\x00\x00\x00\x00\x00\x00\x00\x00\x00\x00\x00\x80\x01#\x0c\x00\x00ppt/viewProps.xmlPK\x01\x02\x14\x00\x14\x00\x00\x00\x08\x00\x89+-\\\x93\nmu!\x06\x00\x00\xe7\x1d\x00\x00\x14\x00\x00\x00\x00\x00\x00\x00\x00\x00\x00\x00\x80\x01\xf5\r\x00\x00ppt/theme/theme1.xmlPK\x01\x02\x14\x00\x14\x00\x00\x00\x08\x00\x89+-\\\xd8\xfd\x8d\x8f\xa5\x00\x00\x00\xb6\x00\x00\x00\x13\x00\x00\x00\x00\x00\x00\x00\x00\x00\x00\x00\x80\x01H\x14\x00\x00ppt/tableStyles.xmlPK\x01\x02\x14\x00\x14\x00\x00\x00\x08\x00\x89+-\\\xa6-\xa25\xeb\x06\x00\x00\xd2.\x00\x00!\x00\x00\x00\x00\x00\x00\x00\x00\x00\x00\x00\x80\x01\x1e\x15\x00\x00ppt/slideMasters/slideMaster1.xmlPK\x01\x02\x14\x00\x14\x00\x00\x00\x08\x00\x89+-\\\x19\xcb\xf1\xf9\r\x01\x00\x00\xc6\x07\x00\x00,\x00\x00\x00\x00\x00\x00\x00\x00\x00\x00\x00\x80\x01H\x1c\x00\x00ppt/slideMasters/_rels/slideMaster1.xml.relsPK\x01\x02\x14\x00\x14\x00\x00\x00\x08\x00\x89+-\\K\x89PW\xc0\x03\x00\x00\xad\x0c\x00\x00"\x00\x00\x00\x00\x00\x00\x00\x00\x00\x00\x00\x80\x01\x9f\x1d\x00\x00ppt/slideLayouts/slideLayout11.xmlPK\x01\x02\x14\x00\x14\x00\x00\x00\x08\x00\x89+-\\\x80e\xe1\x88\xbb\x00\x00\x006\x01\x00\x00-\x00\x00\x00\x00\x00\x00\x00\x00\x00\x00\x00\x80\x01\x9f!\x00\x00ppt/slideLayouts/_rels/slideLayout11.xml.relsPK\x01\x02\x14\x00\x14\x00\x00\x00\x08\x00\x89+-\\\x00\xfd\xec\r\'\x04\x00\x00\x05\x11\x00\x00!\x00\x00\x00\x00\x00\x00\x00\x00\x00\x00\x00\x80\x01\xa5"\x00\x00ppt/slideLayouts/slideLayout1.xmlPK\x01\x02\x14\x00\x14\x00\x00\x00\x08\x00\x89+-\\\x80e\xe1\x88\xbb\x00\x00\x006\x01\x00\x00,\x00\x00\x00\x00\x00\x00\x00\x00\x00\x00\x00\x80\x01\x0b\'\x00\x00ppt/slideLayouts/_rels/slideLayout1.xml.relsPK\x01\x02\x14\x00\x14\x00\x00\x00\x08\x00\x89+-\\\x01W\xe8\x8bq\x03\x00\x00\x96\x0b\x00\x00!\x00\x00\x00\x00\x00\x00\x00\x00\x00\x00\x00\x80\x01\x10(\x00\x00ppt/slideLayouts/slideLayout2.xmlPK\x01\x02\x14\x00\x14\x00\x00\x00\x08\x00\x89+-\\\x80e\xe1\x88\xbb\x00\x00\x006\x01\x00\x00,\x00\x00\x00\x00\x00\x00\x00\x00\x00\x00\x00\x80\x01\xc0+\x00\x00ppt/slideLayouts/_rels/slideLayout2.xml.relsPK\x01\x02\x14\x00\x14\x00\x00\x00\x08\x00\x89+-\\\x8b`\xedZb\x04\x00\x00X\x11\x00\x00!\x00\x00\x00\x00\x00\x00\x00\x00\x00\x00\x00\x80\x01\xc5,\x00\x00ppt/slideLayouts/slideLayout3.xmlPK\x01\x02\x14\x00\x14\x00\x00\x00\x08\x00\x89+-\\\x80e\xe1\x88\xbb\x00\x00\x006\x01\x00\x00,\x00\x00\x00\x00\x00\x00\x00\x00\x00\x00\x00\x80\x01f1\x00\x00ppt/slideLayouts/_rels/slideLayout3.xml.relsPK\x01\x02\x14\x00\x14\x00\x00\x00\x08\x00\x89+-\\O\xca\x82\x1c\x11\x04\x00\x00h\x12\x00\x00!\x00\x00\x00\x00\x00\x00\x00\x00\x00\x00\x00\x80\x01k2\x00\x00ppt/slideLayouts/slideLayout4.xmlPK\x01\x02\x14\x00\x14\x00\x00\x00\x08\x00\x89+-\\\x80e\xe1\x88\xbb\x00\x00\x006\x01\x00\x00,\x00\x00\x00\x00\x00\x00\x00\x00\x00\x00\x00\x80\x01\xbb6\x00\x00ppt/slideLayouts/_rels/slideLayout4.xml.relsPK\x01\x02\x14\x00\x14\x00\x00\x00\x08\x00\x89+-\\\xe9\xa4\xc4\x8f\xdf\x04\x00\x006\x1c\x00\x00!\x00\x00\x00\x00\x00\x00\x00\x00\x00\x00\x00\x80\x01\xc07\x00\x00ppt/slideLayouts/slideLayout5.xmlPK\x01\x02\x14\x00\x14\x00\x00\x00\x08\x00\x89+-\\\x80e\xe1\x88\xbb\x00\x00\x006\x01\x00\x00,\x00\x00\x00\x00\x00\x00\x00\x00\x00\x00\x00\x80\x01\xde<\x00\x00ppt/slideLayouts/_rels/slideLayout5.xml.relsPK\x01\x02\x14\x00\x14\x00\x00\x00\x08\x00\x89+-\\-\xb4&\xf5\x19\x03\x00\x00\xb8\x08\x00\x00!\x00\x00\x00\x00\x00\x00\x00\x00\x00\x00\x00\x80\x01\xe3=\x00\x00ppt/slideLayouts/slideLayout6.xmlPK\x01\x02\x14\x00\x14\x00\x00\x00\x08\x00\x89+-\\\x80e\xe1\x88\xbb\x00\x00\x006\x01\x00\x00,\x00\x00\x00\x00\x00\x00\x00\x00\x00\x00\x00\x80\x01;A\x00\x00ppt/slideLayouts/_rels/slideLayout6.xml.relsPK\x01\x02\x14\x00\x14\x00\x00\x00\x08\x00\x89+-\\\xeb\x17\x9fw\xed\x02\x00\x00g\x07\x00\x00!\x00\x00\x00\x00\x00\x00\x00\x00\x00\x00\x00\x80\x01@B\x00\x00ppt/slideLayouts/slideLayout7.xmlPK\x01\x02\x14\x00\x14\x00\x00\x00\x08\x00\x89+-\\\x80e\xe1\x88\xbb\x00\x00\x006\x01\x00\x00,\x00\x00\x00\x00\x00\x00\x00\x00\x00\x00\x00\x80\x01lE\x00\x00ppt/slideLayouts/_rels/slideLayout7.xml.relsPK\x01\x02\x14\x00\x14\x00\x00\x00\x08\x00\x89+-\\\xcd\xca\x8a\xd5\xb8\x04\x00\x00\xc2\x12\x00\x00!\x00\x00\x00\x00\x00\x00\x00\x00\x00\x00\x00\x80\x01qF\x00\x00ppt/slideLayouts/slideLayout8.xmlPK\x01\x02\x14\x00\x14\x00\x00\x00\x08\x00\x89+-\\\x80e\xe1\x88\xbb\x00\x00\x006\x01\x00\x00,\x00\x00\x00\x00\x00\x00\x00\x00\x00\x00\x00\x80\x01hK\x00\x00ppt/slideLayouts/_rels/slideLayout8.xml.relsPK\x01\x02\x14\x00\x14\x00\x00\x00\x08\x00\x89+-\\Z\xd3\xb4\x92v\x04\x00\x001\x12\x00\x00!\x00\x00\x00\x00\x00\x00\x00\x00\x00\x00\x00\x80\x01mL\x00\x00ppt/slideLayouts/slideLayout9.xmlPK\x01\x02\x14\x00\x14\x00\x00\x00\x08\x00\x89+-\\\x80e\xe1\x88\xbb\x00\x00\x006\x01\x00\x00,\x00\x00\x00\x00\x00\x00\x00\x00\x00\x00\x00\x80\x01"Q\x00\x00ppt/slideLayouts/_rels/slideLayout9.xml.relsPK\x01\x02\x14\x00\x14\x00\x00\x00\x08\x00\x89+-\\7\xc65\xf8\x8e\x03\x00\x00\xcd\x0b\x00\x00"\x00\x00\x00\x00\x00\x00\x00\x00\x00\x00\x00\x80\x01\'R\x00\x00ppt/slideLayouts/slideLayout10.xmlPK\x01\x02\x14\x00\x14\x00\x00\x00\x08\x00\x89+-\\\x80e\xe1\x88\xbb\x00\x00\x006\x01\x00\x00-\x00\x00\x00\x00\x00\x00\x00\x00\x00\x00\x00\x80\x01\xf5U\x00\x00ppt/slideLayouts/_rels/slideLayout10.xml.relsPK\x01\x02\x14\x00\x14\x00\x00\x00\x08\x00\x89+-\\\xe8\xe4I\xd19\x03\x00\x00\xb3$\x00\x00(\x00\x00\x00\x00\x00\x00\x00\x00\x00\x00\x00\x80\x01\xfbV\x00\x00ppt/printerSettings/printerSettings1.binPK\x01\x02\x14\x00\x14\x00\x00\x00\x08\x00\x89+-\\p\x08\xca\x0cv\x05\x00\x00\xb3*\x00\x00\x15\x00\x00\x00\x00\x00\x00\x00\x00\x00\x00\x00\x80\x01zZ\x00\x00ppt/slides/slide1.xmlPK\x01\x02\x14\x00\x14\x00\x00\x00\x08\x00\x89+-\\f\xbam}\xbc\x00\x00\x006\x01\x00\x00 \x00\x00\x00\x00\x00\x00\x00\x00\x00\x00\x00\x80\x01#`\x00\x00ppt/slides/_rels/slide1.xml.relsPK\x01\x02\x14\x00\x14\x00\x00\x00\x08\x00\x89+-\\Z\xa0\x0e\xad\xa6\x05\x00\x00\xe3\x0f\x00\x00\x17\x00\x00\x00\x00\x00\x00\x00\x00\x00\x00\x00\x80\x01\x1da\x00\x00docProps/thumbnail.jpegPK\x05\x06\x00\x00\x00\x00&\x00&\x00\xa3\x0b\x00\x00\xf8f\x00\x00\x00\x00', BytesIO)
============================== warnings summary ===============================
src\ai_service.py:6
  C:\Users\ma235\OneDrive\デスクトップ\OnepaperSlide\src\ai_service.py:6: FutureWarning: 
  
  All support for the `google.generativeai` package has ended. It will no longer be receiving 
  updates or bug fixes. Please switch to the `google.genai` package as soon as possible.
  See README for more details:
  
  https://github.com/google-gemini/deprecated-generative-ai-python/blob/main/README.md
  
    import google.generativeai as genai

-- Docs: https://docs.pytest.org/en/stable/how-to/capture-warnings.html
=========================== short test summary info ===========================
FAILED tests/test_integration.py::TestIntegration::test_full_pipeline_success - assert False
 +  where False = isinstance(b'PK\x03\x04\x14\x00\x00\x00\x08\x00\x89+-\\\xc6\xaf\xc4g\xb9\x01\x00\x00\xba\x0c\x00\x00\x13\x00\x00\x00[Content_Types].xml\xcd\x97\xcbn\xdb0\x10E\xf7\xfd\nA\x1b-\x02\x8bN\x9a&ia9\x8b\xb6Y\xf5\x11 \xc9\x070\xe4XfB\x0e\t\xce\xd8\x95\xff\xbe\x90\xfc\x80\x91\x97\x9c&F\xb9\x11@p\xe6\x9e\xa3\x91 P\xa3\xf3\xc6\xd9l\x0e\x91\x8c\xc7\xaa8,\x87E\x06\xa8\xbc6XW\xc5\xcd\xf5\xc5\xe0\xac\xc8\x88%ji=BU,\x80\x8a\xf3\xf1\x87\xd1\xf5"\x00e\x8d\xb3HU>e\x0e_\x84 5\x05\'\xa9\xf4\x01\xb0qv\xe2\xa3\x93L\xa5\x8f\xb5\x08R\xdd\xcb\x1a\xc4\xd1px"\x94G\x06\xe4\x01\xb7\x19\xf9x\xf4\r&rf9\xfb\xde0`\'\x92\xdf\x1a\xcc\xb3\xaf\xcb\xba\x16U\xe52\x04k\x94d\xe3Q\xccQ?\x80\x0c\xfcdb\x14h\xaff\x0e\x90\xcb\x10\x81\x00\xb9+w\xb6\x0c\xd1 C\xbc\x02f\x835\xe5\xe2I\xe8]\x80\xfa\x01\xd5\xb8\xd6\xba\xdbx\xba\'\x82\xa5\xd7\x99\xaeFQF\xb0]\rMM\xa0\x83\xc6\xd9g\x08\xed\xce\xf3\x80U\xdf\xef9\xc4h4d\x972\xf2/\xe9\xa0\xca\x85\xf6\xea2\xfa@B\x86P\xbe\x9c\xd2?Ph\x854\xe8A\x88>@d\x03\x1b\xe7\x17\xd9\xcaGx=|=\xa3\xb6{Gb\x08,\xda\xa7\xdea\xdf|\xbb\x8f\xde\x9fU\xf0.\x06\xeb\xbe}Hl\xb2\x9d4\xd8\'C\xd6h\xf8!\x17~\xc6\xb4\xbd8|o\xb3\xad\xec\x7fv\x1a\xa6(\x95\xe2\xa4\x8e\x12t\xfa\x98\xa0\xd3q\x82N\x9f\x12t:I\xd0\xe94A\xa7\xb3\x04\x9d>\xffo\xa7\x9f\x92\x18"m/\xf6\xf3\xcd\\f\xef\xe4\xb4\xb2\xd9\x8fG\x9f\x01\xcb[\x0bW\xbc\xb0\xf0\xee\x87\x90\xad\xe8\x83>\x8b)8X^\xdf>\x86.\xa6\x8f87\xf0g/G\xafM\xf0\xda@t\xbf\x1e\xe3\xbfPK\x03\x04\x14\x00\x00\x00\x08\x00\x89+-\\\xf1\r7\xec\x00\x01\x00\x00\xe1\x02\x00\x00\x0b\x00\x00\x00_rels/.rels\xad\xd2\xc1J\x031\x10\x06\xe0\xbbO\x11r\xd9S7m\x15\x11\xe9n/"\xf4&R\x1f`L\xa6\xbb\xa9IfH\xa6\xb2}{Q\x90Z\xd9\x96\x1ez\xce\xcf\x9fo2Y,\x87\x18\xd4\'\xe6\xe2)5\xd5\xac\x9eV\n\x93%\xe7S\xd7To\xeb\xe7\xc9C\xa5\x8a@r\x10(aS\xed\xb1T\xcb\xf6f\xf1\x8a\x01\xc4S*\xbd\xe7\xa2\x86\x18Rit/\xc2\x8f\xc6\x14\xdbc\x84R\x13c\x1ab\xd8P\x8e \xa5\xa6\xdc\x19\x06\xfb\x01\x1d\x9a\xf9tzo\xf2\xdf\x0e\xdd\x1eu\xaa\x95kt^\xb9\x99V\xeb=\xe3%\xdd\xb4\xd9x\x8bOdw\x11\x93\x8c\\\xf1/\xa1\xd5\x1ar\x87\xd2hf1\x9c\xb1`\x92\x9ft=\xc4\xa0\xcd8h~9\xe8\xf4\xb0&\xa2\x80\x03\x01#\xfd.\xbe\'\xf0\xe1\xa0qd_2q9\x9c\xd5[\xc6\xee\x14\xe8\xf6\xba K\x19\'\x9c\x891\x8b\xc72\xc2\xfaN\x9c{\xa1\xbbk\xae\x0c\x07\xc1\xe4\xd0\x9d\'\x01\xf3\xaf\xc8\x1c\xfd\xcc\xf6\x0bPK\x03\x04\x14\x00\x00\x00\x08\x00\x89+-\\\x8b\x14\xfc\xe3{\x01\x00\x00\xdb\x02\x00\x00\x11\x00\x00\x00docProps/core.xml\x8d\x92KO\xeb0\x10\x85\xf7\xf7WD\xddd\x958n\x81\x0bQj$@\xac@B\xa2W\x17\xb13\xf6\x90\x1a\xe2\x87<\xd3&\xf9\xf7(i\x1b\x9e\x0bv\x1e\x9d3\x9f\x8e\x8f]\x9dw\xb6I\xb6\x10\xd1x\xb7Ly^\xa4\t8\xe5\xb5q\xf52\xfd\xb7\xba\xceN\xd3\x04I:-\x1b\xef`\x99\xf6\x80\xe9\xb9\xf8S\xa9P*\x1f\xe1.\xfa\x00\x91\x0c`\xd2\xd9\xc6a\xa9\xc2r\xb6&\n%c\xa8\xd6`%\xe6>\x80\xebl\xf3\xec\xa3\x95\x84\xb9\x8f5\x0bR\xbd\xca\x1a\xd8\xbc(N\x98\x05\x92Z\x92d\x030\x0b\x13q\xb6Gj5!\xc3&6#@+\x06\rXp\x84\x8c\xe7\x9c\xbd{\t\xa2\xc5\x1f\x17F\xe5\x83\xd3\x1a\xea\x03\xfch=\x88\x93\xbbC3\x19\xdb\xb6\xcd\xdb\xc5h\x9d\x17\x05g\x0f\xb77\xf7\xe3U3\xe3\x86\xaa\x14\xccD\xa5UI\x86\x1a`\xe3\x117O/\xa0h7\xa8\x08\x92|db(\xf1\x15\xfa\xd6G\x8d;I\x03\xaah\x02\x19\xefD\r\x0e\xa2$\xd0\xc9\x06\x8d\xab\x93\xd0\xd3\xda\xbb,\x04\xea*\xf6\xc5;\x90\x1a\x89t\xeb\xb5y6\xa0/zqO\xb0\x85\xe4R:\xd7W\xec\xbb<lD\xd8\x9a\xe1\xdd\x05\x1f\x1d\xd3X\xed[\xdc%\x05\x9dth\xca]W\x07\xe5\xff\xe2\xf2ju=\x13\xf3\x82/\xb2\x82g\xf3\xbf\xab\xe2\xac\xe4G%?y\x1c\xd2}\xda\x7f\x07\xda}\x80\xdf\x13\x8f\xcb\xe3\xd3\x0f\xc4\x03`\xcc\xaf$A\xedc\xcf\xc4\x98\xff\xf3\x7f\x14oPK\x03\x04\x14\x00\x00\x00\x08\x00\x89+-\\\x9e\xd0\x8ey\xf2\x01\x00\x00m\x04\x00\x00\x10\x00\x00\x00docProps/app.xml\x9dTM\x8f\xd30\x10\xbd#\xf1\x1f,\x9f\xe0\xd0:\x85\n\xa1\xca\xf1\nZ\xadz\xa04R\xb3\xcbyH\xa6\x8d\xb5\x8e\xc7\xb2M\xb7\xe5\xd7\xa3\xc4\xdb\xb4\x85\n\tn\xef\xcd<\xcd\xa7\xc7\xf2\xee\xd0\x1a\xb6G\x1f4\xd9\x9cO\xc6\x19gh+\xaa\xb5\xdd\xe5\xfc\xa1\xbc\x1f}\xe4,D\xb05\x18\xb2\x98\xf3#\x06~\xa7^\xbf\x92\x85\'\x87>j\x0c\xec\xd0\x1a\x1br\xde\xc4\xe8fB\x84\xaa\xc1\x16\xc2\x98\x1c\xdaCk\xb6\xe4[\x88aL~\'h\xbb\xd5\x15.\xa8\xfa\xd1\xa2\x8d\xe2]\x96}\x10x\x88hk\xacGn\x08\xc8S\xc4\xd9>\xfeo\xd0\x9a\xaa\xae\xbe\xf0X\x1e\x1d\x06\xaedI\x11L\xa9[T\x13)\xceD~#_\x07\x95I\x91\x80\xfc\xe4\x9c\xd1\x15DMV\xadt\xe5)\xd06\xb2\x15T\xdaF\n\r+\xe8\x19}A\xdaF).\xb5\xb2\xf0\x18\xd0\xc6\x9e\xdd\xf7\xd5\xa9\xb5\x1d\x85\xca#Z\xb6i\xe8\x99\xbd\x99\xce\xde\xbf\x95\xe2\x86P\x16\xe0a\xe7\xc15})\x17Ln\x8c\xae\xb1\xb7\xbe \xf9\x95b2$ \x97\xba\xae\xd1\x9euW\\\xaeVs\xa3]\xef8A\xb9\xa9\xc0\xe0\xdc\x93S[0\x01\xa58\x1b\xe4\x12\xa1[}\x01\xda\x07%\xf7q\xb6\xc7*\x92gA\xff\xc4\x9cO9\xfb\x0e\x01\xbb\xa1\xe6|\x0f^\x83\x8d<\xc9\x12\xe9\xb1q!zU6\xd8\xa2\x14\x03\xef\xe1\xa5\xec\x12\xebi\xb7\x97\x04\xfe*L\xb1\xfa\xeeX\xa9\xa3\xc1\xf0\x0f)\xb2\xdb)\xc4\xd0\xa6\x92\xe2z\x00)\xc5z[\x80\x8f7\xe61\xb9\x9cG_C\x9aF*g\xdd?Lv{\x10\xf8\x92\xef\xb7\x0c+\xb0\xb0\xc3\xce1\xa09\xb5\x0e\xecQI1\xa0/\xda>\x85\x07W\xd2\x02"\x9e\xb6xm\x94\x9b\x06<\xd6\x0b\xaa\x86-\x0f\x06\xb9<:\xf4F\xdb\xa7\xcf\x10\xb0k\xfa\x9a\x0f4\xcc\x1b\xb0;\xacO!\xfett\x07\xf3\x98~\x0f5\x99\x8e\xb3,\xcb\xfa\xc38\xd9\xba\xf7~:k\xf5\x0bPK\x03\x04\x14\x00\x00\x00\x08\x00\x89+-\\\x15\xf3B\xc7E\x02\x00\x00\xb6\x0c\x00\x00\x14\x00\x00\x00ppt/presentation.xml\xed\xd7\xcdn\xa30\x10\x00\xe0\xfb>\x85\xe5K\x0e\xab\x96\x9f\xf0W\x14\xa7\xd2vU\xa9RV\x8a\x9a\xf4\x01\\\x18\x08\xaa\x19#\xdb\xc9\x92<\xfd\xca\x84\x04\x9aj\xa5>\x007l\xcf\x0c\x93\xcf\xc8\x81\xc5c[\x0br\x00\xa5+\x89l\xe6\xdd\xbb3\x02\x98\xc9\xbc\xc2\x92\xcd\xde\xb6\xcfw\xc9\x8ch\xc31\xe7B"\xb0\xd9\x11\xf4\xecq\xf9c\xd1\xa4\x8d\x02\rh\xb8\xa9$\x92\xb6\x16\xa8S\xce\xe8\xce\x98&u\x1c\x9d\xed\xa0\xe6\xfa^6\x80m-\n\xa9jn\xf4\xbdT\xa5\x93+\xfe\xb7\xc2\xb2\x16\x8e\xef\xba\x91S\xf3\ni\x9f\xaf\xbe\x93/\x8b\xa2\xca\xe0\xb7\xcc\xf65\xa09\x17Q \xba>\xf4\xaej\xf4\xa5Z\xf3\x9dj\xe3_\xf1\xb9%\xcd\x0f\xb0\xd9\xbfk0\xcf\x12\x8df\xd4\xa3\x84\xef\x8d|\x92\xb5M\xd2\xeb*3{\x05\x9aQ\x97.\x17M\xaaE\xfe\x87k\x03\xea%_is3C\xaa\x9cQ\xdf\x0b\xe2 \x99GAB\x89J\xed\x8cz\xc9=\xea,\x17\xce\x7f\xd2?_\x9f\x8b\x84\xd1(;\x1e\xb2\xc7\xb1\x9b\x13\xc9ZF\xbd\xd0\xf3]\xd7u)\xc9\x8e\x8czn\xf4`\x87\x94\x98c\x03\x8c\xeaL\x01`\xd0\xcem\x8d&Ei@\xf7\x89Q\x12&\xd7\xbc\x07/\x08\xec\xa0\x8b\xca\xa1\xe0{a\xb6\xd0\x9a\x8d9\nX.\xb8\x9d[\xafU\x7f\xf5\xbaVDp,\x19\x05\xbc{\xdbt\xfd\x8dC\xc4Ax\xcdZ\x91\x9a\xab\x95\xa5#\\\x94\xc8\xa8\xa0$\x87b\xcb\xdf7\'F\x830\xf6\xed\xdd\x95\x11]\x08\xf0\x15\xfeR\x1f\xdd\x16\xd8\x8d\xc6~\xe8R\xb2\xe3XVX\xae\xf7\x98\x19\xbb>\xeaB\x9f\x18\xf5\x12[\xe7\x03\x142j-\xbau-E\x95?WBt\x03\xfbl\xc0\x93P\xe4\xc0\x05\xa3\xa6=o\xc8MTw\xd7\xce\xad\xe0\x190\xfa\xb3\xc6;al$O\x81\xdf,\x00?/d\xfaf!\xd3\x03\xc7\xab\xe5p\xae\x1e=\x8d?\xd0\\\x10&\x1f\x7f\xf0\x99\x0f>\xe7\xc7r\xf29\xa3\xf4>\xc1\xe0\xe3\xcdc/\x9a\x80.*=P8\x02J\xfc\xa4\xeb~\x02\n\x07\xa0h\x00\xf2\xfd$\xea\xfe\x05&\xa0h\x00\x8aG@q0\x9f\xce\xe8\xabJ\x0f\x94\x0c@Vg:\xa4\xaf*=\xd0\xc3\x08(\n\xe3\xe9\x90\xe6\x17\x95\xee]\xf6\xeb+\xa6\xf3\xf9kc\xf9\x0fPK\x03\x04\x14\x00\x00\x00\x08\x00\x89+-\\R\x9cP\xc9\x1d\x01\x00\x00q\x04\x00\x00\x1f\x00\x00\x00ppt/_rels/presentation.xml.rels\xad\xd4\xbdN\xc30\x10\x07\xf0\x9d\xa7\xb0\xbcd"N\n\x14\x84\x9atAH\x1d\x90\x10\r\x0f\xe0&\x97\xc4\xc2_\xf2\x1d%}{$\xa8\xda$*\x11CF\xff}:\xfft\xb2\xbdZwF\xb3=\x04T\xcefQ\x1a\'\x11\x03[\xbaJ\xd9&\x8b\xde\x8b\xe7\xeb\x87\x88!I[I\xed,d\xd1\x010Z\xe7W\xab7\xd0\x92\x94\xb3\xd8*\x8f\xac3\xdab\xc6["\xff(\x04\x96-\x18\x89\xb1\xf3`;\xa3k\x17\x8c$\x8c]h\x84\x97\xe5\x87l@,\x92d)B\xbf\x07\xcf\x07=\xd9\xa6\xcax\xd8T)g\xc5\xc1\xc3\x7fz\xbb\xbaV%<\xb9\xf2\xd3\x80\xa5\x0bG\x08\xd4\xaa\x82\x17\x89\x04\x81\xb3B\x86\x06(\xe3\xbdpP\x91\xc6\x9d\xd1\\\\f-\xe6d\xf9\xa0,A\xd8\x02\x91\xb2\r\x9ei\xa3\x8dqa\x1a\xef\x94\xfdKx3\xaf\x10\xf058?\xb0\x1d\xa3\xa91\xdd\xce\x89\xd8+\xf8\x1a!N\xd1\x14\xe2nN\x04\xb5`\xe0\x0c\xf8Y\xfe\x86\x93\xf7e9\xabA\xee4l\xe9\xa0\xa17\x8a^8\x05\xb9\x9f\xfd=\x8d^\xd21=MC\x0c~\x8a\xfc\x1bPK\x03\x04\x14\x00\x00\x00\x08\x00\x89+-\\\\\x9cG\x14F\x01\x00\x00\x89\x02\x00\x00\x11\x00\x00\x00ppt/presProps.xml\xb5\xd2Ok\x830\x18\x06\xf0\xfb`\xdfAr\x8fI\xd4\xda*j\xd1\xea`\xb0\xc3\x0e\xdb\x07\x08\x1am\xc0\xfc!I[\xc7\xd8w\x1f\xb3v\xac\xdb\xa5\x97\x9d\x92\xcb\xf3\xf0{_\xdel;\x89\xd1;2c\xb9\x929 >\x06\x1e\x93\xad\xea\xb8\x1cr\xf0\xfa\xf2\x007\xc0\xb3\x8e\xca\x8e\x8eJ\xb2\x1c\xbc1\x0b\xb6\xc5\xfd]\xa6Sm\x98e\xd2Q\xc7\x95|6\xde$FiS\x9a\x83\xbds:E\xc8\xb6{&\xa8\xf5\x95fr\x12c\xaf\x8c\xa0\xce\xfa\xca\x0c\xa83\xf4\xc4\xe5 F\x14`\x1c#A\xb9\x04K\xde\xdc\x92W}\xcf[V\xab\xf6 \x98t\xe7\x12\xc3\xc6Yb\xf7\\\xdbK\x9b\xbe\xa5\xed\xe7\x1cW\xa4"\xd3)\x9b\xdc\x93u\xcb\xcf;\x18\x9e\x83\xf7f\x1d\xef\x9a$*a\x8c\xc3\x1d\x8cH\x14\xc0*i*\x18\xd7$\\cLp\x19\xac?\xbe\xd2$J;n[j\xbaGA\x07\xd6t\xdc\xd5\xd4\xd1\x0b\x8eD\x7fx\x82\xb7FY\xd5;\xbfUb\x99\x13iubF+>\x8fJ\xf0\xb2\xaf#\x1ds\x80\x01*24\xe3\xae\x8duHJ\x1c\x07%\\\'\x9b\x12Fa\x90\xc0\xb2\xaakXU\xe5f\x15\xc7\x01^\x11\xfcmd==\x8cn6\xd6\x9a\xff\x17\xef\xfc\xce\xdbD\xbf\xaf\xa7\xf8\x04PK\x03\x04\x14\x00\x00\x00\x08\x00\x89+-\\g3&\x8d\xa3\x01\x00\x00\x82\x03\x00\x00\x11\x00\x00\x00ppt/viewProps.xml\x8dSMo\xdb0\x0c\xbd\x0f\xd8\x7f\x10xo\xfc\x81\xd6\xcb\x8c(\xbd\x14\xdd\xa5\xc0\n$\xdb]\x95\x18[\x83,\t\xa2\x928\xfd\xf5\x83e;m\xda\x1cz\xd3{$\x1f\x1fIhu\xdfw\x86\x1d0\x90v\x96C\xb1\xc8\x81\xa1\x95Ni\xdbp\xf8\xb3}\xbcY\x02\xa3(\xac\x12\xc6Y\xe4pB\x82\xfb\xf5\xf7o+_\x1f4\x1e\x9f\x03\xeb;c\xa9\x16\x1c\xda\x18}\x9de$[\xec\x04-\x9cG\xdbwf\xe7B\'"-\\h2\x15\xc4Q\xdb\xa63Y\x99\xe7U\xd6\tma\xaa\x0f_\xa9w\xbb\x9d\x96\xf8\xe0\xe4\xbeC\x1bG\x91\x80FD\xed,\xb5\xda\xd3\xac\xe6\xbf\xa2\xe6\x03\x12\xda\x98\xaa/-\x19A\xf1\xaf\xc6#\x072j\xdb\xee\xbb\x17+\xb4\x19\x18X\xaf|m\x07\x91\x04\x9f\xc3\x80\x03Rt\x01\xd5\x13\xee"\xa3W\x0e\xc5]U\xe6\x90\xbd\x8fm\x9dO\xa1\x9f\xb7U\x95B\xd9g\x1d2Z\xe1\x1b\x94\x1b\xa3F\xc4\xc8\n\xbfu\xbf\x82V\x1cr\x98\xe0\xef\x97\x7f(#q(\x92+9\xe5\x1eD\xd8Hap\xe6i\x00\xeb\x95\xa8\xa9g\xc3\x89\xcb[`\x8aC\x91\'\x1b\xa2\xa6\xd3\x15:;\xd7\xf9\xda\x05\xddh\xcbz\x0e7\xc5]Q\x02;\r\xaf\xa2\x9c\xf2\xa6\xbeCf\xb3\xd7\n\x9f(\x9e\xdf\xcc\x05\x8d6rh]x\x05\xe6\x1dq(\x8bq\x01s\x8aO\xe4r9\xf7}\x13\x19\xc4\xcf;\x18=]n\xc8\xba\x88\xb4\xc5>\x1dkZ\xda\xbbu~\x18<\xcf\xaf\x0e~I_\x1f<OC\xcf\t\xe7\x1e\xe9\x86\x9f,4A\xab\x8d\x17R\xdb\x86\xc9\x9e\xc3\x8f\xaa\x1cz\xc8\xd3\xfc\x1cU\xc6\xef\xb3\xfe\x0fPK\x03\x04\x14\x00\x00\x00\x08\x00\x89+-\\\x93\nmu!\x06\x00\x00\xe7\x1d\x00\x00\x14\x00\x00\x00ppt/theme/theme1.xml\xedYMo\xdb6\x18\xbe\x0f\xd8\x7f xo\xe5\xcf4\t\xaa\x14\xb1\x13\xaf[\x936H\xdc\x0e=\xbe\x96h\x89\rE\n$\x9d\xc4\xb7\xa1=\x0e\x180\xac\x1bv\x19\xb0\xdb\x0e\xc3\xb6\x02-\xb0K\xf7k\xb2u\xd8:\xa0\x7fa %\xcb\x92M\'i\x92n\x05Z\x1fl\x92z\xde\xaf\x87|_\x92\xf2\xf5\x1bG\tC\x07D**\xb8\x8f\xebWk\x18\x11\x1e\x88\x90\xf2\xc8\xc7w\xfb\xbd+\xcb\x18)\r<\x04&8\xf1\xf1\x98(|c\xed\xc3\x0f\xae\xc3\xaa\x8eIB\xd0Q\xc2\xb8Z\x05\x1f\xc7Z\xa7\xab\x9e\xa7\x82\x98$\xa0\xae\x8a\x94\xf0\xa3\x84\r\x85L@\xab\xabBF^(\xe1\x90\xf2(a^\xa3V[\xf2\x12\xa0\x1c#\x0e\t\xf1\xf1\x9d\xe1\x90\x06\x04\xf5\x8dJ\xbc6Q\xbe\xc9HB\xb8Vf `r\xcf\xa8&\x15\t\x8b\r\xf7\xeb\xe6G\x8dU\x97It\x00\xcc\xc7\x87\x94\x87\xe2\xb0O\x8e4F\x0c\x94\xee2\xe9\xe3\x9a\xfd`o\xed\xbaW\x081\xbd@\xb6$\xd7\xb3\x9f\\.\x17\x08\xf7\x1bVNF\x83B\xb0\xdek\xad\\\xdb(\xf4[\x00\xd3\xf3\xb8\xcd\xcd\xcd\xeef\xbd\xd0g\x01\x10\x04\x84\xe7\xbe\x94\xb1\xad\xder\xbd3\xd1Y\x02e\xcdy\xdd\xddZ\xbb\xd6\xaa\xe2K\xfa\x9bs\xf8\x95N\xa7\xd3^\xa9\xe0-(k\xb6\xe6\xf0\xcb\xb5\xa5\xd6z\xa3\x82\xb7\xa0\xac\xd9\x9e\xf7\xbf\xb3\xde\xed.U\xf0\x16\x945\x97\xe6\xf0\xbdk+K\xad*\xde\x82bF\xf9\xfe\x1c\xda\xccg13\x05d(\xd8M\'|\xb9V\xab-O\x16\xc0\x14\xe5\x95VW&\xcf\xf5\xa2\xb5\x96\xc0\x03!{\x82k;\xb9\xa0)Gz\x9c\x92!\x04\xc4\xc7]`t \xa91\x00\xab\x04JO\xb2\xa1@\xcd\r\x19[H\x05\x92\xa6\xda\xc7\x9f\xa4\xc0q\t\xf2\xea\xf9O\xaf\x9e?E\xaf\x9e?9~\xf8\xec\xf8\xe1\xaf\xc7\x8f\x1e\x1d?\xfc\xc5!x\x13xT\x16|\xf9\xc3\x97\xff|\xf7\x19\xfa\xfb\xe9\xf7/\x1f\x7f\xed\xc6\xab2\xfe\x8f\x9f?\xff\xfd\xb7\xaf\xdc@]\x06\xbe\xf8\xe6\xc9\x9f\xcf\x9e\xbc\xf8\xf6\x8b\xbf~|\xec\x80\xafK\x18\x94\xe1}\x9a\x10\x85n\x93C\xb4+\x12\xe0.\x03d _O\xa2\x1f\x03-K\xac\xf3H\x01\x07#\xe3@o\xea\xb8\x82\xbe=\x06\x06\x0e\\\x87T\x19\xbc\')\x0f]\xc0\x8fF\x0f*\x0e\xef\xc5r\xa4\xa9\x03x+N*\xc0m!XGHgL\xb7\x8c\xad2\x0b#\x1e\xb9\x8d\xcbQ\x19\xb7\x0bp\xe0\xb2\xdd\x9d\x99\xdf\xcdQ\x1a\x93\x84\xbaTvcRqs\x87\x01\xd7\x10\x11N42\xcf\xc4>!\x0e\xb1\xfb\x94Vx\xdd\xa6\x81\x14J\x0c5\xbaOQ\x07\xa8\x93\x92>\x1dh\xb7\xd0M\x9a\x00\x83\xb1\xcb\xc1~\x0c\x15n\xb6\xef\xa1\x8e`.\xf5\x1b\xe4\xa0\x8a\x04\x1e\x01s\xa9$\xacB\xe3G0\xd2\x908=\x86\x84\x95\x91[\xa0c\x97\x93{c\x19T\x08WZ\x02\x8f\x08\x13h3$J\xb9d\xee\xc8q\xc5\xdd[\xc0\xa8{\xda\xb7\xd98\xa9"\xa5\xa6\xfb.\xe4\x16\x08QFn\x88\xfdn\x0cI\xea\xf4\x99\xf2\xb8\x8c\xfdX\xed\x0b\xc1\x00\xed\x08\xedtBT3\xc4\xf4\x05\xa3\xc0\x17N\xf7=J\xf4\xeb\xe5\xf6]\x1a\xc5\xee\x05b\x9e\x8c\xa4+%\x88\xa8\xe6\xe3\x98\r\x81X\xe5\xdeL\xb9N(\x7f_\xbb\xcf\\\xbb\xd7%u&\xcfl\xc5^\x84\x9b\xad\xd3]!C\xfa\xf6\x97\xe9\r\x18\xf1\x1d\xc2\xe3\xf7U\xfa}\x95~\'\xab\xf4\xa2|\xbe\xfc\xda<-\xc7^\xf9\xd0m\xd5$\x0bO\xe0C\xca\xd8\x9e\x1e3\xb2\xa5l!W\x82\xd1\xb0G\x19\xb3\x1d+T\x1c\xf8\xd3\xb8\xcb\xacc\xde\x0c.\x92`\xdbH\n\xfd)\xd5\xf1^\x0c)\xf1q\xddZ\x88T\xae:R(\x15\xca\xc75\xbcP\xb7\xbd\xabR\xae\xb3\xb1\xf6\xe4\x82\t\xab\n\xf4\xb6\x08\xb3\xe1f\xf9\xe2Y\xa8\xb1\xbdH\x95\r5\x8d\x82\xb3\x1ak^\xbb\x98\xb1z\x06<\xa3\xb5z\xdbm\xad}\xa25\xaf\xc4&\xa3\x1c\x81y\xadP_jd\xa6\x91\n\x80\x91\xd0\xf0\x9e)\x98L\xcb\x1b\x9c\xa2<\xea,\x90\x18B\xe2\x18.\xc5Wo\xbe\x116\xdb\xaf\xe5\xc4\xe5\x90\\\x9b#\xd9\x9b\xcf&\xc6\xab=t\xe8\xe3\x95v\xa3\x8dQ\x00\xa9\x8f\x87\x0c4FA\x92\x86>V\xa6\xd2\x00\x8b\xb8\x8f\x03\x9d\x05xz.\xceD\xbc\xe2^U\xf5Z{Q\xc0\x15\x13\xa9Tz\x03T\x9cI\xd9G\x93\xd7*|\xea\x7f\xa3\xdd2<\\N\x00\xdey\xbdh.\xd7\xffG/\xbc\xd9\xa9%\xc3!\t\xf4\x82\x91i7\x7f&F\x9a\xc8\xbd8<D\x036\x92\xbb\x10\xfa\xb8\x95\xad\xae\x90*\xed\xe3\xc6\xa4#}l\xd8\xb6\xbdj\xe2\xe6\xb91\xfb\xfa&\xcf\x19`i\x0c\xf9j7\xafi&\x11fp\xdb.|\xb0\xbd\x92{\xde\x02\xdf\xcf\x19J\xf3\x12Ci\xbf\xbb\xa1\x98\x95K8i\x86\xf6\xf6\x04\t\x91\x80\xcc\x1a\xf5\xb1\x90:\x16\x91\x844\xa6AO\n\xae\xad-)4b\xa0\x8dK\x88\x99\x97\xd1\xc6Wr0\xad[\x99\x8e\xac\xc8E\xb1\xde\xa5\x11\x924\xf2\xb1\x8e%!;:\x8f\xf3\x14e\xf5\xbc*\xe6\x99\x91+\xca\xebL\xe1\xaeJ\xb3\xdf\x019 \xaco\xb2w\xc9\xc4\x8fQ<\xa9&9\x11\x167;i\xd5~N\xc6 \xea\xbd\xc5\x07\x97\xd6\xb96\x9e\xa9\xa1L\xfe\xac\xc6JE\xbf\xb4\x15\xac\\\xcc\x85\xb3l\xc0%sY\xc5\x9a3\xd7h\xb7\xcf\xba\xd5\xa6\xa0cd\xbe|\x1cP\x19\xb0\xe9\xf1\xb4/vI\xa0Q\xb1\xcf#\xed\xe3+\xa6\xaa\x99UX\x0c\x0e|\\\xcf\x063kF\xd5\x7fu\n*\xec\xbe\xc1\xb3c\x89\xec\xe6\x02\xb2O6w~\xb2\xdb\x0e\xae\xdb\'S\xed\xcd\xa7\xa8W\xba\x87\xd8\xde\xdc\x9fRb\xf0\x80\x04z\x83\x0ca\xc4\xb2\x11\x95n\x90a\xd6\xd8\x916\xe0\x81\x08\xc7y\x93\xa9\xac$dDLJ:\xe3\xbbd\x88hx4\x99\xd6\x19F\xf3\x7f}\x8a\xcd|73`b/\x04\x9b\xa7\x0b\xe6\xf8\xe9&R\x087N\x17.$&w\xbcB\xd8\xde\xe2\\\n\xd8\xd4r\x86\xcff\xb9(\x91\x05S\x8c_\x84\xb2\xc6y)\xab]\x84\xb23L\xd49(\xd3G\'S\x963ev\xdd\xb9\x85G\x8e\xb4\x84\xee\xe4o\xac-\xa53Ev\xc9\xae\xfd\x0bPK\x03\x04\x14\x00\x00\x00\x08\x00\x89+-\\\xd8\xfd\x8d\x8f\xa5\x00\x00\x00\xb6\x00\x00\x00\x13\x00\x00\x00ppt/tableStyles.xml\x05\xc1\xdd\x0e\x82 \x18\x00\xd0\xfb\xb6\xde\x81}\xf7\x08)\x96\xb9\xb0\x99\xdaUw\xd5\x03\x90\xe2\xcf\x06\x1fMX\xd9Z\xef\xde9\x87\xe3b\ry\xe9\xd9O\x0e%l"\x0eDc\xeb\xba\t\x07\t\xf7\xdb\x99f@|P\xd8)\xe3PK\xf8h\x0f\xc7b\xbd:\xa8<<\xcc5|\x8c\xbe\xf8@\x16k\xd0\xe7J\xc2\x18\xc23g\xcc\xb7\xa3\xb6\xcaG\xee\xa9q\xb1\xa6w\xb3U\xc1Gn\x1eX7\xab\xf7\x84\x835,\xe6|\xcb\xac\x9a\x10H\xa7{\t\xdf\xb4\x8a\xe3T\x88\x92\xee\x9afKE"bz\xe2"\xa3Yz\xaa\xab\xfd\xb9\xdeTI\xf9\x03V\xfc\x01PK\x03\x04\x14\x00\x00\x00\x08\x00\x89+-\\\xa6-\xa25\xeb\x06\x00\x00\xd2.\x00\x00!\x00\x00\x00ppt/slideMasters/slideMaster1.xml\xedZ]\x8e\xe36\x12~\xdfS\x10\xdc\x87~\x08<\x92(\xea\xcfhu\xd0v\x8f\'\x03t&F\xbas\x00Z\xa2l\xa5)RK\xd1\x8e{\x82\x00s\x87\xdc`o\xb1\xbbo{\x949\xc9\x82\x94d\xc9n\xf7\x1f\xe2\t\xc6Y\xbf\xd8T\xf1S\x91\xac\xaf\xaaH\x96}\xfe\xed\xba``Ee\x95\x0b\x1e\x9f9o\xec3@y"\xd2\x9c\xcf\xe3\xb3\x9fn\'\x83\xf0\x0cT\x8a\xf0\x940\xc1i|vO\xab\xb3o/\xfev^\x0e+\x96~O*E%X\x17\x8cWC\x12\xc3\x85R\xe5\xd0\xb2\xaadA\x0bR\xbd\x11%\xe5\xeb\x82eB\x16DUo\x84\x9c[\xa9$\xbf\xe4|^0\x0b\xd9\xb6o\x15$\xe7\xb0y_\xbe\xe4}\x91eyB\xafD\xb2,(W\xb5\x12I\x19Q\xb9\xe0\xd5"/\xabV[\xf9\x12m\xa5\xa4\x15\xe5\xca\xbc\xbd5\xa5\x8b\xf3r\x98\xdc\xb0T\x7f\xcf\xe6\xf5\xe7\x8f4\x03y\xba\x8e\xa1c\xdb\x0e\xbc8\'C\xa3\x99\x8e\x99\x04+\xc2b8\x9b;\xd0\xba8\xb7\x1ap\xd3\xd2/W\xe5\xad\xa4T\xb7\xf8\xea\x9d,o\xca\xa94#|XM%\xc8\xd3\x18:\x10pR\xd0\x18j\x05\xa6\xa3\x81\x99G\xbe2\rk\xe7\xf5y\xdb$\xc3u&\x0b\xfd-\xb2\x0c\xacchCp\xaf?--\xa3k\x05\x92Z\x98t\xd2d\xf1\xc3\x1el\xb2x\xbb\x07m\xb5\x03X\xbdA\xf5\xaa\xea\xc9=\\\x0ej\x97s\x9b+F\xc1\x94\x91\x84.\x04K\xa9\x04\xc6D\x06\xdb\xce\xbd*\xafErW\x01.\xde\xc9R\x9b\xa2^\xea\x06Q\xaf_\x7f\x97\x0b\xa0\xeeK\x1aC\xa5\xd56\xb8\xba\xd34\xba\x89\xed\xb5\n\xf6\x02d\xd7\xcbE\x01\xf6\xddp\xdb>!B\x91o7\xebv\x1c\xec\xda\xf6\xf6\xea\xc9\xb0\x94\x95zGE\x01t#\x86\x92&\xca8\x02Y]W\xaa\x86\xb6\x103\xa5z"\xe5P\xadG"\xbd\xd7\xc8\x99H\xef\xa7R\x07\x9c\x8a\xe1B\xc8\x8f\x10\xb0\xf7\xbc\x8aa\xe4`lC\xa0\xcc\x83\x99)\x04\xb2\xdf3\xdb\xeaQl,\x98a\x89\xf0d!d\x0c\x13%\xcd\\\xb8\x90\xc5\xe5R\x89,ofT\x0f\xa9\xbbX\xa5n\xd4=\xa3f\xd9\xa5\xfe0b9\x95\x80\x11>\x8f!\xe5\x83\x9fn \xa8\n5f\x94\xf0\x8d[\xa8\x8b1\xcb\x93;\xa0\x04\xa0i\xae@\x13\xf7\x86\x06Pi\x95z e\x863*)O\xa7D\x92\x1fw47&2\xb6imb\xcc\xf4\xb4;\xb9\x1bw\xd2\\\xf5\xbd\t\x1d\xc2\x9b\xb4\x81`\x13\xda\x7f\xc4\xa9\x1c\xdf\xb6u\xfbq\xaf\xc2\x1e\xf2"\xdf\xfd\xfa\xbd\xea\xd5\x8eTj\xa6W\xe6]\xeb\x00\x8e\xa5\xadg\xfc\xaa\xdar\xac\xdayv\x87t^9\xe4\rM\x04O\x01\xa3+\xca^\xa0\x1e\xbdR\xfd\xed"\x97/\xd7\xee\xbeR\xfbD,\xa5Z\xbcX=~\xad\xfa<\xdb\xab\xfd\xd0!\x8d\xdb\x90\xbe"j{\x83p\x0f\x11\xd2\xa9\x82\xa0\xfa\x18\xc3\x05aY\x13\xda\xe8\x8f\x84\xb6\xefz\xbe\xeb\xed\x846r\\w\x13\xda\xae\xef9\xc8;\xb2\xfd\xc2\xea\x07\xb3i\xaf\x98\xa3}\x87\xb09\x8f!3\x93Mi\xa6I\xd7\xe6t\xb4=\x0c%\x82\xe5\xe9$gl\xcf1H\xad\xeb\xd3\x91\xca\xb9\xaa%\x81\xd7m\xa5\x1bp\xfd\xd4\xe9\xb1\xda\x91L\xb3\x99H\xdd\xeeM\xd0xw\xc6R\xe3D\xbfz\xa3\xf1\xe5\x95\x1dz\x83\xb7\xe1\xa5?\x08C\xec\rFW\xf8\xed`<\xc2\xe3\xf1\xa5\xedE\x931\xfe\r\xb6>A\x14UyA\'\xf9|)\xe9\x0f\xcb\x9a\x8a\x97\x04\x85c\xa1\xc0r\xdc. 2}2<tHxmHL\x84\xd0I\xb0\x1f\x14\xf8\x10A\x91)YG\xc5?\x96D**\x9b\xc0p_\x1d\x18\xae\x83\xf0\xd3\x91\x11F\xde_:2\xda\xc3\xd6\xd7\x17\x1b\x87\xf5I\xbf\xf5\xc9\x1b\x96\xa7\x14|X\x16\xb3\x1d\xcf\xf4\x0e\xe1\x99\x15K?,\x8b}\xce\x89_\xed\x9c\xbe\xe7\xb9\xff\xdfi[~\xedi{\xecL&\xfe\xd5e4\xb0\xedp2\x08G8\x1cD\xe8\xd2\x1f\x8c|\x0f\xa1(\xc4A8\x9al\xd2v\xa5=\x8f/\x8b\x17g\xeb\xcf\x9f\xfe\xf5\xf7\xcf\x9f\xfe}\x80lm\xf5o\xeet\xad\xae+\xd5\xb4\xc0R\xe61\xfcu4\x8a|4\x0eG\x83\x91\x83\'\x03|\x15\x05\x83\xcb\x89\xef\r&\x9e\x8b\xf1x\x14^\x8e\xdd\xb7\xbf\xe9b\x82\x83\x87\x89\xa4\xa6\xce\xf0>m+\x14\x0e~P\xa3(\xf2D\x8aJd\xeaM"\x8a\xa6\xd8a\x95\xe2\x17*K\x91\x9bz\x87c7E\x13C\x11Bv\x14\x05\x81\xe7DM\x9c\xd0\xb5^s7[\xab\xabc$L~OJ0\x9b;1d\xca\x81@\xad\x9d\x18\xa6w\x0e\x04\xb39\xd22\xa4eH\xcb\x10\x04$I(WN\x0c\x9bF+A\xadd\x83q[\x89\xdbJp+\xc1\xad\xc4k%^+\xf1[\x89\x0f\xc1\x82\xe5\xfc.\x86\xe6\x0b\x82L\xb0\xefjA\xdb\xaasL\xc5\xd2kr/\x96\xea}\xda0\xd1\x93\xd4u\x07\x07\x078t}\x1cA \x87Z"\xdf\xa7M\xc5\xe11\xacg\xf7\xb0\xe8\x19\xac\xd3\xc3\xba\xcf`Q\x0f\x8b\x9f\xc1\xba=\xac\xf7\x0c\x16\xf7\xb0\xfe3X\xaf\x87\r\x9e\xc1\xfa=l\xf8\x0c6\xe8a\xa3g\xb0a\x9f\x0b\xfb\x19\xf0\x16q\xed\xd6\xf1\x90x\xb56\xa9\xa52m]\x85xb\x9f\x06)\xcdn\xc9\xec\xe6cw\xa2\x97\xaaN\xaa\x94\\\xf3\x91\xbc3\xf57]C\xe4\xcd\xa3\r\xc1\x82\xf0y\xce\xe7\xd3%O\x94\xee\xafw\xb6d\xa4\xebz\xa65M\x9a4\xb9I\x91\x9b\xde\xd9\xf2\x83\xe0\xf5\xe5\xb8\x97\x851\xd6C\xdfQ\xc9_\x91\x91\x1b\xd5}\x94\x99\xa8I\x8e\x19Ih\x0c\xbf)~\x1e0\xd5\xecqd\xa7\x83\x92\xa6\xb0W\xedt$U\xa3{o\xf6\xde\xb6ji\xf6\xb3\x07&.\x88\xbc\x8e\xa1\x8bQ\xa4\x17\x96\xf3\x94r\x15\xc3A+h\xef\x10_\xda\xfe\xc8\xeemS=\x0e&\x82\xab\xde\xa2/eNXm\x8c\xd9r\xbc \x12$\x0b"c\xf8\xf9\xd3?\xe1.U\xf5\x01\xe2KP\xc5\x1f\xa3\x8a?F\x15\x7f\x9a*\xd3D\x1d\x1d\x01F\x91\xd7\xa7\x03\x85^\xe0\x1d\x13\x1d\xbf?\xa0\x03\x85G@\x07\xea\xe8p;:\xda:r\x8f\x0f\x14\x9a\xd3\xe7\x11\x87\x07\xc2G\xc0\x87\xdb\xf1\x81{|45\xda#\xe6cO|\xd8G\xc0\x07\xee\xf8\xf0:>\x90\xed\x05\xf8\x98\xf9\xf8\xef\x7f\x8e\x93\x0e\xaf\xa3\xc3\xef\xd1\xe19\xd8\xff\xcb\xa5\xabc\xe0\xc3\xef\xf8\x08z|D\x81c6\xbf\x13\x1f\x7f2\x1fA\xc7G\xb8{\xd8=\xf1\xf1\xe7\xf3\x11v|D=>\xc2\xd0?\xf2\xed\xfcH\xf9\xd0$\xd4\xffp\xe9\xae\x86\xe5P\xa8\x05\x95\x9b\x8bbJ\xb3i\xcdZ\xb3\xba\x87u\xb7\x0e\xb2}\xab\xfc"\x0c\xf6K\xa2\xe1\xd1\xde\xf0Z#\x9c\xec\xb3\xff\xcae\n\xe9\'\xfb<~\x05r\x03}\x0b:\x19\xe8\xb1;\x89\x13\xa2\xd0\xcc\xfed\xa0Gn\tf\x8f=\x19\xe8\xf1c{\x80\xeb\x12\xe2\xc9@\x8f\x9c\xa3\x91m\x9f\x92\xf4S\x07[\xdf\x0bNI\x9al\x9d4\xfb\x87K\xf3cm\xfb\x1bP\xfd\x13Q\xfd\xdf\xc1\x8b\xff\x01PK\x03\x04\x14\x00\x00\x00\x08\x00\x89+-\\\x19\xcb\xf1\xf9\r\x01\x00\x00\xc6\x07\x00\x00,\x00\x00\x00ppt/slideMasters/_rels/slideMaster1.xml.rels\xc5\xd5\xbdj\xc30\x14\x05\xe0\xbdO!\xb4h\x8ad;\x89\xe3\x94\xc8YB!\xd0\xa9\xb8\x0f \xeck[T?FR\x8a\xfd\xf6\x85\x16J\x0cAt(h\xd1p\x11\xe7~\xd3=\xa7\xf3\xac\x15\xfa\x04\xe7\xa55\x9c\xe44#\x08Lk;i\x06N\xde\x9b\x97ME\x90\x0f\xc2tBY\x03\x9c,\xe0\xc9\xb9~:\xbd\x81\x12AZ\xe3G9y4ke<\xc7c\x08\xd33c\xbe\x1dA\x0bO\xed\x04f\xd6\xaa\xb7N\x8b\xe0\xa9u\x03\x9bD\xfb!\x06`E\x96\x95\xcc\xddg\xe0z\x95\x89\xae\x1d\xc7\xee\xda\xe5\x185\xcb\x04\x7f\xc9\xb6}/[\xb8\xd8\xf6\xa6\xc1\x84\x07+\x98W\xb2\x83W\xb1\xd8[\xc0\xa8\x11n\x80\xc01\xa5\xf7\xf3\xd5\xa7\x9c\xceZa\xf6XV\xa4\x94\x151\xd96\xa5l\x1b\x93\xedR\xcav1\xd9>\xa5l\x1f\x93\x95)eeLvH);\xc4dUJY\x15\x93\x1dS\xca\x8e1Y\x9e%=\xb5Y\xd4\x96\xb6\x06\xf2\xa8\xed_\x8b \x8c\xa0a\xa5\xfa\x9e\xfc\xbc\xbf\x0e\xb6\xaa\xdf\xfa\x0bPK\x03\x04\x14\x00\x00\x00\x08\x00\x89+-\\K\x89PW\xc0\x03\x00\x00\xad\x0c\x00\x00"\x00\x00\x00ppt/slideLayouts/slideLayout11.xml\xb5W\xcdn\xdb8\x10\xbe\xefS\x10\xda\x83O\x8a~,\xc9\xb2\x11\xa5\xb0\xe4\xa8X M\x8c\xb5\xbbwV\xa4l\xa2\x14\xc9%iW\xde\xa2@_k\xf7q\xfa$\x0bRV\x9c8\xde\xc0\xc1\xba\x17\x89\xa2f>\xce|\xdf\x8c5\xbe~\xd76\x14l\xb1T\x84\xb3l\x10\\\xf9\x03\x80Y\xc5\x11a\xabl\xf0qY\xba\xe9\x00(\r\x19\x82\x943\x9c\rvX\r\xde\xdd\xfcr-&\x8a\xa2;\xb8\xe3\x1b\r\xda\x8625\x81\x99\xb3\xd6ZL<OUk\xdc@u\xc5\x05fmCk.\x1b\xa8\xd5\x15\x97+\x0fI\xf8\x85\xb0UC\xbd\xd0\xf7\x13\xaf\x81\x849{\x7fy\x8e?\xafkR\xe1\x19\xaf6\rf\xba\x03\x91\x98BM8Sk"T\x8f&\xceA\x13\x12+\xcc\xb4\xf5~\x1e\x92\xde\t\x9c9[,\xf5\x92h\x8a\xa7\x0c-[\x07X{\xb9\xc5\x99\x1387\xd7bR-(\x02\x0c68s\xfe\xc0R\x93\nR`\xed\x01d\x08,q\xab\xad\x99\x12K\x89\xb1Y\xb1\xed{)\x16b.\xad\xf7\xfdv.\x01A\x06m\x8f\xe2x\xfb\x17{3\xfb\xc8\xb6v\xe1\x1d\xb9\xaf\xfa%\x9c\xb4\xb5l\xcc\x9d\xd75h3\xc7w\xc0\xce\\=\xb3\x87[\r\xaan\xb3:\xecV\xeb\x87\x13\xb6\xd5\xfa\xf6\x84\xb5\xd7\x1f\xe0=9\xd4d\xd5\x05\xf72\x9d\xd09MJ\xf0\x98^\x1f\xb8\x12w\xbc\xfa\xac\x00\xe3\xef\xa50<ty>Zt\xc9\x9b\xbbX\xef5\xd1\x06\xca\x01\\\x12\xcct\'\xd1\xde\xab3\xb5\x8bC\x8c\'\tJ\x92p\x1c\xf9]\xea\xe1(J\x86\xe9s\xaeB?\x1e\xd9\xf7\x86\x838\x8d\x838\x8c\x8f\x99\xe8\xa0\xc5D\xb79G;\xe3\xfd\x89\xa3\xdd\\\x9af\xd2\x99\x83\xa1I\xbe\x83\xa5J/\xf4\x8eb\xfb \xcc\xc5\x06%\xe7\x12P\xc8V\x99\x83\x99\xfbq\xe1\x00\xd5\xe8\x82b\xc8\x1e\xf5\xd07\x05%\xd5g\xa09\xc0\x88h\xf0\x01*\x8d%\xb0\x14\x00e MH\xda\x06f!1Cs(\xe1\xefG\xc8]\xe8\xc2\xc6\xdd\xc7kSx]\xc7\xe1K\x1d\rCs\n+\xbc\xe6\x14a\t\xc2KHj\x88;R\x14\x10\xd4\x1e\x9c\xcfW6\x8aG\xe1+\xc2&~0N\x7f\xa6\xb0\xc20\xbf\xa5\x8f\n\xfeO\xa1M\xdcVg\xf5L\xe8N\xcc\xe3#\x837\x1e\xb9\xc0\x15g\x08P\xbc\xc5\xf4\x0c\xf8\xf0\x8d\xf0\xcb5\x91\xe7\xa3\x0f\xdf\x88^\xf2\x8d\xd4\xeb\xb3\xe1\xa3\xb7\xc2\x93\xfa$\xfa\xa5[,\xea[l\x065~\xd6Y\xc3Kt\x16\xd2\x0eP\x7fe\xce\x1a\xd2\xba\xef)\xff\xf5\xa6\xf2N\xd5\xfe\x7fT{M\x91\xcd\xe2k\x9c\x17\xd3\x99\x9f\xc6\xeem:M\xdc4\x8db7\x9fE\xb7n\x91GE1\xf5\xe3qYD\xdf\xfa\xaf*\x82\x1ak\xd2\xe0\x92\xac6\x12?l\xccG\xf2<U\x02/\x1cy\xc1\xf0\xa0HM\xd1\xe55\x89{MJ\xceM\x17>U%\xba\x84*\xb5\x96\x9d,\x7fn\xa0\xd4X\xf6\xca\x04\x97S\xe6\xb2\x8c$=#\x0bJ\x10\x06\xf7\x9b\xe6\xd3\x11/\xf1%xQ\x14\xddo\x9a\x93\xd4\x84?\xa1h\x8b\xa0,\x93\xd9t\xec\xfa~Z\xbai\x1e\xa5\xee8\x9c&n\x9e\xc4a8N\xa3Q\x9a\x97\x8fE\xabL\xe6l\xd3\x9c]\xab?\xbe\xff\xfd\xeb\x8f\xef\xff\\\xa0V\xbd\xa7\x13$n\xf5\x9d\xd2\xfb\x15\xd8H\x929_\xf3|\x9c\x84E\x9a\xbby\x10\x95n4\x1b\x8f\xdci\x99\xc4n\x19\x0f\xa3\xa8\xc8\xd3i1\xbc\xfdf&\xd1 \x9aT\x12\xdbq\xf77\xd4\x0f\xcaA\xf4bTnH%\xb9\xe2\xb5\xbe\xaax\xb3\x9f\xb9=\xc1\xbf`)8\xb1cw\xe0\xef\x07\xe5-4?\xdeI\x10\x86\xe1p4\xeee\xc2\xad\xc9\xf9\x10\xad\x11~a\xf2\x17\x93\x8a\xca\x0fP<lm\x914\xf6;W\xd8-A\xd8j_#\x07\x13\x93{\xff?\xe3\xe6_PK\x03\x04\x14\x00\x00\x00\x08\x00\x89+-\\\x80e\xe1\x88\xbb\x00\x00\x006\x01\x00\x00-\x00\x00\x00ppt/slideLayouts/_rels/slideLayout11.xml.rels\x8d\xcf\xb1j\xc30\x14\x05\xd0\xbd_!\xb4h\xaadg(\xa5X\xceR\n\x19\xb2\x04\xf7\x03\x84\xf4l\x8bH\xef\t=%8\x7f\x9f5\x86\x0e]/\x97s\xb9\xc3q\xcbI\xdc\xa1r$\xb4\xaa\xd7\x9d\x12\x80\x9eB\xc4\xc5\xaa\xdf\xe9\xe7\xfdS\tn\x0e\x83K\x84`\xd5\x03X\x1d\xc7\xb7\xe1\x02\xc9\xb5H\xc8k,,\xb6\x9c\x90\xad\\[+_\xc6\xb0_!;\xd6T\x00\xb7\x9cf\xaa\xd95\xd6T\x17S\x9c\xbf\xba\x05\xcc\xa1\xeb>L}5\xe4\xb83\xc5)XYO\xa1\x97bz\x14\xf8\x8fM\xf3\x1c=|\x93\xbfe\xc0\xf6\xc7\x84\xe1\x14\x03\x9c\x1d7\xa8RL\xae.\xd0\xac\xd4\xfa5\xdf\x95z\xbd\xe5$\xcd8\x98\xdd\xdd\xf1\tPK\x03\x04\x14\x00\x00\x00\x08\x00\x89+-\\\x00\xfd\xec\r\'\x04\x00\x00\x05\x11\x00\x00!\x00\x00\x00ppt/slideLayouts/slideLayout1.xml\xcd\x98\xdd\x8e\x9b8\x14\xc7\xef\xf7),\xf6"W\x0c_\x06\x9c\xa8L\x15\xc8P\xad4\x9d\x89\x9a\xe9\x03x\xc0$\xa8\xc6fm\'M\xb6\xaa\xd4\xd7\xda}\x9c>\xc9\xca\x06Bf:\xaafW\xa9\x94\x9b`\x9b\xe3\xc3\xef\x9c\xff\xc1\xc6y\xf3v\xdfP\xb0#B\xd6\x9c%\x13\xef\xca\x9d\x00\xc2\n^\xd6l\x9dL>>\xe46\x9a\x00\xa90+1\xe5\x8c$\x93\x03\x91\x93\xb7\xd7\xbf\xbdig\x92\x96\xb7\xf8\xc0\xb7\n\xec\x1b\xca\xe4\x0c\'\xd6F\xa9v\xe68\xb2\xd8\x90\x06\xcb+\xde\x12\xb6oh\xc5E\x83\x95\xbc\xe2b\xed\x94\x02\x7f\xae\xd9\xba\xa1\x8e\xef\xba\x91\xd3\xe0\x9aY\xfd|\xf1\x9a\xf9\xbc\xaa\xea\x82,x\xb1m\x08S\x9d\x13A(V5grS\xb7r\xf0\xd6\xbe\xc6[+\x88$L\x99\xd9O\x91\xd4\xa1%\x89\xa5jE\x89\x05\x8c\x99\xd8\x91\xc4\xf2\xac\xeb7\xed\xacX\xd1\x120\xdc\x90\xc4z\xd0\x16`E\xeb\x92\x98[\xb2}\x10\x84\xe8\x16\xdb\xbd\x13\xed\xaa]\n3\xe3n\xb7\x14\xa0.\xb5\x87~\xa6\xe5\xf47z3\xd3e;\xd3p\x9eM_\x0fM<\xdbW\xa2\xd1W^U`\x9fX\xae\x05\x0e\xfa\xd7\xd1cd\xaf@\xd1\r\x16\xe3h\xb1\xb9\x7f\xc1\xb6\xd8\xdc\xbc`\xed\x0c\x0fpN\x1e\xaa\xa3\xea\xe0~\x0c\xc7\xb7\x9e$\xc2;F5\xf0\xca\xf6\x96\x17\x9f$`\xfc\x9dhu\xf8]xG\x8b.f}m7}\xd6\x0b%\x8c\xb7\xde\xb4\xbbo\x1a#\xcf\x8b\xc9\x88P\x88\xdc.J\xdf\x0b\\\xe8\x87O\xf3\x12\xc7\xb1\x0f\xdd>^\x0f\xc6\xae\xdbY\x9cF\xdd\xb9ngj\x9f\xf2\xf2\xa0g?\xf2\xf2`T\xc13*\xd5J\x1d(1\x9dV\xff\x18\x0c\xb1\x14\x80b\xb6N,\xc2\xec\x8f+\x0b\xc8Fe\x94`v\xcc\xb6\xba\xceh]|\x02\x8a\x03R\xd6\n\xbc\xc7R\x11\x01L}\x01\xa9]j\x08eP\x8cK\xc2\xca%\x16\xf8\xc33\xcf\x1dlkH\x07B\x03\xfds\x95\x82A\xa5\xd5\xf6\xb1{\xa6\x7f\x0e\xa1\xe4\xf6\xb1\x13\n\xd4\xe5~\x9c\xf2z\xc1\xbc \xf6\xa2^\xb1\x00\xa1\xc8w\x9fUr\x04]\x17\x1d\x15\x8bC_[\xff\x1f\xc5L{G\xbdv)@\x83\xc5\xad)\xfb\x9a\x95\x84)\xd3\xc4t\xcdL\xe5Y\xc6\xc1\xf6\x8e\xb3N\xe5\x92T\x1f\xfa\x04qZ\x97yM\xa9\xe9\xe8E\x85dT\x80\x1d\xa6\x89\xa5\xf6ze\xc03U3\xd5\x8d\xc4\xa1{D=\x1aw\xbd\xd1\x8f3\xfaw\x8e|=\xaa?\xa2\xc20\xd6\x99\xb9@^\x7f\xe4\rF\xde\xa9\x07\xe1e\xf2\x06#/\x1cy\x8fexy\xc0p\x04\x0eO\x80\x91\x8f\xd0e\x02\x87#p4\x02\xfb>\x8a\xdc\xcb\x04\x8eF\xe0\xf8\x048\x86\xc1\x85\xbes\xf1\x08\x8cF`M{\xa1/\x1d\x1a\x81\xa7\'\xc0Q\x18_\xe8K\xa7)\xbb\xf6\xc9\xeeq\x86\xed^\x0e\xbb\xef\xaf\xdf\xf1\xe1\xb0\xe3/\xb0"`IqA6\x9c\x96D\x80\xe0\x1c;\x7f\xa9, \xffJ\xac\r\xa6\xd5\xb0\xfb\xbb?\xdf\xfe\x9d\xff\xf0UU\xd1\xd2D\xf1%L\xb3\xf9\xc2E\xa1}\x83\xe6\x91\x8d\x10\x0c\xedt\x01o\xec,\x85Y6w\xc3i\x9e\xc1\xaf\xc3\xd7z\x89\x15QuC\xf2z\xbd\x15\xe4~\xab\xac\xd7\xaa\xe59~\xecx\xc1\xa8HE\xcb\xf3k\x12\x0e\x9a\xe4\x9c\xebr8U\x05\x9eC\x95J\x89N\x96?\xb7X("\x06e\xbc\xf3)s\xde\x8cD\xc7\xefR}\x80\x02w\xdb\xe6\xf1Y^\xc2\xb3|\xa7\xd2\xf2n\xdb\xbc\x98\x1a\xff\x17\x14m\xe6\xe5y\xb4\x98Om\xd7E\xb9\x8dR\x88\xec\xa9?\x8f\xec4\n}\x7f\x8a`\x8c\xd2\xfcX\xb4RG\xce\xb6\xcd\xabk\xf5\xfb\xb7\xbf\x7f\xff\xfe\xed\x9f3\xd4\xaasz\\%{u+U\xdf\x02[Q\'\xd6\x974\x9dF~\x86R;\xf5`n\xc3\xc54\xb6\xe7y\x14\xday\x18@\x98\xa5h\x9e\x057_\xf5\xb1\xd7\x83\xb3B\x10s\x8c\xfe\xa3\x1c\x0e\xe0\x1e\xfc\xe1\x08\xde\xd4\x85\xe0\x92W\xea\xaa\xe0M\x7f\x96wZ\xfe\x99\x88\x96\xd7\xe68\xef\xb9\xfd\x01\xdc,\xdf\x81\x17!7\x0eCd\x16-\xc7\xb0\rWC\xab\x85_\xe9\xf8\xdbYA\xc5{\xdc\xde\xefL\x914f\xc1\xcd\xccP[\xb3u_#\xa3\x89\x8e}\xf8\xff\xe2\xfa_PK\x03\x04\x14\x00\x00\x00\x08\x00\x89+-\\\x80e\xe1\x88\xbb\x00\x00\x006\x01\x00\x00,\x00\x00\x00ppt/slideLayouts/_rels/slideLayout1.xml.rels\x8d\xcf\xb1j\xc30\x14\x05\xd0\xbd_!\xb4h\xaadg(\xa5X\xceR\n\x19\xb2\x04\xf7\x03\x84\xf4l\x8bH\xef\t=%8\x7f\x9f5\x86\x0e]/\x97s\xb9\xc3q\xcbI\xdc\xa1r$\xb4\xaa\xd7\x9d\x12\x80\x9eB\xc4\xc5\xaa\xdf\xe9\xe7\xfdS\tn\x0e\x83K\x84`\xd5\x03X\x1d\xc7\xb7\xe1\x02\xc9\xb5H\xc8k,,\xb6\x9c\x90\xad\\[+_\xc6\xb0_!;\xd6T\x00\xb7\x9cf\xaa\xd95\xd6T\x17S\x9c\xbf\xba\x05\xcc\xa1\xeb>L}5\xe4\xb83\xc5)XYO\xa1\x97bz\x14\xf8\x8fM\xf3\x1c=|\x93\xbfe\xc0\xf6\xc7\x84\xe1\x14\x03\x9c\x1d7\xa8RL\xae.\xd0\xac\xd4\xfa5\xdf\x95z\xbd\xe5$\xcd8\x98\xdd\xdd\xf1\tPK\x03\x04\x14\x00\x00\x00\x08\x00\x89+-\\\x01W\xe8\x8bq\x03\x00\x00\x96\x0b\x00\x00!\x00\x00\x00ppt/slideLayouts/slideLayout2.xml\xb5V\xddn\xa38\x18\xbd\xdf\xa7\xb0\xd8\x8b\\Q~\x02)\x89JG\x81\x94\xd1J\x9d6\xdat\x1e\xc0\xc5&x\xc7\xd8^\xdbd\xc8\x8eF\x9a\xd7\xda}\x9cy\x92\x95\x1dH\xdaNWJ5\xec\r\x18\xf3\xf9\xf8;\xe7;\xe0\xef\xea]\xd7P\xb0\xc3R\x11\xce\xd2Ip\xe1O\x00f%G\x84m\xd3\xc9\xc7\x87\xc2M&@i\xc8\x10\xa4\x9c\xe1t\xb2\xc7j\xf2\xee\xfa\x97+\xb1P\x14\xdd\xc2=o5\xe8\x1a\xca\xd4\x02\xa6N\xad\xb5Xx\x9e*k\xdc@u\xc1\x05f]C+.\x1b\xa8\xd5\x05\x97[\x0fI\xf8\x99\xb0mC\xbd\xd0\xf7g^\x03\ts\xfa\xf5\xf2\x9c\xf5\xbc\xaaH\x89W\xbcl\x1b\xcc\xf4\x01Db\n5\xe1L\xd5D\xa8\x01M\x9c\x83&$V\x98i\xbb\xfayJz/p\xea\xf0\xc7?\x1c`\x83\xe4\x0e\xa7N\xe0\\_\x89E\xb9\xa1\x080\xd8\xe0\xd4y \x9ab\x00\x19\x029g\x1a3m\x03\x94x\x90\x18\x9b\x11\xdb\xbd\x97b#\xd6\xd2\xae\xbb\xdb\xad% \xc8\xe0\xf4\xeb\x1d\xaf\x7f\xd1\x87\xd9G\xb6\xb3\x03\xef\xc5\xf2\xed0\x84\x8b\xae\x92\x8d\xb9\xf3\xaa\x02]\xea\xf8\x0e\xd8\x9b\xabg\xe6p\xa7Ay\x98,O\xb3e}\xffJlY\xdf\xbc\x12\xed\r\x1bxO65\xac\x0e\xc9\xfdH\'t\x9e\xc9\x11\x1cY\r\xf9*q\xcb\xcbO\n0\xfe^\nC\xff@\xef\x18q\xe0l\xee\xa2\xee\x95\xd7\x06\xaa\x8f;\xbc\xb4\x83S2\xbdX\xba\xcb8\xda\x9bM\x1e9\xda\xdbI\xb8\xa0Jo\xf4\x9eb\xfb \xcc\xc5\xa6!\xd7\x12P\xc8\xb6\xa9\x83\x99\xfbq\xe3\x00\xd5\xe8\x9cb\xc8\x8e\x82\xe8\xeb\x9c\x92\xf2\x13\xd0\x1c`D4\xf8\x00\x95\xc6\x12\xd8d\x802\x90F\x1dm5\xb2\x90\x98\xa15\x94\xf0\xf7\x17\xc8\x07\x15\x85Mz\xc8\xd0\x1b$\xfco!\xa7\x83\x90\xbd\x9b\xc0\x9a\xc2\x12\xd7\x9c",A\xf8s\xb2\x12\xd4\x9dBFPT\x18\xca;z\x94\xee\'\x156\xb6\xb5\x02\xabg\n\x1fT|\xb9e\xf0\xc6-7\xb8\xe4\x0c\x01\x8aw\x98\x9e\x01\x1f\xbe\x11\xfe\xa1&\xf2|\xf4\xe9\x1b\xd1\x0b\xdeJ]\x9f\r\x1f\xbd\x15\x9eT\xaf\xa2\x8f\xed\xedh\xf0\xf6\nj\xfc\xcc\xd8\xd31\xfe\x17H;@\xfd\x95:5\xa4\x95\xd3\x9b\xdd\x1f\xcf\xed\x15E\x96\xc5\x978\xcb\x97+?\x89\xdd\x9bd9s\x93$\x8a\xddl\x15\xdd\xb8y\x16\xe5\xf9\xd2\x8f\xe7E\x1e}\x1d\x8e\x0f\x045\xd6\xa4\xc1\x05\xd9\xb6\x12\xdf\xb7\xe6x8\xaf*\x81\x17^z\xc1\xf4T\x91\x8a\xa2\xf1k\x12\x0f5)87_\xe1\xd3\xaaDcT\xa5\xd2\xf2P\x96?[(5\x96CeF\xfc\x0f\x8d\xab\xc8lPdC\t\xc2\xe0\xaem\x1e_\xe8\x12\x8f\xa1\x8b\xa2\xe8\xaem^\x95&\xfc\x1fL\x9b\x07E1[-\xe7\xae\xef\'\x85\x9bdQ\xe2\xce\xc3\xe5\xcc\xcdfq\x18\xce\x93\xe82\xc9\x8a\xa3i\x95a\xce\xda\xe6l\xaf~\xff\xf6\xf7\xaf\xdf\xbf\xfd3\x82W\xbd\xa7\xbd\x13\xee\xf4\xad\xd2\xfd\x08\xb4\x92\xa4\xce\x97,\x9b\xcf\xc2<\xc9\xdc,\x88\n7Z\xcd/\xdde1\x8b\xdd"\x9eFQ\x9e%\xcb|z\xf3\xd5\xf4`A\xb4(%\xb6}\xddoh\xe8\x08\x83\xe8\x87\x9e\xb0!\xa5\xe4\x8aW\xfa\xa2\xe4M\xdf\\z\x82\x7f\xc6Rpb\xfb\xcb\xc0\xef;\xc2\x1d4G\xc3,\x88\xa6A\x14\xc6I_&\xdc\x19\xce\xa7lM\xe17\x86\xbfX\x94T~\x80\xe2~gM\xd2\xd8s.\xb7S\x82\xb0m\xef\x91S\x88\xe1>4\xd4\xd7\xff\x02PK\x03\x04\x14\x00\x00\x00\x08\x00\x89+-\\\x80e\xe1\x88\xbb\x00\x00\x006\x01\x00\x00,\x00\x00\x00ppt/slideLayouts/_rels/slideLayout2.xml.rels\x8d\xcf\xb1j\xc30\x14\x05\xd0\xbd_!\xb4h\xaadg(\xa5X\xceR\n\x19\xb2\x04\xf7\x03\x84\xf4l\x8bH\xef\t=%8\x7f\x9f5\x86\x0e]/\x97s\xb9\xc3q\xcbI\xdc\xa1r$\xb4\xaa\xd7\x9d\x12\x80\x9eB\xc4\xc5\xaa\xdf\xe9\xe7\xfdS\tn\x0e\x83K\x84`\xd5\x03X\x1d\xc7\xb7\xe1\x02\xc9\xb5H\xc8k,,\xb6\x9c\x90\xad\\[+_\xc6\xb0_!;\xd6T\x00\xb7\x9cf\xaa\xd95\xd6T\x17S\x9c\xbf\xba\x05\xcc\xa1\xeb>L}5\xe4\xb83\xc5)XYO\xa1\x97bz\x14\xf8\x8fM\xf3\x1c=|\x93\xbfe\xc0\xf6\xc7\x84\xe1\x14\x03\x9c\x1d7\xa8RL\xae.\xd0\xac\xd4\xfa5\xdf\x95z\xbd\xe5$\xcd8\x98\xdd\xdd\xf1\tPK\x03\x04\x14\x00\x00\x00\x08\x00\x89+-\\\x8b`\xedZb\x04\x00\x00X\x11\x00\x00!\x00\x00\x00ppt/slideLayouts/slideLayout3.xml\xcd\x98\xddn\xdb6\x14\x80\xef\xf7\x14\x84v\xe1+E\x7f\xd4\x9f\x11\xa5\xb0\xe4\xb8\x1b\x90&F\x9d>\x00#Q\xb6P\x8a\xd4H\xda\xb5W\x14\xe8km\x8f\xd3\'\x19HI\x96\xe3\xa6\x81\xd7yAn$\x8a:\xe7\xf0;?\xd2\x11u\xf9f[\x13\xb0\xc1\\T\x8c&#\xe7\xc2\x1e\x01LsVTt\x99\x8c>\xdc\xcf\xcch\x04\x84D\xb4@\x84Q\x9c\x8cvX\x8c\xde\\\xfdr\xd9\x8c\x05)n\xd0\x8e\xad%\xd8\xd6\x84\x8a1J\x8c\x95\x94\xcd\xd8\xb2D\xbe\xc25\x12\x17\xac\xc1t[\x93\x92\xf1\x1aIq\xc1\xf8\xd2*8\xfaT\xd1eM,\xd7\xb6\x03\xabF\x155:}~\x8a>+\xcb*\xc7S\x96\xafkLek\x84c\x82d\xc5\xa8XU\x8d\xe8\xad5\xa7Xk8\x16\x98J\xad\xfd\x18I\xee\x1a\x9c\x18\x02\xe7\xbfaT\x18@\x0b\xf2\rN\x0c\xc7\xb8\xbal\xc6\xf9\x82\x14\x80\xa2\x1a\'\xc6\x02\xe7J\x1d(A\xcc\xf5]\xd1\xdcs\x8c\xd5\x88n\xde\xf2f\xd1\xcc\xb9V\xba\xdd\xcc9\xa8\ne\xa4S6\xac\xeeF\'\xa6/\xe9F\x0f\xac#\xf5e?D\xe3m\xc9kufe\t\xb6\x89a\x1b`\xa7\x8e\x96\x9a\xc3[\t\xf2v2\x1ff\xf3\xd5\xdd\x13\xb2\xf9\xea\xfa\ti\xab_\xc0:XTy\xd5\xc2}\xef\x8e\xdb\xbbs_I\x82\x81\xb3\xf7\xaa\xe7\x15\xcd\r\xcb?\n@\xd9[\xde(\xf7[\xf7\xf6\x12\xad\xcf\xea\xdc\xac\xba\xd0Ke\xaa\x93ko\xea\xc1\x00\xf3d$B\xd7\xf5\x1cO\xbb\x08\xa1\x1d\xc4\xf6QP\xc20t\xa1\xdd9\xebx\x81k\x87\xfe\xb1\xcb\xad\xe9f,\xb7)+vJ\xfb\x81\x15\xbb9\x07\x88\xe6+\xc6\x13C\xb66\x89\x90\x0b\xb9#X\x8f7\xc4i\x94\x08Y\xd2\xc4 \x86\x9a+p\xf9~\xce\x81\xf831\xa0\xad\xd6|\xd0\x89\xcfQ\x93\x18\x88\x90n\xd9N\xb3\x1d\x1fXl\xd4A\xbb\xc8\xe7\x1c\x10D\x97\x89\x81\xa9\xf9aa\x00Q\xcb\x8c`D\xf7i\x94W\x19\xa9\xf2\x8f@2\x80\x8bJ\x82wHH\xcc\x81\x0e!\x10\xca\xa2\xb2.\xf5\x1a\xda$\xa6\xc5\x1cq\xf4\xfe\xc8rK\xd4\xe8(\xf4\xde\xeb\x80<\x9f~o\x9f~\x15\xe69A9^1R`\x0e\xdcsT\x82\x8a\xbe\x01\xaab;\x88\xffTA\xb8\xb1\x1d\x84\x8e\xf7\\A\xf8\xb6\xedD\xe1\xbf.\x88\x87\x1f\x17D\x8d\xf8\x8d~\xba*Z`*\xd5P\x1bX\xdf2\x8a\xad\xa32qU\x99\xe8(1R\x15\xb3\x8a\x10}\xa1\xde_8#\x1cl\x10I\x0c\xb9U\xaf 4\x96\x15\x95\xedL\xe8+\xbd\x16z/\xdc^\rv\xac~\xa5\xc7U\xa7\x87\xee@\n\xfd\xd0\xb5O\xc4u\xa2\x17\xc4u\x07\\o\xc0\x8d\x1d\x08O\xc6\r^\x10\xd7\x1bp\xe1\x80\xebx\xa1\xa68\x8d\x17\xbe /\x1cx\xfd\x03\xde\xc8\x8d\xa2W\xc9\xeb\x0f\xbc\xc1\xc0\xeb\xbaQ`\xbfJ\xde`\xe0\r\x0fxC\xe8\xb9\xaf\x927\x1cx\xa3\x81W\xc1\xc2W\xc9\x1b\r\xbc\xf1\x01o\xe0\x87\xaf\xf3y\x8b\x7f\xd8\xf3\x15=\xd9\x90}s\xff\x8f\xdf\x00\xaa\xd1\xe9O\x00\xf1\xe8\x1b\xe0g\xfa<\xec\xfb\xfc\x14I\xfc\xa8\xcf{\xe7\xe8\xf3\x854t\x1eV\x88\x94}\xbf\xb7\x9fo\xf8\xd6Sm\xf9Q/\xb6\xf6q-I\xa1\xbd\xf8\xec\xa7\xd9djG\xbey\x1dM\x023\x8a\xa0o\xa6Sxmf)\xcc\xb2\x89\xed\xc7\xb3\x0c~\xe9w\x00\x05\x92XV5\x9eU\xcb5\xc7wki\x9c\x9a\x0e\xc7rC\xcb\xf1\x86\xa8\x97\xa48\xff\xb7\x97\xdf\xe7d\xc6\x98\xca\xf7aV\xe09\xb2RJ\xde\xa6\xe5\x8f5\xe2\x12\xf3>3\xce\xf92s\xde\x88\x04}D\x16\xa4*0\xb8]\xd7\x0fGq\xf1\xcf\x11\x17A\x8a\xdbu\xfddh\xdc\xff\xa1h3g6\x0b\xa6\x93\xd8\xb4\xedhfF)\x8c\xcc\xd8\x9d\x04f\x1a\xf8\xae\x1bG0\x8c\xd2\xd9\xbeh\x85\xf2\x9c\xae\xeb\x93k\xf5\xdb\xd7\xbf~\xfd\xf6\xf5\xef3\xd4\xaau\xb8\xfb\xc5[y#d7\x02k^%\xc6\xe74\x8d\x037\x8bR3u\xe0\xcc\x84\xd384\'\xb3\xc07g\xbe\x07a\x96F\x93\xcc\xbb\xfe\xa2v\xd1\x0e\x1c\xe7\x1c\xeb\xad\xf9\xefE\xbf\xa9w\xe0w\xdb\xfa\xba\xca9\x13\xac\x94\x179\xab\xbb\xff\x03V\xc3>a\xde\xb0J\xff"p\xecnS\xaf\xdf\xd7q`\x070\xf2\xba}\x9fF\xeb\xcf\x1aV\xe5}\xa1\xdco\xc69\xe1\xefPs\xb7\xd15R\xeb\x17j\xa6\xa7\x9a\x8a.\xbb\x12\x19D\x94\xeb\xfd/\x91\xab\x7f\x00PK\x03\x04\x14\x00\x00\x00\x08\x00\x89+-\\\x80e\xe1\x88\xbb\x00\x00\x006\x01\x00\x00,\x00\x00\x00ppt/slideLayouts/_rels/slideLayout3.xml.rels\x8d\xcf\xb1j\xc30\x14\x05\xd0\xbd_!\xb4h\xaadg(\xa5X\xceR\n\x19\xb2\x04\xf7\x03\x84\xf4l\x8bH\xef\t=%8\x7f\x9f5\x86\x0e]/\x97s\xb9\xc3q\xcbI\xdc\xa1r$\xb4\xaa\xd7\x9d\x12\x80\x9eB\xc4\xc5\xaa\xdf\xe9\xe7\xfdS\tn\x0e\x83K\x84`\xd5\x03X\x1d\xc7\xb7\xe1\x02\xc9\xb5H\xc8k,,\xb6\x9c\x90\xad\\[+_\xc6\xb0_!;\xd6T\x00\xb7\x9cf\xaa\xd95\xd6T\x17S\x9c\xbf\xba\x05\xcc\xa1\xeb>L}5\xe4\xb83\xc5)XYO\xa1\x97bz\x14\xf8\x8fM\xf3\x1c=|\x93\xbfe\xc0\xf6\xc7\x84\xe1\x14\x03\x9c\x1d7\xa8RL\xae.\xd0\xac\xd4\xfa5\xdf\x95z\xbd\xe5$\xcd8\x98\xdd\xdd\xf1\tPK\x03\x04\x14\x00\x00\x00\x08\x00\x89+-\\O\xca\x82\x1c\x11\x04\x00\x00h\x12\x00\x00!\x00\x00\x00ppt/slideLayouts/slideLayout4.xml\xedX\xddn\xdb6\x14\xbe\xdfS\x10\xda\x85\xaf\x14\xfd\x98\x92e#Ja\xc9Q1 M\x829}\x00V\xa2l\xad\x14\xa9\x91\xb4b\xaf(\xd0\xd7\xda\x1e\xa7O2\x90\x12\xe38qg\x1b\xf5\xeer#\xd1\xd4\xc7\x8f\xe7|\xe7\xf0H>\x97\xef\xd65\x01-\xe6\xa2b4\x1ex\x17\xee\x00`\x9a\xb3\xa2\xa2\x8bx\xf0\xf1!\xb3\xa3\x01\x10\x12\xd1\x02\x11Fq<\xd8`1xw\xf5\xcbe3\x11\xa4\xb8A\x1b\xb6\x92`]\x13*&(\xb6\x96R6\x13\xc7\x11\xf9\x12\xd7H\\\xb0\x06\xd3uMJ\xc6k$\xc5\x05\xe3\x0b\xa7\xe0\xe8\xb1\xa2\x8b\x9a8\xbe\xeb\x86N\x8d*j\xf5\xeb\xf91\xebYYV9\x9e\xb1|Uc*;\x12\x8e\t\x92\x15\xa3bY5\xc2\xb05\xc7\xb05\x1c\x0bL\xa5^\xbdk\x92\xdc48\xb6\xe4#\xbb\xfb\xf4\x87\x054\x8e\xb78\xb6<\xeb\xea\xb2\x99\xe4sR\x00\x8aj\x1c[\x0f\x8f\x0c\xa4\x8cJL\xa5~$\x9a\x07\x8e\xb1\x1a\xd1\xf6=o\xe6\xcd=\xd7+n\xdb{\x0e\xaaB1\xf4+-\xa7\x7f\xd0\xc3\xf4O\xda\xea\x81\xf3b\xf9\xc2\x0c\xd1d]\xf2Z\xddYY\x82ul\xb9\x16\xd8\xa8\xab\xa3\xe6\xf0Z\x82\xbc\x9b\xcc\xb7\xb3\xf9\xf2n\x0f6_^\xefA;f\x03\xe7\xd9\xa6\xca\xab\xce\xb8\xd7\xee\xf8\xc6\x9d\x87J\x12\x0c\xbc\'\xaf\x8c\xbd\xa2\xb9a\xf9g\x01({\xcf\x1b\xe5~\xe7\xde\x13\xa2\xf3Y\xdd\x9b\xa5\x91]Q\xf5\xb8\xee\xa1\x1el\x8d\xe9\xc5\x92\xeb\x84\x15\x1b\xb5\xc9\'Vl\xf4$\x9a\x10!\xe7rC\xb0\xfe\xd1\xa8\x8b6\x83\xdfs@\x10]\xc4\x16\xa6\xf6\xc7\xb9\x05D-S\x82\x11}\x12D^\xa5\xa4\xca?\x03\xc9\x00.*\t> !1\x07\xda\x18 \x14\xa5RGj\x8d4%\xa6\xc5=\xe2\xe8\xf7\x17\xcc\x9d\x8a\x8d6\xdaX\xe8\x18\t\x7f,\xe4\xd0\x08\xd9g\x13\xb8\'(\xc7KF\n\xcc\x81\xffs\xb2\x8a\xbfbk\x89Hi\x81\xaaXo\xc1?\xd0vO\x96\xc1`\xe4\xbb]\xfax\xa1\xeb\xaa\xf1N\xc2Aw\x18\x85n\x9fH0\xf0\x83q8|\x99N\x1d\xf5\x81\xa8\xe9qK\xbc\xde\x8c\x02\x97J^e\xbf\x1fu\x9b:;\x00\xd2\x12\x7f\x0f\x16>\xc7\x1a\x00i\xc9p\x0f\xd6}\x8e5\x00\xd2\x12\xf8\x1a\xeb\xed\xd8`\x00\xa4%\xc1!\xac\x01\x90\x96\x84\x87\xb0\x06@Z2:\x845\x00\xd2\x92\xe8\x10\xd6\x00HK\xc6\x87\xb0\x1d\xc0\xd9\r\x8c>M\x8dJ\xf7\x96<\x1d\x9b\x9f<]*\x83\xf4\xe1\x12;\xa7\xab;A/\xb7\xf4N\xdcr\x8esF\x0b@p\x8b\xc9\x11\xf4\xfe\x89\xf4\x0f\xcb\x8a\x1f\xcf><\x91=c+.\x97G\xd3\xc3S\xe9\xabr/\xfb\xb9\xeb\x1a\xfc\xaf\xba6<k]\xf3O\xafk!\x8c\xde\n\xdb[a{+lo\x85\xed\xd4\xc2\x16\x98\xc26C\x12\xefT5x\x8e\x8f\xe0BZ\xaf\xbe\xdb\xdc\xf3}\x14\x97\xa4\xd0^|\t\x92t:s\xa3\xc0\xbe\x8e\xa6\xa1\x1dE0\xb0\x93\x19\xbc\xb6\xd3\x04\xa6\xe9\xd4\r\xc6Y\n\xbf\x9a?D\x05\x92XV5\xce\xaa\xc5\x8a\xe3\xbb\x95\xfa\xcfs\\T<\xc7\x1f9\xdep\x1b\x91\x92\x14\xe7\x8fIhb\x921\xa6N\xe1\xf3\xa8\x04\xe7\x88J)y\x17\x96?W\x88K\xccMd\xbc\xf3E\xe6\xbc\x8a\x8c\x8c"sR\x15\x18\xdc\xae\xeaO/t\t\xcf\xa1\x8b \xc5\xed\xaa\xde+\x8d\xff?$m\xeaeY8\x9b\x8em\xd7\x8d2;J`d\x8f\xfdih\'a\xe0\xfb\xe3\x08\x8e\xa2${JZ\xa1<\xa7\xab\xfa\xe8\\\xfd\xfe\xed\xef_\xbf\x7f\xfb\xe7\x0c\xb9\xea<o\x08\xe0\xb5\xbc\x11\xb2\x1f\x81\x15\xafb\xebK\x92\x8cC?\x8d\x12;\xf1`f\xc3\xd9xdO\xb30\xb0\xb3`\x08a\x9aD\xd3tx\xfdU5\x16<8\xc99\xd6\x9d\x8a\xdf\n\xd3\xe3\xf0\xe0\xab.G]\xe5\x9c\tV\xca\x8b\x9c\xd5}\xbb\xc4i\xd8#\xe6\r\xabt\xc7\xc4s\xfb\x1eG\x8b\xd4\xaba\x14\xf9>\x84c8\xea\xc3\x84\xd7\xca\xe7\xad\xb5*\xf0s\xe5\x7f3\xc9\t\xff\x80\x9a\xbbV\'I\xad\xdfs\xa9\x9ej*\xba\xe8sd\x0bQ\xbe\x9b\x16\xd1\xd5\xbfPK\x03\x04\x14\x00\x00\x00\x08\x00\x89+-\\\x80e\xe1\x88\xbb\x00\x00\x006\x01\x00\x00,\x00\x00\x00ppt/slideLayouts/_rels/slideLayout4.xml.rels\x8d\xcf\xb1j\xc30\x14\x05\xd0\xbd_!\xb4h\xaadg(\xa5X\xceR\n\x19\xb2\x04\xf7\x03\x84\xf4l\x8bH\xef\t=%8\x7f\x9f5\x86\x0e]/\x97s\xb9\xc3q\xcbI\xdc\xa1r$\xb4\xaa\xd7\x9d\x12\x80\x9eB\xc4\xc5\xaa\xdf\xe9\xe7\xfdS\tn\x0e\x83K\x84`\xd5\x03X\x1d\xc7\xb7\xe1\x02\xc9\xb5H\xc8k,,\xb6\x9c\x90\xad\\[+_\xc6\xb0_!;\xd6T\x00\xb7\x9cf\xaa\xd95\xd6T\x17S\x9c\xbf\xba\x05\xcc\xa1\xeb>L}5\xe4\xb83\xc5)XYO\xa1\x97bz\x14\xf8\x8fM\xf3\x1c=|\x93\xbfe\xc0\xf6\xc7\x84\xe1\x14\x03\x9c\x1d7\xa8RL\xae.\xd0\xac\xd4\xfa5\xdf\x95z\xbd\xe5$\xcd8\x98\xdd\xdd\xf1\tPK\x03\x04\x14\x00\x00\x00\x08\x00\x89+-\\\xe9\xa4\xc4\x8f\xdf\x04\x00\x006\x1c\x00\x00!\x00\x00\x00ppt/slideLayouts/slideLayout5.xml\xed\x99\xddn\xe28\x14\xc7\xef\xf7)\xac\xecE\xaf\xd2\xc4\x89\x938h\xd2\x11\xa4e\xb4R\xa7\xad\x06\xe6\x01\xdc\xc4\x81\xec8v\xd61\x14v4\xd2\xbc\xd6\xee\xe3\xcc\x93\xac\x1c\x08\x01\n,]Xi\xa5\xe5\x86\xb8\xc9\xc9\xcf>\x1f\xfes\x8a\xdf\xbd\x9f\x15\x0cL\xa9\xacr\xc1\xa3+xm_\x01\xca\x13\x91\xe6|\x14]}\x1e\xf6M|\x05*ExJ\x98\xe04\xba\x9a\xd3\xea\xea\xfd\xcdO\xef\xcaN\xc5\xd2{2\x17\x13\x05f\x05\xe3U\x87D\xc6X\xa9\xb2cYU2\xa6\x05\xa9\xaeEI\xf9\xac`\x99\x90\x05Q\xd5\xb5\x90#+\x95\xe4%\xe7\xa3\x82Y\x8em\xfbVArn,\xdf\x97\xc7\xbc/\xb2,O\xe8\xadH&\x05\xe5j\x01\x91\x94\x11\x95\x0b^\x8d\xf3\xb2jh\xe51\xb4R\xd2\x8arU\xbf\xbd\xb9$5/id\xa8\x171\x9c\r_\xc4\xe3\xf3\xaf\x06\xa8\x8d\xe5\x94F\x064n\xde\x95\x9dd\xc0R\xc0IA##\x16EId^\t^?\xa9\xca\xa1\xa4T\x8f\xf8\xf4\x83,\x07\xe5\x93\xac_x\x98>I\x90\xa7\x1a\xb0|\xd1\xb0\x96\x0f\x96f\xf5\x9f|Z\x0f\xac\xad\xd7G\xcd\x90tf\x99,\xf4Ud\x19\x98E\x86m\x80\xb9\xfe\xb4\xf4=:S Y\xdcL\xda\xbb\xc9\xf8q\x87m2\xbe\xdbam5\x13Xk\x93j\xaf\x16\x8b{\xed\x8e\xd3\xb83\xcc\x15\xa3\x00\xae\xbcj\xd6[\x95\xf7"\xf9R\x01.>\xc8R\xbb\xbfpoe\xb1\xf0Y_\xcbq\x13z\x8dZ\xda-\x1e\xd6\x83v1\xcb`\xa9YO\xa4s=\xc9\xb3H\xe7\xf5M\xd2a\x95\x1a\xa89\xa3\xf5x\xca\xe0r\x19)\xcd>-B\xbbv\xdb\xda4/\xf5Gm-\x9f$`\x84\x8f"\x83r\xf3\xf3\xc0\x00U\xa1bF\t_\x85O\xdd\xc4,O\xbe\x00%\x00Ms\x05>\x92JQ\t\xea\xa5\x83J\x135]\xd5s\xd4H\xca\xd3\'"\xc9\xa7-\xf2bEe\xedb\xe3\x8f\xd5\x04|\x7f\xd8\xddU\xd8u\xce\x9f\x18I\xe8X\xb0\x94J\xe0\x9c#\x03:\x9e\x06\xc8\xd3Yk\xbe\'\x11;J\x12y\x81c/j\rz\xae\x07\xa1\xbbY\x9d\xc8F6\xc4xQu\xbe\x1b\x06\xbe\xb3]z\x0b\xf2\xeb\x0c\x03\xc2\x93\xb1\x90\x91\xf1l\xecK6(\x88\xbc\xaf\x8b:\xe7)\xe5J\x0fk\xc0\xe4Apj\xb5\xb5\x00\xaa\xdf#\xc3Az\xa5\xcf\x8d\x9b\x1b%\xc3\xa6\xcci\x81\x8dWGQ\xed\xd7T\xa7\xa5\xba-5\x84\x08\x1dK\x85\xf85\xd5m\xa9\xa8\xa5B7\x80\xfe\xd1X\xff5\x16\xb5Xo\r\x8b\x1d\x8cO\xc1z-\xd6o\xb1\x8e\x83}\xfb\x14\xac\xdfb\x835l\x80\\\xe7\x14l\xd0bq\x8b\xd5Lt\n\x16\xb7\xd8p\r\xeb{\xc1I)\x0b\xf7*\x9a\x9e\x84M\xd9J\xbaNT8\xbd\x8dk\x81\xab6\x14\xee\x9f\xa8\x18jT,\x16\\Q\xbe)d\xeeiB\xa6\xe34&,[\xca\x98s\x8a\x8c90@8\xf0\x0e\xc8\x98\x1bz\xd0\xc1\xf8X\x1d\xfb\xfbo\xaaV\x9d\xf6\xe9\xd2.\xcd\xd9\xa76\xbb\x94d\x9f\x86\xec\xaa\xb5}\xc2p\xd0vk\xb7\x1f\xb4\xdd\xda\xc2\x07m\xb7\xf6\xe5A\xdb\xad\xcdv\xd0\xf6\xbf\xb1\x83\xb6\xa7\x84o\x9cr@\x13\xc1S\xc0\xe8\x94\xb2#\xf0\xce\x1b\xf1\xc3q.\x8f\xa7\xbbo\xa4\xf7\xc5D\xaa\xf1\xd1x\xf4V|\x9e\xed\xa4\x9f\xbb;\xf3\xf6vg\xe8|\xdd\x99.\xe0\xdf&D**\x97\x1a\xe7\xbe]\xe3|\xe4\xd9\x8ew\xb0W\x83A\xe0]z\xb5K\xafv\xe9\xd5\xfe\xd7\xbd\x9a\x7f\xa8W\xf3N\xef\xd56\xa5\x0c\x9d$e\xfb\xfa\xb5V\xca.\xfd\xda\xa5_\xbb\xf4k\x97~m\xa1mA\xa3m\xb7D\xd1\ra\xf3\xcf\xd1\xaf\xa5\xca\xd8\xfew\x14\xda\xa7\xfe\xbei\xad\xc2\x9b\xb1\xb4\xf6\xe2\xab\xd7\x8b\xbb\xb76\xf6\xcc;\xdc\xf5M\x8c\x91g\xf6n\xd1\x9d\x19\xf7P\x1cwm/\xec\xc7\xe8[\xf3\xfbvJ\x14UyA\xfb\xf9h"\xe9\xe3D\x19\xc7f\x05ZN`A\xb7\xcdH\xc6\xd2\xf3\xe7\x0479\xe9\x0b\xa1w\xe1zV\x82sd%SrW\x13\r\xe1\xf92s\xde\x88\x84MD\x06,O)x\x98\x14\xcf[q\xc1\xe7\x88K\xc5\xd2\x87I\xb134\xce\xbfP\xb41\xec\xf7\xfd\xdbnh\xda6\xee\x9b\xb8\x87\xb0\x19:]\xdf\xec\xf9\x9e\xe3\x84\x18\x05\xb8\xd7_\x15m\xa5=\xe7\x93\xe2\xe8Z\xfd\xf1\xfd\x8f\x9f\x7f|\xff\xf3\x0c\xb5j\xad\x9f\xed\xd0\x99\xba\xaf\xd4r\x04&2\x8f\x8c\xaf\xbd^\xe8;1\xee\x99=\x88\xfa&\xba\r\x03\xb3\xdb\xf7=\xb3\xef\xb9\x08\xc5=\xdc\x8d\xdd\xbbo\xfa\x8c\x08\xa2N"i}\xf0\xf4K\xda\x1cYA\xf4\xea\xd0\xaa\xc8\x13)*\x91\xa9\xebD\x14\xcb\xd3/\xab\x14/T\x96"\xaf\x0f\xc0\xa0\xbd<\xb2\x9a\x12\x16\x19ahC\x0f\x07n\xadYV\xbd\xb4\xe6Z/V\xe7}\xa0\xdd/;\t\x93\x1fI\xf98\xadk\xa4\xa8\xbf\xe6\xe2\xfaV\x99\xf3\xd1\xb2DZ\x13\xedzs\xe0w\xf3\x17PK\x03\x04\x14\x00\x00\x00\x08\x00\x89+-\\\x80e\xe1\x88\xbb\x00\x00\x006\x01\x00\x00,\x00\x00\x00ppt/slideLayouts/_rels/slideLayout5.xml.rels\x8d\xcf\xb1j\xc30\x14\x05\xd0\xbd_!\xb4h\xaadg(\xa5X\xceR\n\x19\xb2\x04\xf7\x03\x84\xf4l\x8bH\xef\t=%8\x7f\x9f5\x86\x0e]/\x97s\xb9\xc3q\xcbI\xdc\xa1r$\xb4\xaa\xd7\x9d\x12\x80\x9eB\xc4\xc5\xaa\xdf\xe9\xe7\xfdS\tn\x0e\x83K\x84`\xd5\x03X\x1d\xc7\xb7\xe1\x02\xc9\xb5H\xc8k,,\xb6\x9c\x90\xad\\[+_\xc6\xb0_!;\xd6T\x00\xb7\x9cf\xaa\xd95\xd6T\x17S\x9c\xbf\xba\x05\xcc\xa1\xeb>L}5\xe4\xb83\xc5)XYO\xa1\x97bz\x14\xf8\x8fM\xf3\x1c=|\x93\xbfe\xc0\xf6\xc7\x84\xe1\x14\x03\x9c\x1d7\xa8RL\xae.\xd0\xac\xd4\xfa5\xdf\x95z\xbd\xe5$\xcd8\x98\xdd\xdd\xf1\tPK\x03\x04\x14\x00\x00\x00\x08\x00\x89+-\\-\xb4&\xf5\x19\x03\x00\x00\xb8\x08\x00\x00!\x00\x00\x00ppt/slideLayouts/slideLayout6.xml\xb5V\xdbn\xdb8\x10}\xdf\xaf \xb8\x0f~Rt\xb1l\xcbF\x94\xc2\x92\xa3b\x8141\xea\xf4\x03X\x91\xb2\x89\xf2\xb6$\xe5\xca-\n\xf4\xb7v?\xa7_R\x90\x96\xec4\xcd\x02y\xf0\xbeH\xd4pf8\xe7\x9c\x91F\xd7o:\xce\xc0\x9ehC\xa5\xc8G\xf1U4\x02D\xd4\x12S\xb1\xcdG\x1f\x1e\xab \x1b\x01c\x91\xc0\x88IA\xf2\xd1\x81\x98\xd1\x9b\x9b?\xae\xd5\xc20|\x87\x0e\xb2\xb5\xa0\xe3L\x98\x05\xca\xe1\xceZ\xb5\x08CS\xef\x08G\xe6J*":\xce\x1a\xa99\xb2\xe6J\xeam\x885\xfaL\xc5\x96\xb30\x89\xa2i\xc8\x11\x15\xb0\x8f\xd7\xaf\x89\x97MCk\xb2\x92u\xcb\x89\xb0\xc7$\x9a0d\xa9\x14fG\x95\x19\xb2\xa9\xd7dS\x9a\x18"\xac\x8f\xfe\xb5${P$\x87\x96ZF\x1e\x04;@\xe0]\xf5\x9e\xe40\x867\xd7jQo\x18\x06\x02q\x92\xc3G\xe7\x05\xbc\x9b\xdb1\xeaQ\x13\xe2Vb\xffV\xab\x8dZk\x1fp\xbf_k@\xb1K\xd0\x07\xc2\xb0\xdf\xe8\xdd\xfc\xa3\xd8\xfbE\xf8,|;,\xd1\xa2k4ww\xd94\xa0\xcba\x04\xc1\xc1]Cg#\x9d\x05\xf5\xd1X\x9f\xad\xf5\xee\xe1\x05\xdfzw\xfb\x82w8\x1c\x10>9\xd4\xa1:\x16\xf7;\x9c\x04\xfe\xc2C|B5\xd4k\xd4\x9d\xac?\x19 \xe4[\xad\x1c\xfc#\xbc\x93\xc7\x11\xb3\xbb\xab\xddS\xe2{\xbf\xe3\xa6_\x9c\x8b\xe9\xc9\xb2]!\xf1\xc1\x1d\xf2Q\xe2\x837\xa2\x053vc\x0f\x8c\xf8\x07\xe5.\xbe\x0c\xbd\xd6\x80!\xb1\xcd!\x11\xc1\x87\r\x04\x86\xdb\x92\x11$N\x84\xd8\x9b\x92\xd1\xfa\x13\xb0\x12\x10L-x\x87\x8c%\x1a\xf8b\x80q)\x1d;\xd6s\xe4S\x12\x81\xd7H\xa3\xf7\xcf2\x1fYT\xbe\xe8\xa1\xc2p\xa0\xf0\xbf\x89\x1c\x0fD\xae\x90%`\xcdPMv\x92a\xa2Ar\tN\xb1\x85\xc0|\xc9\xe1\x0e\xb1\x06\x02\x8a\xbb\x1c\xc6\xd1\xe58n\x18\xf6(\xbeN\x8ar\xb9\x8a\xb2Ip\x9b-\xa7A\x96\xa5\x93\xa0X\xa5\xb7AY\xa4e\xb9\x8c&\xf3\xaaL\xbf\ro\x18F\x96X\xcaIE\xb7\xad&\x0f\xad\x85\xaf\x95*\x0e\x93Y\x18\x8f\xcf\x8a4\x0c_^\x93t\xd0\xa4\x92\xd2\xf5\xc2SU\xc6\x97P\xa5\xb1\xfa(\xcb\xdf-\xd2\x96\xe8A\x99\xf8r\xca\\\x96\x91\xc9\xc0\xc8\x86QL\xc0}\xcb?>\xe3%\xbd\x04/\x86\xe1\xfb\x96\xbfHM\xf2?4m\x19W\xd5t\xb5\x9c\x07Q\x94UAV\xa4Y0O\x96\xd3\xa0\x98N\x92d\x9e\xa5\xb3\xac\xa8NMk\x1cr\xd1\xf2W\xf7\xea\x8f\xef\xff\xfc\xf9\xe3\xfb\xbf\x17\xe8\xd5\xf0\xe9|!\x9d\xbd3\xb6_\x81V\xd3\x1c~-\x8a\xf94)\xb3"(\xe2\xb4\n\xd2\xd5|\x16,\xab\xe9$\xa8&\xe34-\x8blY\x8eo\xbf\xb99\x15\xa7\x8bZ\x13?\xfa\xfe\xc2\xc3\xd0\x8c\xd3\xdf\xc6&\xa7\xb5\x96F6\xf6\xaa\x96\xbc\x9f\xbf\xa1\x92\x9f\x89V\x92\xfa\x11\x1cG\xfd\xd0\xdc#\x96\xc3Y2\x8b\x92\xd9\xec\xd4\xc0\xa4s\x90\xcf\xc5:\xdd7\x0e\xbeZ\xd4L\xbfC\xeaa\xef{\x84\xfb\x8fm\xe9M\x8a\x8am\xdf"g\x17\x07}\xf8\xe5\xb8\xf9\tPK\x03\x04\x14\x00\x00\x00\x08\x00\x89+-\\\x80e\xe1\x88\xbb\x00\x00\x006\x01\x00\x00,\x00\x00\x00ppt/slideLayouts/_rels/slideLayout6.xml.rels\x8d\xcf\xb1j\xc30\x14\x05\xd0\xbd_!\xb4h\xaadg(\xa5X\xceR\n\x19\xb2\x04\xf7\x03\x84\xf4l\x8bH\xef\t=%8\x7f\x9f5\x86\x0e]/\x97s\xb9\xc3q\xcbI\xdc\xa1r$\xb4\xaa\xd7\x9d\x12\x80\x9eB\xc4\xc5\xaa\xdf\xe9\xe7\xfdS\tn\x0e\x83K\x84`\xd5\x03X\x1d\xc7\xb7\xe1\x02\xc9\xb5H\xc8k,,\xb6\x9c\x90\xad\\[+_\xc6\xb0_!;\xd6T\x00\xb7\x9cf\xaa\xd95\xd6T\x17S\x9c\xbf\xba\x05\xcc\xa1\xeb>L}5\xe4\xb83\xc5)XYO\xa1\x97bz\x14\xf8\x8fM\xf3\x1c=|\x93\xbfe\xc0\xf6\xc7\x84\xe1\x14\x03\x9c\x1d7\xa8RL\xae.\xd0\xac\xd4\xfa5\xdf\x95z\xbd\xe5$\xcd8\x98\xdd\xdd\xf1\tPK\x03\x04\x14\x00\x00\x00\x08\x00\x89+-\\\xeb\x17\x9fw\xed\x02\x00\x00g\x07\x00\x00!\x00\x00\x00ppt/slideLayouts/slideLayout7.xml\xb5U\xdbn\xdb8\x10}\xdf\xaf \xb8\x0f~Rt\xb1\xecHF\x94\xc2\x92\xa3b\x8141\xea\xf6\x03\x18qd\x0b\xe5mI\xca\x95\x1b\x14\xe8o\xed~N\xbf\xa4\xa0,\xe5\xd6,\x90\x07\xef\x8b4\x1a\xcd\x0c\xe7\x9c3\x18^\xbc\xeb8C{\xd0\xa6\x91"\x9b\x84g\xc1\x04\x81\xa8$m\xc46\x9b|\xfeTz\xc9\x04\x19K\x04%L\n\xc8&\x070\x93w\x97\x7f\\\xa8\x85a\xf4\x9a\x1cdkQ\xc7\x990\x0b\x92\xe1\x9d\xb5j\xe1\xfb\xa6\xda\x01\'\xe6L*\x10\x1dg\xb5\xd4\x9cXs&\xf5\xd6\xa7\x9a|m\xc4\x963?\n\x82\xb9\xcfI#\xf0\x90\xaf\xdf\x92/\xeb\xba\xa9`%\xab\x96\x83\xb0\xc7"\x1a\x18\xb1\x8d\x14f\xd7(3VSo\xa9\xa64\x18\x10\xb6\xcf~\xde\x92=(\xc8\xf0\x1d#\xe2\x0bF}\x98\xdeC\x86C|y\xa1\x16\xd5\x86Q$\x08\x87\x0c\xe7}\x84s\x1a\xf5I\x038K\xec\xdfk\xb5Qk\xdd\xc7\xde\xec\xd7\x1a5\xd4\xe5\x0e9\xd8\x1f~\x0ca\xfd\xa7\xd8\xf7\x86\xff"};\x9ad\xd1\xd5\x9a\xbb\xb7\xack\xd4e8\xc0\xe8\xe0\x9e\xbe\xf3AgQutV\x8f\xdejw\xfbJl\xb5\xbbz%\xda\x1f\x0f\xf0\x9f\x1c\xeaP\x1d\x9b\xfb\x1dN4\xc2Y\x11\x0bh\xcdH\x05;\xc9(h\x14>\x00\x1c[7\xeaZV_\x0c\x12\xf2\xbdV\x8e\x89#\xd2\x87\x88#|\xf7V\xbb\x81zj12\xdf2\xbc#\xac\xc6\xa8\xa1]\x86\xc3c\xa3cpo<\xf69\xf0h\xbb\\\xd2\x83;\xf4N\xd2C\xef$\x0bf\xec\xc6\x1e\x18\xf4\x1f\xca=jF{\x14\xf7\xb3\xbcX\xae\x82d\xe6]%\xcb\xb9\x97$\xf1\xcc\xcbW\xf1\x95W\xe4qQ,\x83YZ\x16\xf1\xf7q\x1e(\xb1`\x1b\x0ee\xb3m5\xdc\xb6\x16\xbbZz\xad\x11#b\x9ba\x10\xde\xe7\rF\x86\xdb\x82\x01\x11\x0f\x94\xdb\xcb\xd0\x8f\xce\xfdp\xeah\xb6=\xd95\xa3\xbdp\x82\xae\x89&\x1f_\x948\n\xa2z\x90#"\x7fT\xe3\xbf5\x99\x8e\x9a\x94RZ\xd0\xcfT\x89N\xa1Jm\xf5Q\x96\xbf[\xa2-\xe8Q\x99\xf0t\xca\x9c\x96\x91xdd\xc3\x1a\n\xe8\xa6\xe5w/x\x99\x9e\x82\x17\xc3\xe8M\xcb_\xa5&\xfa\x1f\x86\xb6\x08\xcbr\xbeZ\xa6^\x10$\xa5\x97\xe4q\xe2\xa5\xd1r\xee\xe5\xf3Y\x14\xa5I|\x9e\xe4\xe5\xc3\xd0\x1a\x87\\\xb4\xfc\xcd\xb3\xfa\xf3\xc7?\x7f\xfe\xfc\xf1\xef\tf\xd5\x7f\xba\x16\xa1\xb3\xd7\xc6\x0e\x16ju\x93\xe1\xfb<O\xe7Q\x91\xe4^\x1e\xc6\xa5\x17\xaf\xd2soY\xceg^9\x9b\xc6q\x91\'\xcbbz\xf5\xdd\xad\xd70^T\x1a\xfaE\xfd\x17\x1dW|\x18\xff\xb6\xe4ySiidm\xcf*\xc9\x87\xdb\xc2W\xf2+h%\x9b\xfe\xc2\x08\x83a\xc5\xef\ts\xf2\x84Q\x9a\xa6I\x98\x0c2A\xe70?v\xeb\x84\xdf8\xfcjQ1\xfd\x81\xa8\xdb}?$\x9c\x18\x0b\xba\xe8]\xaa\x11\xdbaF\x1eC\x1c\xf6\xf1\x86\xbc\xfc\x05PK\x03\x04\x14\x00\x00\x00\x08\x00\x89+-\\\x80e\xe1\x88\xbb\x00\x00\x006\x01\x00\x00,\x00\x00\x00ppt/slideLayouts/_rels/slideLayout7.xml.rels\x8d\xcf\xb1j\xc30\x14\x05\xd0\xbd_!\xb4h\xaadg(\xa5X\xceR\n\x19\xb2\x04\xf7\x03\x84\xf4l\x8bH\xef\t=%8\x7f\x9f5\x86\x0e]/\x97s\xb9\xc3q\xcbI\xdc\xa1r$\xb4\xaa\xd7\x9d\x12\x80\x9eB\xc4\xc5\xaa\xdf\xe9\xe7\xfdS\tn\x0e\x83K\x84`\xd5\x03X\x1d\xc7\xb7\xe1\x02\xc9\xb5H\xc8k,,\xb6\x9c\x90\xad\\[+_\xc6\xb0_!;\xd6T\x00\xb7\x9cf\xaa\xd95\xd6T\x17S\x9c\xbf\xba\x05\xcc\xa1\xeb>L}5\xe4\xb83\xc5)XYO\xa1\x97bz\x14\xf8\x8fM\xf3\x1c=|\x93\xbfe\xc0\xf6\xc7\x84\xe1\x14\x03\x9c\x1d7\xa8RL\xae.\xd0\xac\xd4\xfa5\xdf\x95z\xbd\xe5$\xcd8\x98\xdd\xdd\xf1\tPK\x03\x04\x14\x00\x00\x00\x08\x00\x89+-\\\xcd\xca\x8a\xd5\xb8\x04\x00\x00\xc2\x12\x00\x00!\x00\x00\x00ppt/slideLayouts/slideLayout8.xml\xcdX\xd1r\x9b8\x14}\xdf\xaf\xd0\xb0\x0fy" \x10\x18{J:6\x89;;\x93&\x9e:\xfd\x00\x05\x84\xcdVH\xac\x90\xa9\xddNg\xfa[\xbb\x9f\xd3/\xd9\x91@\x8eK\\\xc7I\xbc3\xfbb+pt\xa4s\x8ft\xe4\xe8\xcd\xdbuIACD]p\x16\x9f\xc1s\xf7\x0c\x10\x96\xf2\xac`\x8b\xf8\xec\xe3\xdd\xd4\x8e\xce@-1\xcb0\xe5\x8c\xc4g\x1bR\x9f\xbd\xbd\xf8\xedM5\xaaiv\x8d7|%\xc1\xba\xa4\xac\x1e\xe1\xd8ZJY\x8d\x1c\xa7N\x97\xa4\xc4\xf59\xaf\x08[\x974\xe7\xa2\xc4\xb2>\xe7b\xe1d\x02\x7f.\xd8\xa2\xa4\x8e\xe7\xba\xa1S\xe2\x82Y]\x7fqL\x7f\x9e\xe7EJ.y\xba*\t\x93-\x89 \x14\xcb\x82\xb3zYT\xb5a\xab\x8ea\xab\x04\xa9\t\x93\xba\xf7\xcfS\x92\x9b\x8a\xc4\x16\xbf\xff\xf3nm\x01\r\x13\r\x89-h]\xbc\xa9F\xe9\x9cf\x80\xe1\x92\xc4V\xc2\x99$L\x82\xcf\x85\\\x82\x04W\x8aIc\xea\xeaN\x10\xa2Z\xacy\'\xaay5\x13\xba\xebM3\x13\xa0\xc8\x14UGa9\xdd\x8b\x0e\xa6\xffd\x8dn8\xbd\xee\x0b\xd3\xc4\xa3u.J\xf5\xcd\xf3\x1c\xacc\xcb\xb5\xc0F}:\xea\x19YK\x90\xb6\x0f\xd3\x87\xa7\xe9\xf2v\x0f6]^\xedA;f\x00ggP\xa5\xaa\x9d\xdcc9\x9e\x91sWHJ\x00\xdc\xaa2\xf3\xad\xabk\x9e~\xaa\x01\xe3\xefD\xa5\xe4\xb7\xf2\xb6\x88V\xb3\xfa\xae\x96]\xf9\xa5\xa2\xeap\xedK\xddx\x98\xcc\xdeJ\xa0`\xe0\xb9\xadDo\xe0\xbbA\xaf&\xbe\xebF>\xf4[\xad\x10\x86^\x87\xd8U\xdc2W#\xb9\x9e\xf0l\xa3z\xdf\xf3l3\x13\x00\xb3t\xc9El\xdd\xb7\x9c\xb4\x96s\xb9\xa1D\xb7\x1b\n+\x05\xa1\x0b\x16[\xd4R\xcf2\x92\x7f\x98\tP\x7f\x89-\xcfUs\xba7\xc2\xb7\xf8\xb6\xbd\xc3S\xa9\x0f\xadK\xcc\x04\xa0\x98-b\x8b0\xfb\xe3\xdc\x02u)\x13J0\xdbz\'/\x12Z\xa4\x9f\x80\xe4\x80d\x85\x04\xefq-\x89\x00\xban\xa0V\x8c\x8a]\xea14%a\xd9\x0c\x0b\xfc\xa1\xc7\xdc\xce\xa8\xd2\xda\x8df]\x86\xc3\x9e\xfbVo\x17\xcc(N\xc9\x92\xd3\x8c\x08\xe0\xbdn\x05\x14\xd9\xfa\x01r\xbc\xf9~0\x08\x94\xa1\xbfr?\x80\x10\x0e\xd4{\xe5~\x10\x05>\x84\xfe\xb1\xee\xff\xca\xf2\x9e\xd3\xbeZ}=\x8fu\xd3{\x8c\xf5\xa2]\xac\x01\xd0\x86\xfa{\xb0h\x17k\x00\xb4\xa1h\x0f\xd6\xdd\xc5\x1a\x00mh\xf0\x14\xd6\x00hC\xc3\xa7\xb0\x06@\x1b:x\nk\x00\xb4\xa1\xd1SX\x03\xa0\r\x1d>\x85\x1d\xfer\x0f\xa9\xcdH\x1b\xba\xdd,\xaf\xdcSj\x05\xe9-U\xff\xb4\xa7\xda}\xd3\x1f\x12>s\xc89I9\xcb\x00%\r\xa1G\xd0{\xcf\xa4\xbf[\x16\xe2xv\xff\x99\xecS\xbe\x12ry4=z.}\x91\xefe?u\x9a\xa1\xed\t\xa6\xac\xde\x8d2\xff\x14\x87\x99\xca\x10K/\xe0%\xa6\xb9\xd5\x06\x9c\xf7\x9a\xd3\r"?\x80\xee\xa1\xe3\r\x85C\xe8\x86\xaf\x0e8Pbq\xad\x7f\x1f\x14,#L\xaa\xa6\xee\xb5\xba\xe1\x8c8\xbd\xfd\t\xd1\x81\xfc\xeb\xa8\x8c\x8a\xa3\xf8\xbc\x03\x19\xd9\xf1\r!BG\xf3\xb9\x07r\xb4\xe3\x83\xfe\x00\x86\xc7\x12\x0e\x0fd\xad\xe1\x8b\xbc(z\x11_/\x8f;>\xcf\x8bB\xf7E|\xbd\xcc6|\x03\xa4\x8f\xad\xe7\xf3\xf5r\xbd\xe3Sd\xe8E|\xbd\xec7|a0x\x99\x1f\xff\x8f\xf3\xe1yI\x14\x98$\xba\xc4\x92\xfc\x94D\xe8\x14I\x94\xc9G9\x04\xdd\xc3A\xe4<\x19\x17\xce\xb6\xae9\xcd\xb4\x8a\xaf\xc1$\x19_\xbaQ`_E\xe3\xd0\x8e"\x14\xd8\x93Kte\'\x13\x94$c7\x18N\x13\xf4\xcd\xfc\xab\x95aIdQ\x92i\xb1X\tr\xbb\x92\xd6\xb1v@\xc7\x1b8\xd0\x7f\xa8zN\xb3\xd3\x9f\x0e\xa1\xf1d\xca\xb9\xf2{\xd7\x95\xe0\x14\xae\xe4R\xb4\xb6\xfc\xb5\xc2B\x12a\x9c\x81\xa7s\xe6\xb4\x15\x19\x98\x8a\xcci\x91\x11p\xb3*\xef{u\tOQ\x97\x9af7\xabroi\xbc\xff`\xd1&p:\r/\xc7C\xdbu\xa3\xa9\x1dMPd\x0f\xbdqhO\xc2\xc0\xf3\x86\x11\x1aD\x93\xe9v\xd1\xd6J9[\x95G\xaf\xd5\x1f\xdf\xff\xfe\xfd\xc7\xf7\x7fN\xb0V\x9d\xdd+\x06\xb2\x96\xd7\xb5\xecZ`%\x8a\xd8\xfa:\x99\x0cC/\x89&\xf6\x04\xa2\xa9\x8d.\x87\x03{<\r\x03{\x1a\xf8\x08%\x93h\x9c\xf8W\xdf\xd4U\x05D\xa3T\x10}\x07\xf2GfnO zt\x7fR\x16\xa9\xe05\xcf\xe5y\xca\xcb\xee"\xc6\xa9\xf8g"*^\xe8\xbb\x18\xe8v\xb7\'\rV\xbf\x81#\xe4\x0e\xbc0\x08M\xb6\x90\xb5\xd2\xfc0[e\xfc\\\xe9\xafF)\x15\xefqu\xdb\xe8ER\xeaDM\xf4\xa3\xaa`\x8bn\x8d<@\x94vs\xf9t\xf1/PK\x03\x04\x14\x00\x00\x00\x08\x00\x89+-\\\x80e\xe1\x88\xbb\x00\x00\x006\x01\x00\x00,\x00\x00\x00ppt/slideLayouts/_rels/slideLayout8.xml.rels\x8d\xcf\xb1j\xc30\x14\x05\xd0\xbd_!\xb4h\xaadg(\xa5X\xceR\n\x19\xb2\x04\xf7\x03\x84\xf4l\x8bH\xef\t=%8\x7f\x9f5\x86\x0e]/\x97s\xb9\xc3q\xcbI\xdc\xa1r$\xb4\xaa\xd7\x9d\x12\x80\x9eB\xc4\xc5\xaa\xdf\xe9\xe7\xfdS\tn\x0e\x83K\x84`\xd5\x03X\x1d\xc7\xb7\xe1\x02\xc9\xb5H\xc8k,,\xb6\x9c\x90\xad\\[+_\xc6\xb0_!;\xd6T\x00\xb7\x9cf\xaa\xd95\xd6T\x17S\x9c\xbf\xba\x05\xcc\xa1\xeb>L}5\xe4\xb83\xc5)XYO\xa1\x97bz\x14\xf8\x8fM\xf3\x1c=|\x93\xbfe\xc0\xf6\xc7\x84\xe1\x14\x03\x9c\x1d7\xa8RL\xae.\xd0\xac\xd4\xfa5\xdf\x95z\xbd\xe5$\xcd8\x98\xdd\xdd\xf1\tPK\x03\x04\x14\x00\x00\x00\x08\x00\x89+-\\Z\xd3\xb4\x92v\x04\x00\x001\x12\x00\x00!\x00\x00\x00ppt/slideLayouts/slideLayout9.xml\xbd\x98\xddn\xa38\x14\xc7\xef\xf7),\xf6"W\x94/\x03&*\x1d%\xa4\x19\xad\xd4i\xa3i\xe7\x01\\p\x124\xc6\xf6\x1a\'Mf4\xd2\xbc\xd6\xee\xe3\xcc\x93\xac\xec@H\xd3\x8f\x8dZvo\x82C\x8e\x7f\xf8\x7f\xce\xe1\x0f\xf1\xf9\x87ME\xc1\x9a\xc8\xba\xe4,\x1dxg\xee\x00\x10\x96\xf3\xa2d\x8bt\xf0\xe5nj\xa3\x01\xa8\x15f\x05\xa6\x9c\x91t\xb0%\xf5\xe0\xc3\xc5o\xe7bX\xd3\xe2\no\xf9J\x81MEY=\xc4\xa9\xb5TJ\x0c\x1d\xa7\xce\x97\xa4\xc2\xf5\x19\x17\x84m*:\xe7\xb2\xc2\xaa>\xe3r\xe1\x14\x12?\x94lQQ\xc7w\xdd\xc8\xa9p\xc9\xacf\xbe<e>\x9f\xcf\xcb\x9cLx\xbe\xaa\x08S;\x88$\x14\xab\x92\xb3zY\x8a\xba\xa5\x89ShB\x92\x9a0ef?^\x92\xda\n\x92Z\xa2\xcc\xef6\x160arMR\xcb\xb3.\xce\xc50\xbf\xa5\x05`\xb8"\xa95+s\xb5\x92\x04<\x94j\t2,4\xc9\xc4\xd4\xe2N\x12\xa2Gl\xfdQ\x8a[1\x93f\xea\xf5z&AYhT\x83\xb0\x9c\xe6\x87&\xcc|ek3p\x8e\xa6/\xda!\x1en\xe6\xb2\xd2G>\x9f\x83Mj\xb9\x16\xd8\xeaOG\x9f#\x1b\x05\xf2\xdd\xc9\xbc;\x9b/o\x9e\x89\xcd\x97\x97\xcfD;\xed\x05\x9c\x83\x8bjU\xbb\xc5=\x95\xe3\xb7r\xeeJE\t\xf0\xf6\xaa\xda\xf5\xd6\xe2\x8a\xe7_k\xc0\xf8G)\xb4\xfc\x9d\xbc}\xc4N\xb3>\x8ae\x93~\xa5QM\xdc\xeeG3\xe8\x16\xf3l&\xbc8\xf1}\x84\x8cF\x88\\7r\x8f\xb2\x12B\x14A\xb7Q\x1bFQ\x1c\xa0c\xc9;\xb4\x18\xaa\xcd\x98\x17[=\xf9\x9e\x17\xdb\x99\x04\x98\xe5K.S\xeb~\x87\xa4\xb5\xbaU[J\xccxM=\xa1C\xe8\x82\xa5\x16\xb5\xf4\xb9\x82\xcc?\xcf$\xa8\xbf\xa5\x96\xef\xeaK\xde\xb7\xca\xf7\xf1\xbb\xf1\x01G\xe8\x0f#L\xce$\xa0\x98-R\x8b0\xfb\xcb\xad\x05\xeaJe\x94`\xb6/\x9e\xba\xc8h\x99\x7f\x05\x8a\x03R\x94\n|\xc2\xb5"\x12\x98\xc4\x81Z\x135]\x99k\x18$a\xc5\x0cK\xfc\xf9\x88\xbc[\x910\xda[\xcd&\r\xaf\x17=\xb0\x8en\x83\x19\xc59YrZ\x10\t\xfc>Z@\x94\xb9\x05\xcaB\x97\xf5]\x8d\x10y~\x1c\x87\xaf\xf4\x01\xf4<\xdd,\xa76\xc2\x8b\xd5\xaf\xb0\xbc2\xb7R\xc9\n\xc2\x94\x1e\x9aY\xabk\xce\x88s\xd4\x13\x81\xbf\xbf\xe2\xbe\x1b\xcc\xd0\xefP0\x8cu\xd4I<\xbfS\xd0@\x1a^\xd0\xf1\x12\x0f\xc2\x93y\xf0\x90\x17t<\xd8\xf1\xbc \xf6\xa2\x93\x81\xee!\x10v\xc0\xf0\x00\x88|\x84\xde\x06\x0c;`\xd4\x01}\x1fE\xee\xdb\x80Q\x07\x8c\x0f\x8014\x95{\x030\xee\x80\xa8\x03j\x1a|\x1b\x10u\xc0\xe4\x00\x18\x85\xf1\x1b\x8b\x92\xbc\xe8I\xfdz\x07\xdc?0\xf4\xfdxh\x1cA\x1f\xc6\xa1oS\xcb\xc8[b:o<\xc4\x7f\x97\x87\x84A\x14\x07\xbbg\xc5\x0b&\x82\\\x88"\xff\xff\xf5\x10\x0f\xf6\xeb!\x9e\xdf\xaf\x87xn\xcf\x1e\x92\xf4l!I\xcf\x0e\x92\xf4l I\xcf\xfe\x91\xf4l\x1f\xc9i\xee\xa1\xe9tM\xf7\xaf.\xef|\xc3\xd1\xf7\x9fy\xc1\xa9\x1f\xbd\xe1\xbc\xc5\x89\xc2\xd6\x89&X=~\x85\x81}8Q\xa1\x9e\xf8\x90\xe7\xbenD\xce\xbf\xda\x85\xb3\xcf\xeb\x9c\x16F\xc5\xf7p\x9c\x8d&.\n\xedK4\x8al\x84`h\x8f\'\xf0\xd2\xce\xc60\xcbFn\x98L3\xf8\xa3\xfdgS`ETY\x91i\xb9XIr\xb3R\xd6\xa9\xe5\xf0\x1c?v\xbc\xa0\xcb\xfa\x9c\x16\xfd?\x1d\xa2\xb6&S\xceu\xbd\x0f\xab\x12\xf6Q\x95\xb9\x92\xbb\xb2\xfc\xb9\xc2R\x11\xd9V\xc6\xeb\xaf2\xfdf$n3rK\xcb\x82\x80\xebUu\x7f\x94\x97\xa8\x8f\xbc\xd4\xb4\xb8^U\xcf\xa6\xc6\xff\x0f\x9a6\xf3\xa6\xd3h2Jl\xd7ES\x1b\x8d!\xb2\x13\x7f\x14\xd9\xe3(\xf4\xfd\x04\xc1\x18\x8d\xa7\xfb\xa6\xad\xb5r\xb6\xaaN\xee\xd5_?\xff\xfa\xfd\xd7\xcf\xbf{\xe8U\xe7\xf0\x1f=\xd9\xa8\xabZ5#\xb0\x92ej}\x1f\x8f\x93\xc8\xcf\xd0\xd8\x1e{pj\xc3I\x12\xdb\xa3i\x14\xda\xd30\x800\x1b\xa3Q\x16\\\xfe\xd0;\x03\x1e\x1c\xe6\x92\x98-\x87?\x8av\xb3\xc2\x83O\xb6+\xaa2\x97\xbc\xe6su\x96\xf3\xaa\xd9\xf7p\x04\x7f R\xf0\xd2l}xn\xb3Y\xb1\xc64\xb5\x02\x84\x12?\x88\x92 i\xcaD6Zs\xb7Z]\xf8[\xad_\x0cs*?aq\xb36MR\x19G\xcd\xcc)Q\xb2E\xd3#]\x88\xd6\xde\xee\xf5\\\xfc\x03PK\x03\x04\x14\x00\x00\x00\x08\x00\x89+-\\\x80e\xe1\x88\xbb\x00\x00\x006\x01\x00\x00,\x00\x00\x00ppt/slideLayouts/_rels/slideLayout9.xml.rels\x8d\xcf\xb1j\xc30\x14\x05\xd0\xbd_!\xb4h\xaadg(\xa5X\xceR\n\x19\xb2\x04\xf7\x03\x84\xf4l\x8bH\xef\t=%8\x7f\x9f5\x86\x0e]/\x97s\xb9\xc3q\xcbI\xdc\xa1r$\xb4\xaa\xd7\x9d\x12\x80\x9eB\xc4\xc5\xaa\xdf\xe9\xe7\xfdS\tn\x0e\x83K\x84`\xd5\x03X\x1d\xc7\xb7\xe1\x02\xc9\xb5H\xc8k,,\xb6\x9c\x90\xad\\[+_\xc6\xb0_!;\xd6T\x00\xb7\x9cf\xaa\xd95\xd6T\x17S\x9c\xbf\xba\x05\xcc\xa1\xeb>L}5\xe4\xb83\xc5)XYO\xa1\x97bz\x14\xf8\x8fM\xf3\x1c=|\x93\xbfe\xc0\xf6\xc7\x84\xe1\x14\x03\x9c\x1d7\xa8RL\xae.\xd0\xac\xd4\xfa5\xdf\x95z\xbd\xe5$\xcd8\x98\xdd\xdd\xf1\tPK\x03\x04\x14\x00\x00\x00\x08\x00\x89+-\\7\xc65\xf8\x8e\x03\x00\x00\xcd\x0b\x00\x00"\x00\x00\x00ppt/slideLayouts/slideLayout10.xml\xb5V\xcdn\xdb8\x10\xbe\xefS\x10\xea\xc1\'E?\x96\x1d\xd9\x88RXrT,\x90&A\xed\xee\x9d\x15G6Q\x8a\xe4\x92\xb4+oQ\xa0\xaf\xb5\xfb8}\x92\x05i\xc9N\xd2\x14p\xb0\xde\x8bHQ\xc3\x8f3\xdf7#\xce\xd5\xdb\xb6ah\x0bJS\xc1\xb3At\x11\x0e\x10\xf0J\x10\xcaW\xd9\xe0\xe3\xb2\xf4\xd3\x01\xd2\x06s\x82\x99\xe0\x90\rv\xa0\x07o\xaf\x7f\xbb\x92S\xcd\xc8-\xde\x89\x8dAm\xc3\xb8\x9e\xe2\xcc[\x1b#\xa7A\xa0\xab54X_\x08\t\xbcmX-T\x83\x8d\xbe\x10j\x15\x10\x85\xbfP\xbejX\x10\x87\xe18h0\xe5^\xb7_\x9d\xb2_\xd45\xad`.\xaaM\x03\xdc\xecA\x140l\xa8\xe0zM\xa5\xee\xd1\xe4)hR\x81\x06n\xdc\xee\xa7.\x99\x9d\x84\xcc\xdb\x822\xcb\xd6C\xceNm!\xf3"\xef\xfaJN\xab\x05#\x88\xe3\x062oI\r\x03\x849A\x7f\x802\xb4\xc2\x0c-\xa15\xceL\xcb\xa5\x02\xb03\xbe}\xa7\xe4B>(\xb7\xfbn\xfb\xa0\x10%\x16\xadC\xf1\x82\xeeCg\xe6^\xf9\xd6M\x82g\xdbW\xfd\x14O\xdbZ5v\x14u\x8d\xda\xcc\x0b=\xb4\xb3\xcf\xc0\xaeAkP\xb5_\xac\x8e\xab\xd5\xfa\xfe\x05\xdbj}\xf3\x82u\xd0\x1f\x10<:\xd4F\xb5w\xee\xe7pb\xef\t)\xd1!\xaa\xde_-oE\xf5Y#.\xde)i\xc3\xdf\x87w\xb0\xd8\xc7lG\xb9\xee$0\x16\xaa\xb3\xdb\x7ft\x93\xa33\x1dY\xa6\xcd\x05\xd9\xd9C>\t\xb2s\x8bx\xca\xb4Y\x98\x1d\x03\xf7"\xed\xc3\xb9\xa1\x1e\x14b\x98\xaf2\x0f\xb8\xffq\xe1!\xdd\x98\x82\x01\xe6\x07B\xccu\xc1h\xf5\x19\x19\x81\x80P\x83\xdecm@!\xe7\x0c\xd2\x16\xd2\xb2c\x1cG\x0e\x128y\xc0\n\x7fx\x86\xbcgQ:\xa7{\x0f\x83\x9e\xc2_\x139\xec\x89|\x92S\xe8\x81\xe1\n\xd6\x82\x11P(>\x07\xb9\x96*\x0f\tE\x81\x9b}\xb6{\x88\x92\xf6\xb8\xf95\x8c\xdb\xbf\x88\xc9<\xc0\xd6i\xef\x17\xfcKK\xd0\x96\x1d\x88\xfe\x8fzXV\x9c\x1c\xfa\x89\x1e{\xce\x9f\x1f\x19\xbd\xf2\xc8\x05T\x82\x13\xc4`\x0b\xec\x04\xf8\xf8\x95\xf0\xcb5U\xa7\xa3\x0f_\x89^\x8a\x8d2\xeb\x93\xe1\x93\xd7\xc2\xd3\xfaE\xf4sWB\xd2W\xc2\x1c\x1bxR\x00\xc3s\x14\x001\x1e\xd2\x7fe\xde\x1a\xb3\xbaO\xfd\xf0|\x7f\x9b\x9a\x11\x17\xc5\xd7Q^\xcc\xe6a:\xf2o\xd2\xd9\xd8O\xd3d\xe4\xe7\xf3\xe4\xc6/\xf2\xa4(f\xe1hR\x16\xc9\xb7\xfe\xd6!\xd8\x80\xa1\r\x94t\xb5Qp\xbf\xb1\x97\xc9i\xaaDA|\x19D\xc3\xa3"5#\xe7\xd7d\xd4kR\na\xab\xf0\xb1*\xc99T\xa9\x8d\xda\xcb\xf2\xe7\x06+\x03\xaaW&:\x9f2\xe7ed\xdc3\xb2`\x94\x00\xba\xdb4\x9f\x9e\xf12:\x07/\x9a\x91\xbbM\xf3"5\xf1\xff\x90\xb4ET\x96\xe3\xf9l\xe2\x87aZ\xfai\x9e\xa4\xfe$\x9e\x8d\xfd|<\x8a\xe3I\x9a\\\xa6yyHZm#\xe7\x9b\xe6\xe4\\\xfd\xf1\xfd\xef7?\xbe\xffs\x86\\\r\x1ewZ\xd0\x9a[m\xba\x19\xda(\x9ay_\xf3|2\x8e\x8b4\xf7\xf3()\xfdd>\xb9\xf4g\xe5x\xe4\x97\xa3a\x92\x14y:+\x867\xdfl\xc7\x16%\xd3J\x81k\x07\x7f\'}#\x19%?\xb5\x92\r\xad\x94\xd0\xa26\x17\x95h\xba\x9e4\x90\xe2\x0b()\xa8kK\xa3\xb0k$\xb7\xd8^\r\x93(\x9c\xc4\x97\x93\xb1+\x8f\xc0\xf9\xd6\x8f\xce[+\xfc\xc2\xc6/\xa7\x15S\xef\xb1\xbc\xdf\xba$i\xdc=W\xb8%I\xf9\xaa\xcb\x91\xa3\x89\x8d\xbd\xef\xc3\xaf\xff\x05PK\x03\x04\x14\x00\x00\x00\x08\x00\x89+-\\\x80e\xe1\x88\xbb\x00\x00\x006\x01\x00\x00-\x00\x00\x00ppt/slideLayouts/_rels/slideLayout10.xml.rels\x8d\xcf\xb1j\xc30\x14\x05\xd0\xbd_!\xb4h\xaadg(\xa5X\xceR\n\x19\xb2\x04\xf7\x03\x84\xf4l\x8bH\xef\t=%8\x7f\x9f5\x86\x0e]/\x97s\xb9\xc3q\xcbI\xdc\xa1r$\xb4\xaa\xd7\x9d\x12\x80\x9eB\xc4\xc5\xaa\xdf\xe9\xe7\xfdS\tn\x0e\x83K\x84`\xd5\x03X\x1d\xc7\xb7\xe1\x02\xc9\xb5H\xc8k,,\xb6\x9c\x90\xad\\[+_\xc6\xb0_!;\xd6T\x00\xb7\x9cf\xaa\xd95\xd6T\x17S\x9c\xbf\xba\x05\xcc\xa1\xeb>L}5\xe4\xb83\xc5)XYO\xa1\x97bz\x14\xf8\x8fM\xf3\x1c=|\x93\xbfe\xc0\xf6\xc7\x84\xe1\x14\x03\x9c\x1d7\xa8RL\xae.\xd0\xac\xd4\xfa5\xdf\x95z\xbd\xe5$\xcd8\x98\xdd\xdd\xf1\tPK\x03\x04\x14\x00\x00\x00\x08\x00\x89+-\\\xe8\xe4I\xd19\x03\x00\x00\xb3$\x00\x00(\x00\x00\x00ppt/printerSettings/printerSettings1.bin\xedYOo\xda0\x14\xcfv\x83o\xb0[\x96;1\xb4\xactS\x9a\xaa\x83\xa2!A\x1b\x15\xa8\xb4S\xe5&n\xe66\xd8\x91\xf3X\xc7>\xd2\xbe\xdf\xeeS\x02\x01\x13\x08\x84\x1e\xd6$\xea\x05\x05\xc7~\xf9\xfd\xb1_\xec\x97\xf7\x8a\xa2\xbcS\x14\xe5\xcf\x07E1\xce\x7fM<\xf5\'\x11\x01\xe5\xecLk\xe8uM%\xcc\xe6\x0ee\xee\x996\x1euk\xa7\xda\xb9Y5>v\xae\xdb\xa3\xef\xd6\xa5\xea{4\x00\xd5\x1a\x7f\xed\xf7\xda\xaaVC\xe8\xc2\xf7=\x82Pg\xd4Q\xad~o8R\x1bz\x1d\xa1\xcb+M\xd5~\x00\xf8_\x10z~~\xd6q\xd8K\xb7\xf9$\xec\x18 Kp\x9f\x08\x98\xf5i\x00\xb5\x86^\xd7\x1dp4\xb3j\xcc\xa3\xaf\xc11\xab\x86Cm0\xab\x15\xe3\x89\xccL\x9bO\x16\xc1|A\x19\xe8\x16vI\x97\x8b\t\x06\xdd\x1a|\xe3\x82\xfe\xe6\x0c\xb0wC\x02\x03\x85\xfd\xab\x95x\xf8\xf6\xf1@\xed\'\x02\xba-\x08\x06.\xe21\x15#\x00A\x99+u\x7f\xe4\xf7\xf3\xbe\x06Z\xdc\xdb\x13\x92\x02\x99\\\x08\x81g\xab\xa08\xfc\x1b^\xad@U^J+\x1c)\x08\xf6\xcc\xd6\x91\x81\xa2\x8b\xf4h\x0bD\x01` ]\x0f\xbbr\x0c\xca\x80\xb8D\x98u\x03\xc5\x97\x11@\xb4\x94\r\xc5\xb0\x97m\xfb!_\x0bJ\x18`\xa0\x9c\x95\xc7\x87-\xa4d\x05\x1b\xeb\n\xe6\xc5\x8a\xa1\x8d=\xca\xdc\xf2\xd8\x90 \xb4\\\x08\x8d\x1c\xae\x83["\x80\xda%\xcbG[H\xe5;\x1b\xc5\x80K\xb7\x14R\x88\xe5mI\x04\xd3\xfb\xd1\xfc9>\xf6\x89\xb8\xa3\xec\x81\xdf\xc5\x9am\xf3\xc2\x1aXV\xc7\n\xfb\xb6\xb9C\xae\xf0\x84\xac\xa4Z\xeas\x88kYm;\xd07\xd98\xd9\xb9\xbd,$D}\x02@\xc4\x1a\x88\xc3\xbdJ5KrK\xb2K\xf6p\x89t$0\x0b\xbc\xe8\xf56\x8c\xb0D\xd0\x0b-~\x06J\x12\xbc\xf1P\xcd\x87\x19#\xca]\\p\xf5S8Hx\x18\xaey9\x90{g\x82\xbdp\x1e\xa7\x01\x10\'l\xbc!6\x14\xd1\x8b\x97\x11LD\xdd\xa1\xf2\xee[\xf3]\xc1qS~\x13\xc5\xcd\x9fZ\'k\xcd\x92I\xb9\x9d\x07>\x11%\x9f\x08I\x86\x9b3!\xb2\xac\xd68\xdd\xe6iJs\xab\xb5}\x06|n\xe6y\x06\xf8D\xf4\xd8\x03\xd7\xadA\xa1\xb3\xf1a\xc4\x8a\x90\xa2W\xf8\xc7\x0c\x972Ggb\xf8\x96\xa4St*U\x96\xceF\xf1-M\xeb\xbe\xef\x947U\xa7\x91\xcb\xd9Q2\xe5I\x17V\xefv^\xd6\xdf\xa8\xa4\xd4\xeb\xfaQ=k\xed\x04f\xbe\xe4\xeb\x86A\t\xd1\xe6U\x07)\xf6\xee:E*\xd64\xa8Y\x91\xa6\x03\x8dw`I\xa41P\x03E\xdfD\xcc\xea{EQ\xfeVK\xf0\xc5\xa6\xc3\xed\xe9\x84\xb0\x05\xe3\xb0\x9e\xebs\xee\xcdU(te.\x0b1i\xb1\x86C\xa9\x1d\xd5&\x90\xef<\xac\xaf\xdaW,\x9c\x86\xbfC\x02@\x99\x1b\xe8\xd6\xa0\xcd}Z\xf4\xe2\xf5NJ9\xfd\x84\xb3\x89y\xd6\xe6\x9e\x87\x81\x94\xcd\x8b$\xafp(\x88)Ay\xf3\xa0KE\x00a\xca.\x95\x03\x1b\xac\x8a\xb1 \xfa\xb8\x84^$I\xc9\n\x1e5\x9a\xad\xe6\xe9\xf1I\xb3\x95[O\xa2\xf3)f%3e\x83U\xf2\xa4\x95\xbaZ\xb2\x98\'\x9f\xa4^\xcfI\xf8\xef;_Y\xe4\xbd\x9b\xdf\x7fPK\x03\x04\x14\x00\x00\x00\x08\x00\x89+-\\p\x08\xca\x0cv\x05\x00\x00\xb3*\x00\x00\x15\x00\x00\x00ppt/slides/slide1.xml\xedZ\xdbr\xd3F\x18\xbe\xefSh4\xd3\xc9U\xb1$\xdb\xb2\xe2AaH\x8a\xb9\xe9!\x93\xa4\x0f \xa4\x95\xa3\x19\x9d\xba\xda\x18\xbbw\xb6\x08\x01\'\xe50@\xa6\x19\x0e\x81\xb6\x94b\x86\x96\x90\x966\xa4\xc0\xc3le;o\xd1\xd9\x95O\xb1M\x0c\x91S\x07\xc67\xd6J\xfb\xff\xff\xae\xf6\xff\xf6\xfbv\xbd:y*o\x99L\x0e@\xcfply\x82?\xc1M0\xc0V\x1d\xcd\xb0\xb3\xf2\xc47\x0b\x99\xcf\xa4\t\xc6C\x8a\xad)\xa6c\x03y\xa2\x00\xbc\x89SS\x9f\x9ct\xd3\x9e\xa91y\xcb\xb4\xbd\xb4"\xb3\x8b\x08\xb9\xe9X\xccS\x17\x81\xa5x\'\x1c\x17\xd8y\xcb\xd4\x1dh)\xc8;\xe1\xc0lL\x83\xcay\xc3\xceZfL\xe081f)\x86\xcd6\xfc\xddw\xf1w!\xf0\x80\x8d\x14d8v\xbf \xf0]\x828\xban\xa8\xe0sG]\xb2\x80\x8d\xc2 \x10\x984\xa8\xb7h\xb8\x1e;u\xd2M\xab\xf3\xa6F\xae\x9e\xbb\x00\x01 %;w\x16\xba\xf3\xee,\xa4\xd5_\xe5f!ch2\xcb\xb3\x8c\xadX@f\xd9X\xa3\xa2aFo\xed\x1c-\xc4\xba\xdc\xb3\x1d&\x9e\x1b\x1a\xf6\x86\x16\x9a\xa1\x17@\x1eM;y\x86o\xb5A\x8c\x19\x94\x9fv\xf2\xa4\x07=M5cy\xf4\xaa\xa4\xf3:\xb4\xc8\xd5\xd1u&/\xb3\xc9\x04\xc7q\x1c\xcb\x14d6.\xd2b\x8c\xd4\x82<bT\x120\xc15\x0c\xd4B\xcb\x98\x84n\x07r\xa1\x87\xce\x02\xc7bHAf!P\x11K\x9e+\xb9/<\x14\x9a6M\xc8c\xdb\xc9\x18\xa6\x19\xf6.\xec\x93\x9b&\xbd\xd7\n\xa4\xf6\x9c\xa3\x15f!s\x1e*\xae\xccz\xdf.)\x10\x84\x1d2=4\x8f\n&\xa07.\xfd\x99\x85\x8cbfm\x995i{\x1a\xd0\xe7f!\xe3}\'\xb3\x82Dz|\x8e\x8c\x07\xa9\xf1\x1c\xd3\xd0H\xab\xf4\x06f\xcf\xcd\x98\x90\xc9)\xa6\xcc\n\xd3\xe2\xcct\xf3\x85\xf6\x99\x11\x10\xd8\x0c*\xb8@WT \xb3\xd8\x7f\x80K?c\xbf\x82K\x95\x86}\xd8`\xf8\x82\xe1\xd8\xd2\x1f4U\xbb\xb9]\x7f\xb2\x1a\xac\xfcR\xbbv\x11\x97\xfe\xc2\xa5\x1d\xec_\xc4\xfe\xfd\xea\xcd\x9d`\xfdB\xf5\xea\xb5\xea\x83K\xc4\x0bQ\xdfF\x04: \xcd\x81\xa0cs0"\xe2\xdd\x88\x10\x86\x8f\x08\x9e\xe3\xa4\x01\x90\x10\x92\xc2\x07\x01\t>\xd1\x80\x047\x00\x12\x89\xd3\xc9\xa4(\r\x1b\x12\xd5\x87O\x83\xd5\x8d\xa0\xbcS\xbb\xb2\x12\xac\xad\xe3\xe2\x93\xe0\xdau\\\xbc\x8e\x8b\x9b\xc1\xd5u\\*\xd7\xfe\xbc\x80\x8bo"\xa3"\xd1D\xc5\x1cP\x91bgM\xc0\xc4\xf7\xe1"\n\x1a\x84~\x04\x11"$\xc4\x82$E\xc6\xc2\xa1\xe6\xaa\xbd\x1fE\xe1\x93\x0e0y\x04&\xa1\xe5\x1c\xd0\x19C\xa3\x13\x83\xb6@\xc4\x01\xb4\xdaPT\x15\xd8\x88\xce\x19\x1ae\x0e\xe8\xc4J7L\xb3\xe5\x18\x1f\xec\xd8\xb0\xa7\xe3\xa4\xeb@E-ga\xb0s\xcb\x83\xb6\xec\xd8mg\xcb\xb0\x1d\xd8/\x80\xd9n9\xb4\x0f\xdf>|\xeb>s\t"s\xc61\xc9\\`\x14[]t\xa0\xcc\xaa\x08\x0e\x9eU\r\xa3\xc3\x003\xd9MW\x89!\xd1UJ8\x18\xa0\xa2\x18>\xa4\x08mK\xdc1g\xab\x11\x0b\xd8\xd5\xd7\xb5\xf2\x8b\xc8d$v\xe7<y\x049\x17\x85>9OH\xed\x9c\xa7\x92\xe2\x08rN3\xe5\x9e^BN\xc6h\x04\x0c\xcd\xde\x8a\x85\xd0C=\xad\xa3Fi\x16y\rIju\xbf]\xdf-m\xa3\x105\xec\xef\xd6\xfe\xd8\xc0\xfe\x06\xf6\xff!\x8b\x9c\xe2o\x9d+\x9f>\xf0\xf9\xc0_\x96\xffw\xf7\x05.\x96pq\x13\x97\xca\xc1\xcevpw%\xce\x05\x97.F\x9e(\xa9^\xd5\x16\x87\xa5\xda\x82(\x92\x9b\xb1j\x8fU\xfb\xfd\x81)u3xj\xf8\x0c\xde\x17\xa0c\xd5~\x7f\x86\xaaW\x9e\xef=X\x8bLF\x93\xdd9\x97\x86\x9f\xf38\'\xf4\xc9\xf9X\xb5\xff\'!\xab\xef\xfeX\xff\xf5\x07\xecoR\xd5^\xdb\xbb\xbf[\xdbx\xf9\xf1\xe9u\xf5\xf2\x9bz\xe5{\xec\xdf\xc2\xfeS\xb2D)\xae\xed\xdd\xbd\x17\xee\xc1#\xcf\x12\x9e\xeb\xd5\xec\xc9H\x9a\x9dJ\x8d\xb7\xdac\xd1\x1e\x82h\xf3|\xcf\x9f\xc5\xdc\xb0(|r\xbc\xdb\x1e\xben?\xfa\xa9\xba\xf5\xb2\xf6t=:)\xf5\x1e\x13\xf0G\x91\xf9\xf1\x9e{\x94\xb2\x86K\x15\xecoc\xff1u\xda\x0e\xf7\xdc\x9d\xe7\x0c\xc1\xb3+\xc1\xf2\xc3\x8fO\xcf\xeb+\x95`\xf5V\xb0\xfc0(\xdf\xc6~\x11\x97\x1ea\xdf\xc7\xa5\xdf\xab\x8f7\xeb\xfe\xab\xe8\xb3\'\xde+\xe9\xbc04M\x1fo\xc4\xc7\x9a~xMO\xf40{\xfc\x08\x98}\xbc\x17\x1f\xd6y\xdf\x9d\xcd\xe0\xf5rP\xde\xa9\xde\xbb\x13\x9d\x98Z\x87\'s\xce\x92\xad\x01\x8d\xe9 \xa8\xc4\xd0\x08\xaa\xff\xa6\\\xea8\xec\xedX\xf2\x1d\x90}\xd2\xc7\xb9C\xf3\xd4\x99\xe9\x8c\x94\xc9\xf4\xe7)\xe6\xbc\xcc\x8a\xf1\xe4 \x01:#\x9c\x912}R:f\xb6\xe3\xc8l=\xa7D|\xf2\x08\x98-\xceM\x8a\x03\xd6\xac\xc2\xb1d62\xb4]\xdc\x16\x17F\xcamI.:\xa3\xa5z\x92.\x1eE\xd2\xa5\xd6\x92\xea-I?\xa6r\xd6\'\xe9|3\xe9\xa3Y~\x7f\xca\x84\xa7z\xd5\x8d\xd2\xde\xfa\x8d\xe0r\xb9\xfa\xf7\xed\xe80\xe89_\xe0\x87u\xc0\xd0q\x0269I\x8a\x07~\xc5\x94 S\xeaCX\xd5p\xa3\xfd\x8a\xc9_\x0e\xeeoun5\xeb\x95\xe7Luu9xu#\xcd\x04[[\xb5\x9b\xcf\xde\t\x14\xf4\x12~M\x19k\x7f`\xa9\x9a\xf0K\xc5\xfd:G[\xb3\x14\x0f\x018C\x1f\xb9\x86\x9d\r\x07\xb6\xc3\x84\xc40\xb5\xa9\xff\x00PK\x03\x04\x14\x00\x00\x00\x08\x00\x89+-\\f\xbam}\xbc\x00\x00\x006\x01\x00\x00 \x00\x00\x00ppt/slides/_rels/slide1.xml.rels\x8d\xcf\xb1j\xc30\x14\x05\xd0\xbd_!\xb4h\x8a\xe4thK\xb1\x9c%\x04\x02\x9d\x8a\xfb\x01\x0f\xe9\xd9\x16\x91\xf4\x84\x9eR\xec\xbf\xef\x1aC\x86\xae\x97\xcb\xb9\xdc\xfe\xb4\xa6(~\xb1r\xa0l\xd5QwJ`v\xe4C\x9e\xad\xfa\x19/\x87\x0f%\xb8A\xf6\x10)\xa3U\x1b\xb2:\r/\xfd7Fh\x812/\xa1\xb0XS\xccl\xe5\xd2Z\xf94\x86\xdd\x82\tXS\xc1\xbc\xa68QM\xd0XS\x9dM\x01w\x83\x19\xcdk\xd7\xbd\x99\xfah\xc8ag\x8a\xab\xb7\xb2^\xfdQ\x8aq+\xf8\x1f\x9b\xa6)8<\x93\xbb\'\xcc\xed\xc9\x84\xe1\x18<~\xc1F\xf7&\xc5\x08u\xc6f\xa5\xd6\x8f\xf9\xae\xf4\xae\xd7\x14\xa5\x19z\xb3\xbb;\xfc\x01PK\x03\x04\x14\x00\x00\x00\x08\x00\x89+-\\Z\xa0\x0e\xad\xa6\x05\x00\x00\xe3\x0f\x00\x00\x17\x00\x00\x00docProps/thumbnail.jpeg\xedVkPTe\x18~\xce\xf9\xbe\xb3\x8b@;\xae"(6\xb8"\n9\xe8,`\n\x99\x1a\xec.\xb0\x88\x88\x0b(0\xcd8\xcbr`W\x0e\xbb\xeb\xd9]@\x86f\x92.V\x7f\xf2\xd2\xfdO\x88V\xd64\xd3XYh5A\x99ZS\xa3f\xa8(\xe3\x84Qa\xb7\xf1Rv\x1b\xdd\xe6;{U!-\xff\xf2\xfey\xdf}\xbf\xe7\xbd<\xef\xf7\xcew\xd6\x7f\xd2\xff5&\x96\x14\x9a\x0b\xc1q\x1c\x8aQ\x0c\xf8\xcf\xaa{\xcc\x06\xc3\xdar\xcb\xcaBs\xa9\t\x1c\x07\xa8wY\xddn\x89\xd7\x01\xcdN\xafl)*\xd0U\xd7\xd4\xea\xd4\x03\xe01\rqHF\x9c\xd5\xe6q\xe7\x97\x97\x97\x02\x00\xc3\xe2\x06\xb9|\x1c\x1c\xd3\xc7\xe6\x8d~\xfe\xaf\x12W/zl\x00\x17\x03\xc0U\xef\xb15\x03\\\x1b H6\xb7\xec\x05T\xc3\x00r[\xbdn/\xa0\xbe\x13@\x82\\]S\x0b\xa8\xf5\xccn\x0c\xd8Ff\xd7\x05\xecj\x05Si1\x00j\xd6\x8b\xc6f\xb7\xd6\x03\xea\x0e\x00\x99uQ\xfe\xc6(;\xd0\x83"\tE\xa2S\x94\x1d6\x1d\x9bE\xb9\xecjpHbT\xbb79\xbeEi\x96|\xa1z)\x00\xe2=M\x15\xcb\x01d0\xeev\xb9\xd8\x12\xb4\xbblVS\x05\x804\x80;\xe4\xf6\x160\xff\x1c\x80\xfb\xc9\xd7T\x95\x0f`.\xc0Oj\x90\x0b\xab\x02x\xfe\xdev{\xe5\x1a\x00\x89\x00_\xef\xf0\x9a+\x83\xfevg]\xd9\xca@,\xdf\xdd\xe4Zn\tb\x0e\xd9<\x86Z\x00\xa9\x00\x7f\xc6.\x9a\xd9\x1d\xa7\x00\x04\xf5\xa2\xd1\xc4\xe6\x05\x90\x14\xbb\xaf8\x98\x9f\x94xZ*L\xa1<\xedvCY \x0f\x91\xd7YK\xca\x01$\x03\xe41\xd9ea\xb5\xd2\x00\xd2-JE\xacV*@\x0e\xb8\xbd\xe5\xc1\x1e\xc8\x88S*c\xb52\x00\xaa\x11=\nG\xc5\xef\xb5W\x16\x07b\xe9B\xaf\\\x19\x8c\xa5\xb5\r\x8eBs\x10\xdf\xe1\x96\x94]\xcc\x04\xe8N\xd9g\xa9\nb\x8eXeSQ \x0f\xbd(:\xab\x829\x85\xa9\xf5V#\x9b\xed|@X\x8a\xd5\x9c\x15"\\\xa8\x83\x08\x1b\x9c\xb8\x02\x1d,(B\x01tpC\x86\x0b\rp@B\x11D8!B\x86\x83\xbb\x03Mp\x8c\x81+W0\x01;\x82hT\xa2GX4lc`\x02\x15\xce\x051.\x9aD\xf54\x87\xea\xe9bZJ\x97\xd0\\\x9a\x07\x1d]F\xef\xa3K\xa9\x91\xeai\x1e]\x1c\x8e-\x8f\xaa\xcfj\x9d\x0b\xe7Y\x0f\x1fD\x05\xb7\x1a\x05\x9b\x93}\x19\x91z\x9d\xf2Z\x87\xed\xf0\x93\xe7\xaf\x89v\xdd\xd0\xb3\x18\xea\'z\x02\xf0\xa0)\x8c\x9c\x17\xcd\xff`\xc7\xfbS#9\xfai\xcf\xfd\xc7\xe2\x0fv`\xe5\xcd\xe6+\x0c\x0b#B\xbf0,\x0c\x08\x83\x11\x84pZ\x18\x14\x06\x85\x01\xe4C\x82\xa4t\xd4\x0c\x11\x0e\xa5\x0fOT\x07\xd1\x1c\xfa \xc1\x0b+$\x0c\xc1\tW\x14\xee\x9a\x8a\r\xce\xcd\xc9\x91\x136\tqS\xd9\xe52tfF\xbc\xfa\x13\xfa\x9f\xf5\xfd\xfa\xed\xfa\x9d\xfa\x1f\xaf\x9b\xf2\xa8S"\xdb\xc8\x1e\xf2\x01\xd9K\xf6\x91\xcf\xa1#\xbd\xa4\x8f|H\x0e\x907\xc8{Qw5\xf6~\x84\xef^\xe1\x1bb\xcbNF\x9b\xb5\x08IS\xa0\x99\xae\x99\xa51jfhfkJ#\xf94I\x9a,M\xb1&]c\xd4L\x0f\xdf[t\xbdh.\x0e\xd4@\nOu\xf4Z\x01\\\x15\x9cp\xa0Ua\xe0Q&\xec\xc4\x86\xeb\xf6?\x18MSh\x165_\xb7\xb5\xb9l\x97C\x08\x95IeT\xe5C\xa7\x9a\xab\xcaSe\xa9J\x98\x1d\xeaO\x95\xae2\xaa\xf2T\xe9*\xd35[g\x1b\x83\x81\x18\x85\x8a\xe69O\xd9:\xb6\xab,\xbaE9\xf3@\xf4\x8am^\xf6\xd0\x1a\\\xee\r\xb2\xa3\xd1\xee\xd5e\xeb\xf5\x8bt\xf9n\xb7$\xea\xccN\xdb\xfcL\x9dU\x92t\xca\x91G\'\x8b\x1eQn\x11\xeb\xe7\x83}\x07\x03O\xf4%\x8b\xf2}\xe3\x12\x0fG|\xde\x15\xc0\x92_\x00r$\xe2\xab\xf5\x01\xaf{\x80\xa4\x05\x11_F20\xe5E\xa0g\xa1\xcd\'\xb7\x04\xdf|\x8e\xfb\x02\xf04\xe4d\x07~\xc5\x17\x00\xc2\x19\xbf\xff\xd2\x1c@\xbd\x15\xb8\xb2\xc5\xef\xff\xbb\xdb\xef\xbf\xb2\x03 \x83@\xaf\xe4\x1f\x82\xd7\xd4\xe6h\x00V\xac`\xaf>b@\xb9d\x08,\x1a\xc0Rnz\xd8.\xe42@\x14\x9b\x0769@\x83~\xf6V3)\x0e\xfe\x0eh\xbe\x8b\x0f!8t\x910\xba\x97A\xfd\xa7a`\xff\x1enKX\x92\xdb\xcd\xc1\xf9{\xa1\x8dA/\x07\xc2i\xc1k9\xa2\xe5\xfc\xfb1\x03\xe0\x84\x00 \xf4a\xe5xB\x05\x95:fBl\x9c\x7f?\xf6L\x04\xcf\x11\xc2S"\x08\x94\x02\xdc\x03\x1cO@\xb5\xc2\xa4\x99Y\xf9\xaa\xc9\xab\xac\xea\xd4\xf5\t\xd9\x1b\xb7l\x8f\x99U\xb0\xbbo\x8a\xe5\xe8\xf9\xb4\x9c:\xb9sBlb\xd2\xd4i\xc9\xb3\xe7\xa4g\xdc5w\xc1\xdd\x0b\x17\xe5\xe6\xddc0\x9a\n\x8b\x8a\xcd%\x15\x95U\xab\xd7T\xd7\xd4\xda\xea\xc5\x86F\xbbc\x9d\xc7\xebkim\xdb\xd0\xfe\xd0\xc3\x8f<\xba\xe9\xb1\xc7\x9f\xd8\xba\xed\xa9\xa7\x9fy\xf6\xb9\xe7_\xe8\xde\xb1\xf3\xa5\x97_\xd9\xf5\xeako\xbe\xf5\xf6\x9ew\xde\xed\xd9\xbb\xef\xa3\x8f\xf7\x7fr\xe0\xe0\xa1O?\xfb\xf2\xd8W\xfd\xc7O\x9c\x1c85t\xf6\x9b\xe1o\xbf\xfb~\xe4\xdc\x0f\x17.^\xfa\xf5\xb7\xcb\xbf\xff\xf1\xe7_\x8c\x17\xe3\x19\x92Qyi\xc1s<\xa5\x84\xaa\x19/\x8eoe\x00-\x15ff\xa9&\xe5\xafR[\xd7ON\xcd\xde\x18\x93P\xb0e\xfb\xee\xbe\t\xb3r,\xe7\xa7\xd4\xc9Gc\x13\xd3\x16\x0c\xcd\xbe\xc0\xa8)\xccn\x8dX\xe7\xffb\x16&\x16\xe1u\n\xf1\x84\x03\xaf%Z,\xc3\xd5\xab\x19\xe8\xe2\x1f\x8c\xc5\xb8\x1aW\xe3j\\\x8d\xab\xae\xff\xa6\xfc\x03\xff\x00PK\x01\x02\x14\x00\x14\x00\x00\x00\x08\x00\x89+-\\\xc6\xaf\xc4g\xb9\x01\x00\x00\xba\x0c\x00\x00\x13\x00\x00\x00\x00\x00\x00\x00\x00\x00\x00\x00\x80\x01\x00\x00\x00\x00[Content_Types].xmlPK\x01\x02\x14\x00\x14\x00\x00\x00\x08\x00\x89+-\\\xf1\r7\xec\x00\x01\x00\x00\xe1\x02\x00\x00\x0b\x00\x00\x00\x00\x00\x00\x00\x00\x00\x00\x00\x80\x01\xea\x01\x00\x00_rels/.relsPK\x01\x02\x14\x00\x14\x00\x00\x00\x08\x00\x89+-\\\x8b\x14\xfc\xe3{\x01\x00\x00\xdb\x02\x00\x00\x11\x00\x00\x00\x00\x00\x00\x00\x00\x00\x00\x00\x80\x01\x13\x03\x00\x00docProps/core.xmlPK\x01\x02\x14\x00\x14\x00\x00\x00\x08\x00\x89+-\\\x9e\xd0\x8ey\xf2\x01\x00\x00m\x04\x00\x00\x10\x00\x00\x00\x00\x00\x00\x00\x00\x00\x00\x00\x80\x01\xbd\x04\x00\x00docProps/app.xmlPK\x01\x02\x14\x00\x14\x00\x00\x00\x08\x00\x89+-\\\x15\xf3B\xc7E\x02\x00\x00\xb6\x0c\x00\x00\x14\x00\x00\x00\x00\x00\x00\x00\x00\x00\x00\x00\x80\x01\xdd\x06\x00\x00ppt/presentation.xmlPK\x01\x02\x14\x00\x14\x00\x00\x00\x08\x00\x89+-\\R\x9cP\xc9\x1d\x01\x00\x00q\x04\x00\x00\x1f\x00\x00\x00\x00\x00\x00\x00\x00\x00\x00\x00\x80\x01T\t\x00\x00ppt/_rels/presentation.xml.relsPK\x01\x02\x14\x00\x14\x00\x00\x00\x08\x00\x89+-\\\\\x9cG\x14F\x01\x00\x00\x89\x02\x00\x00\x11\x00\x00\x00\x00\x00\x00\x00\x00\x00\x00\x00\x80\x01\xae\n\x00\x00ppt/presProps.xmlPK\x01\x02\x14\x00\x14\x00\x00\x00\x08\x00\x89+-\\g3&\x8d\xa3\x01\x00\x00\x82\x03\x00\x00\x11\x00\x00\x00\x00\x00\x00\x00\x00\x00\x00\x00\x80\x01#\x0c\x00\x00ppt/viewProps.xmlPK\x01\x02\x14\x00\x14\x00\x00\x00\x08\x00\x89+-\\\x93\nmu!\x06\x00\x00\xe7\x1d\x00\x00\x14\x00\x00\x00\x00\x00\x00\x00\x00\x00\x00\x00\x80\x01\xf5\r\x00\x00ppt/theme/theme1.xmlPK\x01\x02\x14\x00\x14\x00\x00\x00\x08\x00\x89+-\\\xd8\xfd\x8d\x8f\xa5\x00\x00\x00\xb6\x00\x00\x00\x13\x00\x00\x00\x00\x00\x00\x00\x00\x00\x00\x00\x80\x01H\x14\x00\x00ppt/tableStyles.xmlPK\x01\x02\x14\x00\x14\x00\x00\x00\x08\x00\x89+-\\\xa6-\xa25\xeb\x06\x00\x00\xd2.\x00\x00!\x00\x00\x00\x00\x00\x00\x00\x00\x00\x00\x00\x80\x01\x1e\x15\x00\x00ppt/slideMasters/slideMaster1.xmlPK\x01\x02\x14\x00\x14\x00\x00\x00\x08\x00\x89+-\\\x19\xcb\xf1\xf9\r\x01\x00\x00\xc6\x07\x00\x00,\x00\x00\x00\x00\x00\x00\x00\x00\x00\x00\x00\x80\x01H\x1c\x00\x00ppt/slideMasters/_rels/slideMaster1.xml.relsPK\x01\x02\x14\x00\x14\x00\x00\x00\x08\x00\x89+-\\K\x89PW\xc0\x03\x00\x00\xad\x0c\x00\x00"\x00\x00\x00\x00\x00\x00\x00\x00\x00\x00\x00\x80\x01\x9f\x1d\x00\x00ppt/slideLayouts/slideLayout11.xmlPK\x01\x02\x14\x00\x14\x00\x00\x00\x08\x00\x89+-\\\x80e\xe1\x88\xbb\x00\x00\x006\x01\x00\x00-\x00\x00\x00\x00\x00\x00\x00\x00\x00\x00\x00\x80\x01\x9f!\x00\x00ppt/slideLayouts/_rels/slideLayout11.xml.relsPK\x01\x02\x14\x00\x14\x00\x00\x00\x08\x00\x89+-\\\x00\xfd\xec\r\'\x04\x00\x00\x05\x11\x00\x00!\x00\x00\x00\x00\x00\x00\x00\x00\x00\x00\x00\x80\x01\xa5"\x00\x00ppt/slideLayouts/slideLayout1.xmlPK\x01\x02\x14\x00\x14\x00\x00\x00\x08\x00\x89+-\\\x80e\xe1\x88\xbb\x00\x00\x006\x01\x00\x00,\x00\x00\x00\x00\x00\x00\x00\x00\x00\x00\x00\x80\x01\x0b\'\x00\x00ppt/slideLayouts/_rels/slideLayout1.xml.relsPK\x01\x02\x14\x00\x14\x00\x00\x00\x08\x00\x89+-\\\x01W\xe8\x8bq\x03\x00\x00\x96\x0b\x00\x00!\x00\x00\x00\x00\x00\x00\x00\x00\x00\x00\x00\x80\x01\x10(\x00\x00ppt/slideLayouts/slideLayout2.xmlPK\x01\x02\x14\x00\x14\x00\x00\x00\x08\x00\x89+-\\\x80e\xe1\x88\xbb\x00\x00\x006\x01\x00\x00,\x00\x00\x00\x00\x00\x00\x00\x00\x00\x00\x00\x80\x01\xc0+\x00\x00ppt/slideLayouts/_rels/slideLayout2.xml.relsPK\x01\x02\x14\x00\x14\x00\x00\x00\x08\x00\x89+-\\\x8b`\xedZb\x04\x00\x00X\x11\x00\x00!\x00\x00\x00\x00\x00\x00\x00\x00\x00\x00\x00\x80\x01\xc5,\x00\x00ppt/slideLayouts/slideLayout3.xmlPK\x01\x02\x14\x00\x14\x00\x00\x00\x08\x00\x89+-\\\x80e\xe1\x88\xbb\x00\x00\x006\x01\x00\x00,\x00\x00\x00\x00\x00\x00\x00\x00\x00\x00\x00\x80\x01f1\x00\x00ppt/slideLayouts/_rels/slideLayout3.xml.relsPK\x01\x02\x14\x00\x14\x00\x00\x00\x08\x00\x89+-\\O\xca\x82\x1c\x11\x04\x00\x00h\x12\x00\x00!\x00\x00\x00\x00\x00\x00\x00\x00\x00\x00\x00\x80\x01k2\x00\x00ppt/slideLayouts/slideLayout4.xmlPK\x01\x02\x14\x00\x14\x00\x00\x00\x08\x00\x89+-\\\x80e\xe1\x88\xbb\x00\x00\x006\x01\x00\x00,\x00\x00\x00\x00\x00\x00\x00\x00\x00\x00\x00\x80\x01\xbb6\x00\x00ppt/slideLayouts/_rels/slideLayout4.xml.relsPK\x01\x02\x14\x00\x14\x00\x00\x00\x08\x00\x89+-\\\xe9\xa4\xc4\x8f\xdf\x04\x00\x006\x1c\x00\x00!\x00\x00\x00\x00\x00\x00\x00\x00\x00\x00\x00\x80\x01\xc07\x00\x00ppt/slideLayouts/slideLayout5.xmlPK\x01\x02\x14\x00\x14\x00\x00\x00\x08\x00\x89+-\\\x80e\xe1\x88\xbb\x00\x00\x006\x01\x00\x00,\x00\x00\x00\x00\x00\x00\x00\x00\x00\x00\x00\x80\x01\xde<\x00\x00ppt/slideLayouts/_rels/slideLayout5.xml.relsPK\x01\x02\x14\x00\x14\x00\x00\x00\x08\x00\x89+-\\-\xb4&\xf5\x19\x03\x00\x00\xb8\x08\x00\x00!\x00\x00\x00\x00\x00\x00\x00\x00\x00\x00\x00\x80\x01\xe3=\x00\x00ppt/slideLayouts/slideLayout6.xmlPK\x01\x02\x14\x00\x14\x00\x00\x00\x08\x00\x89+-\\\x80e\xe1\x88\xbb\x00\x00\x006\x01\x00\x00,\x00\x00\x00\x00\x00\x00\x00\x00\x00\x00\x00\x80\x01;A\x00\x00ppt/slideLayouts/_rels/slideLayout6.xml.relsPK\x01\x02\x14\x00\x14\x00\x00\x00\x08\x00\x89+-\\\xeb\x17\x9fw\xed\x02\x00\x00g\x07\x00\x00!\x00\x00\x00\x00\x00\x00\x00\x00\x00\x00\x00\x80\x01@B\x00\x00ppt/slideLayouts/slideLayout7.xmlPK\x01\x02\x14\x00\x14\x00\x00\x00\x08\x00\x89+-\\\x80e\xe1\x88\xbb\x00\x00\x006\x01\x00\x00,\x00\x00\x00\x00\x00\x00\x00\x00\x00\x00\x00\x80\x01lE\x00\x00ppt/slideLayouts/_rels/slideLayout7.xml.relsPK\x01\x02\x14\x00\x14\x00\x00\x00\x08\x00\x89+-\\\xcd\xca\x8a\xd5\xb8\x04\x00\x00\xc2\x12\x00\x00!\x00\x00\x00\x00\x00\x00\x00\x00\x00\x00\x00\x80\x01qF\x00\x00ppt/slideLayouts/slideLayout8.xmlPK\x01\x02\x14\x00\x14\x00\x00\x00\x08\x00\x89+-\\\x80e\xe1\x88\xbb\x00\x00\x006\x01\x00\x00,\x00\x00\x00\x00\x00\x00\x00\x00\x00\x00\x00\x80\x01hK\x00\x00ppt/slideLayouts/_rels/slideLayout8.xml.relsPK\x01\x02\x14\x00\x14\x00\x00\x00\x08\x00\x89+-\\Z\xd3\xb4\x92v\x04\x00\x001\x12\x00\x00!\x00\x00\x00\x00\x00\x00\x00\x00\x00\x00\x00\x80\x01mL\x00\x00ppt/slideLayouts/slideLayout9.xmlPK\x01\x02\x14\x00\x14\x00\x00\x00\x08\x00\x89+-\\\x80e\xe1\x88\xbb\x00\x00\x006\x01\x00\x00,\x00\x00\x00\x00\x00\x00\x00\x00\x00\x00\x00\x80\x01"Q\x00\x00ppt/slideLayouts/_rels/slideLayout9.xml.relsPK\x01\x02\x14\x00\x14\x00\x00\x00\x08\x00\x89+-\\7\xc65\xf8\x8e\x03\x00\x00\xcd\x0b\x00\x00"\x00\x00\x00\x00\x00\x00\x00\x00\x00\x00\x00\x80\x01\'R\x00\x00ppt/slideLayouts/slideLayout10.xmlPK\x01\x02\x14\x00\x14\x00\x00\x00\x08\x00\x89+-\\\x80e\xe1\x88\xbb\x00\x00\x006\x01\x00\x00-\x00\x00\x00\x00\x00\x00\x00\x00\x00\x00\x00\x80\x01\xf5U\x00\x00ppt/slideLayouts/_rels/slideLayout10.xml.relsPK\x01\x02\x14\x00\x14\x00\x00\x00\x08\x00\x89+-\\\xe8\xe4I\xd19\x03\x00\x00\xb3$\x00\x00(\x00\x00\x00\x00\x00\x00\x00\x00\x00\x00\x00\x80\x01\xfbV\x00\x00ppt/printerSettings/printerSettings1.binPK\x01\x02\x14\x00\x14\x00\x00\x00\x08\x00\x89+-\\p\x08\xca\x0cv\x05\x00\x00\xb3*\x00\x00\x15\x00\x00\x00\x00\x00\x00\x00\x00\x00\x00\x00\x80\x01zZ\x00\x00ppt/slides/slide1.xmlPK\x01\x02\x14\x00\x14\x00\x00\x00\x08\x00\x89+-\\f\xbam}\xbc\x00\x00\x006\x01\x00\x00 \x00\x00\x00\x00\x00\x00\x00\x00\x00\x00\x00\x80\x01#`\x00\x00ppt/slides/_rels/slide1.xml.relsPK\x01\x02\x14\x00\x14\x00\x00\x00\x08\x00\x89+-\\Z\xa0\x0e\xad\xa6\x05\x00\x00\xe3\x0f\x00\x00\x17\x00\x00\x00\x00\x00\x00\x00\x00\x00\x00\x00\x80\x01\x1da\x00\x00docProps/thumbnail.jpegPK\x05\x06\x00\x00\x00\x00&\x00&\x00\xa3\x0b\x00\x00\xf8f\x00\x00\x00\x00', BytesIO)
======================== 1 failed, 1 warning in 0.81s =========================
